******************************************************************************
            TI ARM Clang Linker PC v2.1.3                      
******************************************************************************
>> Linked Thu Mar  7 13:32:39 2024

OUTPUT FILE NAME:   <crc_calculate_checksum_LP_MSPM0G3507_nortos_ticlang.out>
ENTRY POINT SYMBOL: "_c_int00_noargs"  address: 000002f9


MEMORY CONFIGURATION

         name            origin    length      used     unused   attr    fill
----------------------  --------  ---------  --------  --------  ----  --------
  FLASH                 00000000   00020000  00000410  0001fbf0  R  X
  SRAM                  20200000   00008000  0000020c  00007df4  RW X
  BCR_CONFIG            41c00000   00000080  00000000  00000080  R   
  BSL_CONFIG            41c00100   00000080  00000000  00000080  R   


SEGMENT ALLOCATION MAP

run origin  load origin   length   init length attrs members
----------  ----------- ---------- ----------- ----- -------
00000000    00000000    00000410   00000410    r-x
  00000000    00000000    000000c0   000000c0    r-- .intvecs
  000000c0    000000c0    00000328   00000328    r-x .text
  000003e8    000003e8    00000028   00000028    r-- .cinit
20200000    20200000    0000000c   00000000    rw-
  20200000    20200000    0000000c   00000000    rw- .data
20207e00    20207e00    00000200   00000000    rw-
  20207e00    20207e00    00000200   00000000    rw- .stack


SECTION ALLOCATION MAP

 output                                  attributes/
section   page    origin      length       input sections
--------  ----  ----------  ----------   ----------------
.intvecs   0    00000000    000000c0     
                  00000000    000000c0     startup_mspm0g350x_ticlang.o (.intvecs)

.text      0    000000c0    00000328     
                  000000c0    0000009a     libc.a : memcpy16.S.obj (.text:memcpy)
                  0000015a    00000002     startup_mspm0g350x_ticlang.o (.text.Default_Handler)
                  0000015c    00000068     libc.a : copy_decompress_lzss.c.obj (.text:decompress:lzss)
                  000001c4    0000004c     crc_calculate_checksum.o (.text.main)
                  00000210    00000046     driverlib.a : dl_crc.o (.text.DL_CRC_calculateBlock32)
                  00000256    00000002     --HOLE-- [fill = 0]
                  00000258    0000003c     libc.a : autoinit.c.obj (.text:__TI_auto_init_nobinit_nopinit)
                  00000294    00000034     ti_msp_dl_config.o (.text.SYSCFG_DL_initPower)
                  000002c8    00000030     ti_msp_dl_config.o (.text.SYSCFG_DL_SYSCTL_init)
                  000002f8    00000028     libc.a : boot_cortex_m.c.obj (.text:_c_int00_noargs)
                  00000320    00000024     ti_msp_dl_config.o (.text.SYSCFG_DL_GPIO_init)
                  00000344    00000018     driverlib.a : dl_crc.o (.text.DL_CRC_feedData32)
                  0000035c    00000018                 : dl_crc.o (.text.DL_CRC_setSeed32)
                  00000374    00000014                 : dl_crc.o (.text.DL_CRC_getResult32)
                  00000388    00000014                 : dl_common.o (.text.DL_Common_delayCycles)
                  0000039c    00000014     ti_msp_dl_config.o (.text.SYSCFG_DL_init)
                  000003b0    00000012     libc.a : copy_decompress_none.c.obj (.text:decompress:none)
                  000003c2    00000002     --HOLE-- [fill = 0]
                  000003c4    00000010     ti_msp_dl_config.o (.text.SYSCFG_DL_CRC_init)
                  000003d4    00000008     libclang_rt.builtins.a : aeabi_memcpy.S.obj (.text)
                  000003dc    00000004     startup_mspm0g350x_ticlang.o (.text.Reset_Handler)
                  000003e0    00000004     libc.a : pre_init.c.obj (.text._system_pre_init)
                  000003e4    00000004            : exit.c.obj (.text:abort)

.cinit     0    000003e8    00000028     
                  000003e8    00000011     (.cinit..data.load) [load image, compression = lzss]
                  000003f9    00000003     --HOLE-- [fill = 0]
                  000003fc    00000008     (__TI_handler_table)
                  00000404    00000008     (__TI_cinit_table)
                  0000040c    00000004     --HOLE-- [fill = 0]

.init_array 
*          0    00000000    00000000     UNINITIALIZED

.binit     0    00000000    00000000     

.data      0    20200000    0000000c     UNINITIALIZED
                  20200000    0000000c     crc_calculate_checksum.o (.data.gData32)

.stack     0    20207e00    00000200     UNINITIALIZED
                  20207e00    00000004     libc.a : boot_cortex_m.c.obj (.stack)
                  20207e04    000001fc     --HOLE--

__llvm_prf_cnts 
*          0    20200000    00000000     UNINITIALIZED

__llvm_prf_bits 
*          0    20200000    00000000     UNINITIALIZED

MODULE SUMMARY

       Module                         code   ro data   rw data
       ------                         ----   -------   -------
    .\
       startup_mspm0g350x_ticlang.o   6      192       0      
       ti_msp_dl_config.o             172    0         0      
       crc_calculate_checksum.o       76     0         12     
    +--+------------------------------+------+---------+---------+
       Total:                         254    192       12     
                                                              
    C:/ti/mspm0_sdk_1_30_00_03/source/ti/driverlib/lib/ticlang/m0p/mspm0g1x0x_g3x0x/driverlib.a
       dl_crc.o                       138    0         0      
       dl_common.o                    20     0         0      
    +--+------------------------------+------+---------+---------+
       Total:                         158    0         0      
                                                              
    C:\ti\ccstheia110\ccs\tools\compiler\ti-cgt-armllvm_2.1.3.LTS\lib\armv6m-ti-none-eabi/c/libc.a
       memcpy16.S.obj                 154    0         0      
       copy_decompress_lzss.c.obj     104    0         0      
       autoinit.c.obj                 60     0         0      
       boot_cortex_m.c.obj            40     0         0      
       copy_decompress_none.c.obj     18     0         0      
       exit.c.obj                     4      0         0      
       pre_init.c.obj                 4      0         0      
    +--+------------------------------+------+---------+---------+
       Total:                         384    0         0      
                                                              
    C:\ti\ccstheia110\ccs\tools\compiler\ti-cgt-armllvm_2.1.3.LTS\lib\clang/14.0.6/lib/armv6m-ti-none-eabi/libclang_rt.builtins.a
       aeabi_memcpy.S.obj             8      0         0      
    +--+------------------------------+------+---------+---------+
       Total:                         8      0         0      
                                                              
       Stack:                         0      0         512    
       Linker Generated:              0      33        0      
    +--+------------------------------+------+---------+---------+
       Grand Total:                   804    225       524    


LINKER GENERATED COPY TABLES

__TI_cinit_table @ 00000404 records: 1, size/record: 8, table size: 8
	.data: load addr=000003e8, load size=00000011 bytes, run addr=20200000, run size=0000000c bytes, compression=lzss


LINKER GENERATED HANDLER TABLE

__TI_handler_table @ 000003fc records: 2, size/record: 4, table size: 8
	index: 0, handler: __TI_decompress_lzss
	index: 1, handler: __TI_decompress_none


GLOBAL SYMBOLS: SORTED ALPHABETICALLY BY Name 

address   name                          
-------   ----                          
0000015b  ADC0_IRQHandler               
0000015b  ADC1_IRQHandler               
0000015b  AES_IRQHandler                
000003e4  C$$EXIT                       
0000015b  CANFD0_IRQHandler             
0000015b  DAC0_IRQHandler               
00000211  DL_CRC_calculateBlock32       
00000389  DL_Common_delayCycles         
0000015b  DMA_IRQHandler                
0000015b  Default_Handler               
0000015b  GROUP0_IRQHandler             
0000015b  GROUP1_IRQHandler             
0000015b  HardFault_Handler             
0000015b  I2C0_IRQHandler               
0000015b  I2C1_IRQHandler               
0000015b  NMI_Handler                   
0000015b  PendSV_Handler                
0000015b  RTC_IRQHandler                
000003dd  Reset_Handler                 
0000015b  SPI0_IRQHandler               
0000015b  SPI1_IRQHandler               
0000015b  SVC_Handler                   
000003c5  SYSCFG_DL_CRC_init            
00000321  SYSCFG_DL_GPIO_init           
000002c9  SYSCFG_DL_SYSCTL_init         
0000039d  SYSCFG_DL_init                
00000295  SYSCFG_DL_initPower           
0000015b  SysTick_Handler               
0000015b  TIMA0_IRQHandler              
0000015b  TIMA1_IRQHandler              
0000015b  TIMG0_IRQHandler              
0000015b  TIMG12_IRQHandler             
0000015b  TIMG6_IRQHandler              
0000015b  TIMG7_IRQHandler              
0000015b  TIMG8_IRQHandler              
0000015b  UART0_IRQHandler              
0000015b  UART1_IRQHandler              
0000015b  UART2_IRQHandler              
0000015b  UART3_IRQHandler              
20208000  __STACK_END                   
00000200  __STACK_SIZE                  
00000404  __TI_CINIT_Base               
0000040c  __TI_CINIT_Limit              
0000040c  __TI_CINIT_Warm               
000003fc  __TI_Handler_Table_Base       
00000404  __TI_Handler_Table_Limit      
00000259  __TI_auto_init_nobinit_nopinit
0000015d  __TI_decompress_lzss          
000003b1  __TI_decompress_none          
ffffffff  __TI_pprof_out_hndl           
ffffffff  __TI_prof_data_size           
ffffffff  __TI_prof_data_start          
00000000  __TI_static_base__            
000003d5  __aeabi_memcpy                
000003d5  __aeabi_memcpy4               
000003d5  __aeabi_memcpy8               
ffffffff  __binit__                     
UNDEFED   __mpu_init                    
20207e00  __stack                       
20200000  __start___llvm_prf_bits       
20200000  __start___llvm_prf_cnts       
20200000  __stop___llvm_prf_bits        
20200000  __stop___llvm_prf_cnts        
000002f9  _c_int00_noargs               
UNDEFED   _system_post_cinit            
000003e1  _system_pre_init              
000003e5  abort                         
ffffffff  binit                         
20200000  gData32                       
00000000  interruptVectors              
000001c5  main                          
000000c1  memcpy                        


GLOBAL SYMBOLS: SORTED BY Symbol Address 

address   name                          
-------   ----                          
00000000  __TI_static_base__            
00000000  interruptVectors              
000000c1  memcpy                        
0000015b  ADC0_IRQHandler               
0000015b  ADC1_IRQHandler               
0000015b  AES_IRQHandler                
0000015b  CANFD0_IRQHandler             
0000015b  DAC0_IRQHandler               
0000015b  DMA_IRQHandler                
0000015b  Default_Handler               
0000015b  GROUP0_IRQHandler             
0000015b  GROUP1_IRQHandler             
0000015b  HardFault_Handler             
0000015b  I2C0_IRQHandler               
0000015b  I2C1_IRQHandler               
0000015b  NMI_Handler                   
0000015b  PendSV_Handler                
0000015b  RTC_IRQHandler                
0000015b  SPI0_IRQHandler               
0000015b  SPI1_IRQHandler               
0000015b  SVC_Handler                   
0000015b  SysTick_Handler               
0000015b  TIMA0_IRQHandler              
0000015b  TIMA1_IRQHandler              
0000015b  TIMG0_IRQHandler              
0000015b  TIMG12_IRQHandler             
0000015b  TIMG6_IRQHandler              
0000015b  TIMG7_IRQHandler              
0000015b  TIMG8_IRQHandler              
0000015b  UART0_IRQHandler              
0000015b  UART1_IRQHandler              
0000015b  UART2_IRQHandler              
0000015b  UART3_IRQHandler              
0000015d  __TI_decompress_lzss          
000001c5  main                          
00000200  __STACK_SIZE                  
00000211  DL_CRC_calculateBlock32       
00000259  __TI_auto_init_nobinit_nopinit
00000295  SYSCFG_DL_initPower           
000002c9  SYSCFG_DL_SYSCTL_init         
000002f9  _c_int00_noargs               
00000321  SYSCFG_DL_GPIO_init           
00000389  DL_Common_delayCycles         
0000039d  SYSCFG_DL_init                
000003b1  __TI_decompress_none          
000003c5  SYSCFG_DL_CRC_init            
000003d5  __aeabi_memcpy                
000003d5  __aeabi_memcpy4               
000003d5  __aeabi_memcpy8               
000003dd  Reset_Handler                 
000003e1  _system_pre_init              
000003e4  C$$EXIT                       
000003e5  abort                         
000003fc  __TI_Handler_Table_Base       
00000404  __TI_CINIT_Base               
00000404  __TI_Handler_Table_Limit      
0000040c  __TI_CINIT_Limit              
0000040c  __TI_CINIT_Warm               
20200000  __start___llvm_prf_bits       
20200000  __start___llvm_prf_cnts       
20200000  __stop___llvm_prf_bits        
20200000  __stop___llvm_prf_cnts        
20200000  gData32                       
20207e00  __stack                       
20208000  __STACK_END                   
ffffffff  __TI_pprof_out_hndl           
ffffffff  __TI_prof_data_size           
ffffffff  __TI_prof_data_start          
ffffffff  __binit__                     
ffffffff  binit                         
UNDEFED   __mpu_init                    
UNDEFED   _system_post_cinit            

[72 symbols]
