******************************************************************************
            TI ARM Clang Linker PC v2.1.3                      
******************************************************************************
>> Linked Tue Jan 23 10:34:25 2024

OUTPUT FILE NAME:   <adc_to_uart_LP_MSPM0G3507_nortos_ticlang.out>
ENTRY POINT SYMBOL: "_c_int00_noargs"  address: 00000391


MEMORY CONFIGURATION

         name            origin    length      used     unused   attr    fill
----------------------  --------  ---------  --------  --------  ----  --------
  FLASH                 00000000   00020000  000004a8  0001fb58  R  X
  SRAM                  20200000   00008000  00000203  00007dfd  RW X
  BCR_CONFIG            41c00000   00000080  00000000  00000080  R   
  BSL_CONFIG            41c00100   00000080  00000000  00000080  R   


SEGMENT ALLOCATION MAP

run origin  load origin   length   init length attrs members
----------  ----------- ---------- ----------- ----- -------
00000000    00000000    000004a8   000004a8    r-x
  00000000    00000000    000000c0   000000c0    r-- .intvecs
  000000c0    000000c0    000003b8   000003b8    r-x .text
  00000478    00000478    00000018   00000018    r-- .rodata
  00000490    00000490    00000018   00000018    r-- .cinit
20200000    20200000    00000003   00000000    rw-
  20200000    20200000    00000003   00000000    rw- .bss
20207e00    20207e00    00000200   00000000    rw-
  20207e00    20207e00    00000200   00000000    rw- .stack


SECTION ALLOCATION MAP

 output                                  attributes/
section   page    origin      length       input sections
--------  ----  ----------  ----------   ----------------
.intvecs   0    00000000    000000c0     
                  00000000    000000c0     startup_mspm0g350x_ticlang.o (.intvecs)

.text      0    000000c0    000003b8     
                  000000c0    00000074     ti_msp_dl_config.o (.text.SYSCFG_DL_UART_0_init)
                  00000134    00000060     adc_to_uart.o (.text.main)
                  00000194    00000058     ti_msp_dl_config.o (.text.SYSCFG_DL_ADC12_0_init)
                  000001ec    0000004c     driverlib.a : dl_adc12.o (.text.DL_ADC12_setClockConfig)
                  00000238    0000004c                 : dl_uart.o (.text.DL_UART_init)
                  00000284    00000040     ti_msp_dl_config.o (.text.SYSCFG_DL_SYSCTL_init)
                  000002c4    00000040     ti_msp_dl_config.o (.text.SYSCFG_DL_initPower)
                  00000304    0000003c     libc.a : autoinit.c.obj (.text:__TI_auto_init_nobinit_nopinit)
                  00000340    00000028     driverlib.a : dl_adc12.o (.text.DL_Common_updateReg)
                  00000368    00000028                 : dl_uart.o (.text.DL_Common_updateReg)
                  00000390    00000028     libc.a : boot_cortex_m.c.obj (.text:_c_int00_noargs)
                  000003b8    00000024     driverlib.a : dl_uart.o (.text.DL_UART_setClockConfig)
                  000003dc    0000001c     adc_to_uart.o (.text.ADC0_IRQHandler)
                  000003f8    0000001c     ti_msp_dl_config.o (.text.SYSCFG_DL_GPIO_init)
                  00000414    00000018     ti_msp_dl_config.o (.text.SYSCFG_DL_init)
                  0000042c    00000016     driverlib.a : dl_uart.o (.text.DL_UART_disable)
                  00000442    00000014     libc.a : copy_zero_init.c.obj (.text:decompress:ZI:__TI_zero_init_nomemset)
                  00000456    00000010     driverlib.a : dl_common.o (.text.DL_Common_delayCycles)
                  00000466    00000004     startup_mspm0g350x_ticlang.o (.text.Reset_Handler)
                  0000046a    00000004     libc.a : pre_init.c.obj (.text._system_pre_init)
                  0000046e    00000004            : exit.c.obj (.text:abort)
                  00000472    00000002     startup_mspm0g350x_ticlang.o (.text.Default_Handler)
                  00000474    00000004     --HOLE-- [fill = 0]

.cinit     0    00000490    00000018     
                  00000490    00000008     (.cinit..bss.load) [load image, compression = zero_init]
                  00000498    00000004     (__TI_handler_table)
                  0000049c    00000008     (__TI_cinit_table)
                  000004a4    00000004     --HOLE-- [fill = 0]

.rodata    0    00000478    00000018     
                  00000478    0000000a     ti_msp_dl_config.o (.rodata.gUART_0Config)
                  00000482    00000002     ti_msp_dl_config.o (.rodata.gUART_0ClockConfig)
                  00000484    00000008     ti_msp_dl_config.o (.rodata.gADC12_0ClockConfig)
                  0000048c    00000004     --HOLE-- [fill = 0]

.init_array 
*          0    00000000    00000000     UNINITIALIZED

.binit     0    00000000    00000000     

.bss       0    20200000    00000003     UNINITIALIZED
                  20200000    00000002     (.common:gADCResult)
                  20200002    00000001     (.common:gCheckADC)

.stack     0    20207e00    00000200     UNINITIALIZED
                  20207e00    00000004     libc.a : boot_cortex_m.c.obj (.stack)
                  20207e04    000001fc     --HOLE--

__llvm_prf_cnts 
*          0    20200000    00000000     UNINITIALIZED

__llvm_prf_bits 
*          0    20200000    00000000     UNINITIALIZED

MODULE SUMMARY

       Module                         code   ro data   rw data
       ------                         ----   -------   -------
    .\
       startup_mspm0g350x_ticlang.o   6      192       0      
       adc_to_uart.o                  124    0         3      
    +--+------------------------------+------+---------+---------+
       Total:                         130    192       3      
                                                              
    .\syscfg\
       ti_msp_dl_config.o             384    20        0      
    +--+------------------------------+------+---------+---------+
       Total:                         384    20        0      
                                                              
    C:/ti/mspm0_sdk_1_20_01_06/source/ti/driverlib/lib/ticlang/m0p/mspm0g1x0x_g3x0x/driverlib.a
       dl_uart.o                      174    0         0      
       dl_adc12.o                     116    0         0      
       dl_common.o                    16     0         0      
    +--+------------------------------+------+---------+---------+
       Total:                         306    0         0      
                                                              
    C:\ti\ccstheia110\ccs\tools\compiler\ti-cgt-armllvm_2.1.3.LTS\lib\armv6m-ti-none-eabi/c/libc.a
       autoinit.c.obj                 60     0         0      
       boot_cortex_m.c.obj            40     0         0      
       copy_zero_init.c.obj           20     0         0      
       exit.c.obj                     4      0         0      
       pre_init.c.obj                 4      0         0      
    +--+------------------------------+------+---------+---------+
       Total:                         128    0         0      
                                                              
       Stack:                         0      0         512    
       Linker Generated:              0      20        0      
    +--+------------------------------+------+---------+---------+
       Grand Total:                   948    232       515    


LINKER GENERATED COPY TABLES

__TI_cinit_table @ 0000049c records: 1, size/record: 8, table size: 8
	.bss: load addr=00000490, load size=00000008 bytes, run addr=20200000, run size=00000003 bytes, compression=zero_init


LINKER GENERATED HANDLER TABLE

__TI_handler_table @ 00000498 records: 1, size/record: 4, table size: 4
	index: 0, handler: __TI_zero_init


GLOBAL SYMBOLS: SORTED ALPHABETICALLY BY Name 

address   name                          
-------   ----                          
000003dd  ADC0_IRQHandler               
00000473  ADC1_IRQHandler               
00000473  AES_IRQHandler                
0000046e  C$$EXIT                       
00000473  CANFD0_IRQHandler             
00000473  DAC0_IRQHandler               
000001ed  DL_ADC12_setClockConfig       
00000457  DL_Common_delayCycles         
00000239  DL_UART_init                  
000003b9  DL_UART_setClockConfig        
00000473  DMA_IRQHandler                
00000473  Default_Handler               
00000473  GROUP0_IRQHandler             
00000473  GROUP1_IRQHandler             
00000473  HardFault_Handler             
00000473  I2C0_IRQHandler               
00000473  I2C1_IRQHandler               
00000473  NMI_Handler                   
00000473  PendSV_Handler                
00000473  RTC_IRQHandler                
00000467  Reset_Handler                 
00000473  SPI0_IRQHandler               
00000473  SPI1_IRQHandler               
00000473  SVC_Handler                   
00000195  SYSCFG_DL_ADC12_0_init        
000003f9  SYSCFG_DL_GPIO_init           
00000285  SYSCFG_DL_SYSCTL_init         
000000c1  SYSCFG_DL_UART_0_init         
00000415  SYSCFG_DL_init                
000002c5  SYSCFG_DL_initPower           
00000473  SysTick_Handler               
00000473  TIMA0_IRQHandler              
00000473  TIMA1_IRQHandler              
00000473  TIMG0_IRQHandler              
00000473  TIMG12_IRQHandler             
00000473  TIMG6_IRQHandler              
00000473  TIMG7_IRQHandler              
00000473  TIMG8_IRQHandler              
00000473  UART0_IRQHandler              
00000473  UART1_IRQHandler              
00000473  UART2_IRQHandler              
00000473  UART3_IRQHandler              
20208000  __STACK_END                   
00000200  __STACK_SIZE                  
0000049c  __TI_CINIT_Base               
000004a4  __TI_CINIT_Limit              
000004a4  __TI_CINIT_Warm               
00000498  __TI_Handler_Table_Base       
0000049c  __TI_Handler_Table_Limit      
00000305  __TI_auto_init_nobinit_nopinit
ffffffff  __TI_pprof_out_hndl           
ffffffff  __TI_prof_data_size           
ffffffff  __TI_prof_data_start          
00000000  __TI_static_base__            
00000443  __TI_zero_init_nomemset       
ffffffff  __binit__                     
UNDEFED   __mpu_init                    
20207e00  __stack                       
20200000  __start___llvm_prf_bits       
20200000  __start___llvm_prf_cnts       
20200000  __stop___llvm_prf_bits        
20200000  __stop___llvm_prf_cnts        
00000391  _c_int00_noargs               
UNDEFED   _system_post_cinit            
0000046b  _system_pre_init              
0000046f  abort                         
ffffffff  binit                         
20200000  gADCResult                    
20200002  gCheckADC                     
00000000  interruptVectors              
00000135  main                          


GLOBAL SYMBOLS: SORTED BY Symbol Address 

address   name                          
-------   ----                          
00000000  __TI_static_base__            
00000000  interruptVectors              
000000c1  SYSCFG_DL_UART_0_init         
00000135  main                          
00000195  SYSCFG_DL_ADC12_0_init        
000001ed  DL_ADC12_setClockConfig       
00000200  __STACK_SIZE                  
00000239  DL_UART_init                  
00000285  SYSCFG_DL_SYSCTL_init         
000002c5  SYSCFG_DL_initPower           
00000305  __TI_auto_init_nobinit_nopinit
00000391  _c_int00_noargs               
000003b9  DL_UART_setClockConfig        
000003dd  ADC0_IRQHandler               
000003f9  SYSCFG_DL_GPIO_init           
00000415  SYSCFG_DL_init                
00000443  __TI_zero_init_nomemset       
00000457  DL_Common_delayCycles         
00000467  Reset_Handler                 
0000046b  _system_pre_init              
0000046e  C$$EXIT                       
0000046f  abort                         
00000473  ADC1_IRQHandler               
00000473  AES_IRQHandler                
00000473  CANFD0_IRQHandler             
00000473  DAC0_IRQHandler               
00000473  DMA_IRQHandler                
00000473  Default_Handler               
00000473  GROUP0_IRQHandler             
00000473  GROUP1_IRQHandler             
00000473  HardFault_Handler             
00000473  I2C0_IRQHandler               
00000473  I2C1_IRQHandler               
00000473  NMI_Handler                   
00000473  PendSV_Handler                
00000473  RTC_IRQHandler                
00000473  SPI0_IRQHandler               
00000473  SPI1_IRQHandler               
00000473  SVC_Handler                   
00000473  SysTick_Handler               
00000473  TIMA0_IRQHandler              
00000473  TIMA1_IRQHandler              
00000473  TIMG0_IRQHandler              
00000473  TIMG12_IRQHandler             
00000473  TIMG6_IRQHandler              
00000473  TIMG7_IRQHandler              
00000473  TIMG8_IRQHandler              
00000473  UART0_IRQHandler              
00000473  UART1_IRQHandler              
00000473  UART2_IRQHandler              
00000473  UART3_IRQHandler              
00000498  __TI_Handler_Table_Base       
0000049c  __TI_CINIT_Base               
0000049c  __TI_Handler_Table_Limit      
000004a4  __TI_CINIT_Limit              
000004a4  __TI_CINIT_Warm               
20200000  __start___llvm_prf_bits       
20200000  __start___llvm_prf_cnts       
20200000  __stop___llvm_prf_bits        
20200000  __stop___llvm_prf_cnts        
20200000  gADCResult                    
20200002  gCheckADC                     
20207e00  __stack                       
20208000  __STACK_END                   
ffffffff  __TI_pprof_out_hndl           
ffffffff  __TI_prof_data_size           
ffffffff  __TI_prof_data_start          
ffffffff  __binit__                     
ffffffff  binit                         
UNDEFED   __mpu_init                    
UNDEFED   _system_post_cinit            

[71 symbols]
