******************************************************************************
            TI ARM Clang Linker PC v2.1.3                      
******************************************************************************
>> Linked Sat Mar 16 13:42:51 2024

OUTPUT FILE NAME:   <adc_dma_ping_pong_LP_MSPM0G3507_nortos_ticlang.out>
ENTRY POINT SYMBOL: "_c_int00_noargs"  address: 000007fd


MEMORY CONFIGURATION

         name            origin    length      used     unused   attr    fill
----------------------  --------  ---------  --------  --------  ----  --------
  FLASH                 00000000   00020000  00000950  0001f6b0  R  X
  SRAM                  20200000   00008000  00004202  00003dfe  RW X
  BCR_CONFIG            41c00000   00000080  00000000  00000080  R   
  BSL_CONFIG            41c00100   00000080  00000000  00000080  R   


SEGMENT ALLOCATION MAP

run origin  load origin   length   init length attrs members
----------  ----------- ---------- ----------- ----- -------
00000000    00000000    00000950   00000950    r-x
  00000000    00000000    000000c0   000000c0    r-- .intvecs
  000000c0    000000c0    00000838   00000838    r-x .text
  000008f8    000008f8    00000040   00000040    r-- .rodata
  00000938    00000938    00000018   00000018    r-- .cinit
20200000    20200000    00004002   00000000    rw-
  20200000    20200000    00004002   00000000    rw- .bss
20207e00    20207e00    00000200   00000000    rw-
  20207e00    20207e00    00000200   00000000    rw- .stack


SECTION ALLOCATION MAP

 output                                  attributes/
section   page    origin      length       input sections
--------  ----  ----------  ----------   ----------------
.intvecs   0    00000000    000000c0     
                  00000000    000000c0     startup_mspm0g350x_ticlang.o (.intvecs)

.text      0    000000c0    00000838     
                  000000c0    000001d8     adc_dma_ping_pong.o (.text.main)
                  00000298    000000a4     ti_msp_dl_config.o (.text.SYSCFG_DL_ADC12_0_init)
                  0000033c    0000006c     adc_dma_ping_pong.o (.text.ADC0_IRQHandler)
                  000003a8    00000062     libc.a : memset16.S.obj (.text:memset)
                  0000040a    00000002     startup_mspm0g350x_ticlang.o (.text.Default_Handler)
                  0000040c    00000060     ti_msp_dl_config.o (.text.SYSCFG_DL_UART_0_init)
                  0000046c    0000005c     ti_msp_dl_config.o (.text.SYSCFG_DL_DMA_CH0_init)
                  000004c8    00000054     driverlib.a : dl_dma.o (.text.DL_DMA_configTransfer)
                  0000051c    0000004c                 : dl_adc12.o (.text.DL_ADC12_setClockConfig)
                  00000568    0000004c                 : dl_uart.o (.text.DL_UART_init)
                  000005b4    0000004c     ti_msp_dl_config.o (.text.SYSCFG_DL_initPower)
                  00000600    00000046     driverlib.a : dl_dma.o (.text.DL_DMA_initChannel)
                  00000646    00000002     --HOLE-- [fill = 0]
                  00000648    0000003c     libc.a : autoinit.c.obj (.text:__TI_auto_init_nobinit_nopinit)
                  00000684    00000038     driverlib.a : dl_dma.o (.text.DL_DMA_setTrigger)
                  000006bc    00000038     ti_msp_dl_config.o (.text.SYSCFG_DL_GPIO_init)
                  000006f4    00000034     driverlib.a : dl_vref.o (.text.DL_VREF_configReference)
                  00000728    00000030     ti_msp_dl_config.o (.text.SYSCFG_DL_SYSCTL_init)
                  00000758    0000002c     ti_msp_dl_config.o (.text.SYSCFG_DL_VREF_init)
                  00000784    00000028     driverlib.a : dl_adc12.o (.text.DL_Common_updateReg)
                  000007ac    00000028                 : dl_dma.o (.text.DL_Common_updateReg)
                  000007d4    00000028                 : dl_uart.o (.text.DL_Common_updateReg)
                  000007fc    00000028     libc.a : boot_cortex_m.c.obj (.text:_c_int00_noargs)
                  00000824    00000024     driverlib.a : dl_uart.o (.text.DL_UART_setClockConfig)
                  00000848    00000024                 : dl_vref.o (.text.DL_VREF_setClockConfig)
                  0000086c    00000020     ti_msp_dl_config.o (.text.SYSCFG_DL_init)
                  0000088c    0000001c     libclang_rt.builtins.a : aeabi_memset.S.obj (.text)
                  000008a8    00000016     driverlib.a : dl_uart.o (.text.DL_UART_disable)
                  000008be    00000010                 : dl_common.o (.text.DL_Common_delayCycles)
                  000008ce    00000010     libc.a : copy_zero_init.c.obj (.text:decompress:ZI)
                  000008de    00000008     ti_msp_dl_config.o (.text.SYSCFG_DL_DMA_init)
                  000008e6    00000004     startup_mspm0g350x_ticlang.o (.text.Reset_Handler)
                  000008ea    00000004     libc.a : pre_init.c.obj (.text._system_pre_init)
                  000008ee    00000004            : exit.c.obj (.text:abort)
                  000008f2    00000006     --HOLE-- [fill = 0]

.cinit     0    00000938    00000018     
                  00000938    00000008     (.cinit..bss.load) [load image, compression = zero_init]
                  00000940    00000004     (__TI_handler_table)
                  00000944    00000008     (__TI_cinit_table)
                  0000094c    00000004     --HOLE-- [fill = 0]

.rodata    0    000008f8    00000040     
                  000008f8    00000018     ti_msp_dl_config.o (.rodata.gDMA_CH0Config)
                  00000910    0000000c     ti_msp_dl_config.o (.rodata.gVREFConfig)
                  0000091c    0000000a     ti_msp_dl_config.o (.rodata.gUART_0Config)
                  00000926    00000002     ti_msp_dl_config.o (.rodata.gUART_0ClockConfig)
                  00000928    00000008     ti_msp_dl_config.o (.rodata.gADC12_0ClockConfig)
                  00000930    00000002     ti_msp_dl_config.o (.rodata.gVREFClockConfig)
                  00000932    00000006     --HOLE-- [fill = 0]

.init_array 
*          0    00000000    00000000     UNINITIALIZED

.binit     0    00000000    00000000     

.bss       0    20200000    00004002     UNINITIALIZED
                  20200000    00002000     (.common:gADCSamplesPing)
                  20202000    00002000     (.common:gADCSamplesPong)
                  20204000    00000001     (.common:gCheckADC)
                  20204001    00000001     (.common:gPing)

.stack     0    20207e00    00000200     UNINITIALIZED
                  20207e00    00000004     libc.a : boot_cortex_m.c.obj (.stack)
                  20207e04    000001fc     --HOLE--

__llvm_prf_cnts 
*          0    20200000    00000000     UNINITIALIZED

__llvm_prf_bits 
*          0    20200000    00000000     UNINITIALIZED

MODULE SUMMARY

       Module                         code   ro data   rw data
       ------                         ----   -------   -------
    .\
       adc_dma_ping_pong.o            580    0         16386  
       startup_mspm0g350x_ticlang.o   6      192       0      
    +--+------------------------------+------+---------+---------+
       Total:                         586    192       16386  
                                                              
    .\syscfg\
       ti_msp_dl_config.o             616    58        0      
    +--+------------------------------+------+---------+---------+
       Total:                         616    58        0      
                                                              
    C:/ti/mspm0_sdk_1_20_01_06/source/ti/driverlib/lib/ticlang/m0p/mspm0g1x0x_g3x0x/driverlib.a
       dl_dma.o                       250    0         0      
       dl_uart.o                      174    0         0      
       dl_adc12.o                     116    0         0      
       dl_vref.o                      88     0         0      
       dl_common.o                    16     0         0      
    +--+------------------------------+------+---------+---------+
       Total:                         644    0         0      
                                                              
    C:\ti\ccstheia110\ccs\tools\compiler\ti-cgt-armllvm_2.1.3.LTS\lib\armv6m-ti-none-eabi/c/libc.a
       memset16.S.obj                 98     0         0      
       autoinit.c.obj                 60     0         0      
       boot_cortex_m.c.obj            40     0         0      
       copy_zero_init.c.obj           16     0         0      
       exit.c.obj                     4      0         0      
       pre_init.c.obj                 4      0         0      
    +--+------------------------------+------+---------+---------+
       Total:                         222    0         0      
                                                              
    C:\ti\ccstheia110\ccs\tools\compiler\ti-cgt-armllvm_2.1.3.LTS\lib\clang/14.0.6/lib/armv6m-ti-none-eabi/libclang_rt.builtins.a
       aeabi_memset.S.obj             28     0         0      
    +--+------------------------------+------+---------+---------+
       Total:                         28     0         0      
                                                              
       Stack:                         0      0         512    
       Linker Generated:              0      20        0      
    +--+------------------------------+------+---------+---------+
       Grand Total:                   2096   270       16898  


LINKER GENERATED COPY TABLES

__TI_cinit_table @ 00000944 records: 1, size/record: 8, table size: 8
	.bss: load addr=00000938, load size=00000008 bytes, run addr=20200000, run size=00004002 bytes, compression=zero_init


LINKER GENERATED HANDLER TABLE

__TI_handler_table @ 00000940 records: 1, size/record: 4, table size: 4
	index: 0, handler: __TI_zero_init


GLOBAL SYMBOLS: SORTED ALPHABETICALLY BY Name 

address   name                          
-------   ----                          
0000033d  ADC0_IRQHandler               
0000040b  ADC1_IRQHandler               
0000040b  AES_IRQHandler                
000008ee  C$$EXIT                       
0000040b  CANFD0_IRQHandler             
0000040b  DAC0_IRQHandler               
0000051d  DL_ADC12_setClockConfig       
000008bf  DL_Common_delayCycles         
00000601  DL_DMA_initChannel            
00000569  DL_UART_init                  
00000825  DL_UART_setClockConfig        
000006f5  DL_VREF_configReference       
00000849  DL_VREF_setClockConfig        
0000040b  DMA_IRQHandler                
0000040b  Default_Handler               
0000040b  GROUP0_IRQHandler             
0000040b  GROUP1_IRQHandler             
0000040b  HardFault_Handler             
0000040b  I2C0_IRQHandler               
0000040b  I2C1_IRQHandler               
0000040b  NMI_Handler                   
0000040b  PendSV_Handler                
0000040b  RTC_IRQHandler                
000008e7  Reset_Handler                 
0000040b  SPI0_IRQHandler               
0000040b  SPI1_IRQHandler               
0000040b  SVC_Handler                   
00000299  SYSCFG_DL_ADC12_0_init        
0000046d  SYSCFG_DL_DMA_CH0_init        
000008df  SYSCFG_DL_DMA_init            
000006bd  SYSCFG_DL_GPIO_init           
00000729  SYSCFG_DL_SYSCTL_init         
0000040d  SYSCFG_DL_UART_0_init         
00000759  SYSCFG_DL_VREF_init           
0000086d  SYSCFG_DL_init                
000005b5  SYSCFG_DL_initPower           
0000040b  SysTick_Handler               
0000040b  TIMA0_IRQHandler              
0000040b  TIMA1_IRQHandler              
0000040b  TIMG0_IRQHandler              
0000040b  TIMG12_IRQHandler             
0000040b  TIMG6_IRQHandler              
0000040b  TIMG7_IRQHandler              
0000040b  TIMG8_IRQHandler              
0000040b  UART0_IRQHandler              
0000040b  UART1_IRQHandler              
0000040b  UART2_IRQHandler              
0000040b  UART3_IRQHandler              
20208000  __STACK_END                   
00000200  __STACK_SIZE                  
00000944  __TI_CINIT_Base               
0000094c  __TI_CINIT_Limit              
0000094c  __TI_CINIT_Warm               
00000940  __TI_Handler_Table_Base       
00000944  __TI_Handler_Table_Limit      
00000649  __TI_auto_init_nobinit_nopinit
ffffffff  __TI_pprof_out_hndl           
ffffffff  __TI_prof_data_size           
ffffffff  __TI_prof_data_start          
00000000  __TI_static_base__            
000008cf  __TI_zero_init                
0000089d  __aeabi_memclr                
0000089d  __aeabi_memclr4               
0000089d  __aeabi_memclr8               
0000088d  __aeabi_memset                
0000088d  __aeabi_memset4               
0000088d  __aeabi_memset8               
ffffffff  __binit__                     
UNDEFED   __mpu_init                    
20207e00  __stack                       
20200000  __start___llvm_prf_bits       
20200000  __start___llvm_prf_cnts       
20200000  __stop___llvm_prf_bits        
20200000  __stop___llvm_prf_cnts        
000007fd  _c_int00_noargs               
UNDEFED   _system_post_cinit            
000008eb  _system_pre_init              
000008ef  abort                         
ffffffff  binit                         
20200000  gADCSamplesPing               
20202000  gADCSamplesPong               
20204000  gCheckADC                     
20204001  gPing                         
00000000  interruptVectors              
000000c1  main                          
000003a9  memset                        


GLOBAL SYMBOLS: SORTED BY Symbol Address 

address   name                          
-------   ----                          
00000000  __TI_static_base__            
00000000  interruptVectors              
000000c1  main                          
00000200  __STACK_SIZE                  
00000299  SYSCFG_DL_ADC12_0_init        
0000033d  ADC0_IRQHandler               
000003a9  memset                        
0000040b  ADC1_IRQHandler               
0000040b  AES_IRQHandler                
0000040b  CANFD0_IRQHandler             
0000040b  DAC0_IRQHandler               
0000040b  DMA_IRQHandler                
0000040b  Default_Handler               
0000040b  GROUP0_IRQHandler             
0000040b  GROUP1_IRQHandler             
0000040b  HardFault_Handler             
0000040b  I2C0_IRQHandler               
0000040b  I2C1_IRQHandler               
0000040b  NMI_Handler                   
0000040b  PendSV_Handler                
0000040b  RTC_IRQHandler                
0000040b  SPI0_IRQHandler               
0000040b  SPI1_IRQHandler               
0000040b  SVC_Handler                   
0000040b  SysTick_Handler               
0000040b  TIMA0_IRQHandler              
0000040b  TIMA1_IRQHandler              
0000040b  TIMG0_IRQHandler              
0000040b  TIMG12_IRQHandler             
0000040b  TIMG6_IRQHandler              
0000040b  TIMG7_IRQHandler              
0000040b  TIMG8_IRQHandler              
0000040b  UART0_IRQHandler              
0000040b  UART1_IRQHandler              
0000040b  UART2_IRQHandler              
0000040b  UART3_IRQHandler              
0000040d  SYSCFG_DL_UART_0_init         
0000046d  SYSCFG_DL_DMA_CH0_init        
0000051d  DL_ADC12_setClockConfig       
00000569  DL_UART_init                  
000005b5  SYSCFG_DL_initPower           
00000601  DL_DMA_initChannel            
00000649  __TI_auto_init_nobinit_nopinit
000006bd  SYSCFG_DL_GPIO_init           
000006f5  DL_VREF_configReference       
00000729  SYSCFG_DL_SYSCTL_init         
00000759  SYSCFG_DL_VREF_init           
000007fd  _c_int00_noargs               
00000825  DL_UART_setClockConfig        
00000849  DL_VREF_setClockConfig        
0000086d  SYSCFG_DL_init                
0000088d  __aeabi_memset                
0000088d  __aeabi_memset4               
0000088d  __aeabi_memset8               
0000089d  __aeabi_memclr                
0000089d  __aeabi_memclr4               
0000089d  __aeabi_memclr8               
000008bf  DL_Common_delayCycles         
000008cf  __TI_zero_init                
000008df  SYSCFG_DL_DMA_init            
000008e7  Reset_Handler                 
000008eb  _system_pre_init              
000008ee  C$$EXIT                       
000008ef  abort                         
00000940  __TI_Handler_Table_Base       
00000944  __TI_CINIT_Base               
00000944  __TI_Handler_Table_Limit      
0000094c  __TI_CINIT_Limit              
0000094c  __TI_CINIT_Warm               
20200000  __start___llvm_prf_bits       
20200000  __start___llvm_prf_cnts       
20200000  __stop___llvm_prf_bits        
20200000  __stop___llvm_prf_cnts        
20200000  gADCSamplesPing               
20202000  gADCSamplesPong               
20204000  gCheckADC                     
20204001  gPing                         
20207e00  __stack                       
20208000  __STACK_END                   
ffffffff  __TI_pprof_out_hndl           
ffffffff  __TI_prof_data_size           
ffffffff  __TI_prof_data_start          
ffffffff  __binit__                     
ffffffff  binit                         
UNDEFED   __mpu_init                    
UNDEFED   _system_post_cinit            

[86 symbols]
