<?xml version="1.0" encoding="ISO-8859-1" ?>
<link_info>
   <banner>TI ARM Clang Linker PC v2.1.3.LTS</banner>
   <copyright>Copyright (c) 1996-2018 Texas Instruments Incorporated</copyright>
   <link_time>0x65f5da1b</link_time>
   <link_errors>0x0</link_errors>
   <output_file>adc_dma_ping_pong_LP_MSPM0G3507_nortos_ticlang.out</output_file>
   <entry_point>
      <name>_c_int00_noargs</name>
      <address>0x7fd</address>
   </entry_point>
   <input_file_list>
      <input_file id="fl-1">
         <path>.\</path>
         <kind>object</kind>
         <file>adc_dma_ping_pong.o</file>
         <name>adc_dma_ping_pong.o</name>
      </input_file>
      <input_file id="fl-2">
         <path>.\syscfg\</path>
         <kind>object</kind>
         <file>ti_msp_dl_config.o</file>
         <name>ti_msp_dl_config.o</name>
      </input_file>
      <input_file id="fl-3">
         <path>.\</path>
         <kind>object</kind>
         <file>startup_mspm0g350x_ticlang.o</file>
         <name>startup_mspm0g350x_ticlang.o</name>
      </input_file>
      <input_file id="fl-10">
         <kind>object</kind>
         <file>&lt;internal&gt;</file>
         <name>&lt;internal&gt;</name>
      </input_file>
      <input_file id="fl-11">
         <path>C:\ti\mspm0_sdk_1_20_01_06\source\ti\driverlib\lib\ticlang\m0p\mspm0g1x0x_g3x0x\</path>
         <kind>archive</kind>
         <file>driverlib.a</file>
         <name>dl_adc12.o</name>
      </input_file>
      <input_file id="fl-12">
         <path>C:\ti\mspm0_sdk_1_20_01_06\source\ti\driverlib\lib\ticlang\m0p\mspm0g1x0x_g3x0x\</path>
         <kind>archive</kind>
         <file>driverlib.a</file>
         <name>dl_common.o</name>
      </input_file>
      <input_file id="fl-13">
         <path>C:\ti\mspm0_sdk_1_20_01_06\source\ti\driverlib\lib\ticlang\m0p\mspm0g1x0x_g3x0x\</path>
         <kind>archive</kind>
         <file>driverlib.a</file>
         <name>dl_dma.o</name>
      </input_file>
      <input_file id="fl-14">
         <path>C:\ti\mspm0_sdk_1_20_01_06\source\ti\driverlib\lib\ticlang\m0p\mspm0g1x0x_g3x0x\</path>
         <kind>archive</kind>
         <file>driverlib.a</file>
         <name>dl_uart.o</name>
      </input_file>
      <input_file id="fl-15">
         <path>C:\ti\mspm0_sdk_1_20_01_06\source\ti\driverlib\lib\ticlang\m0p\mspm0g1x0x_g3x0x\</path>
         <kind>archive</kind>
         <file>driverlib.a</file>
         <name>dl_vref.o</name>
      </input_file>
      <input_file id="fl-21">
         <path>C:\ti\ccstheia110\ccs\tools\compiler\ti-cgt-armllvm_2.1.3.LTS\lib\armv6m-ti-none-eabi\c\</path>
         <kind>archive</kind>
         <file>libc.a</file>
         <name>copy_zero_init.c.obj</name>
      </input_file>
      <input_file id="fl-22">
         <path>C:\ti\ccstheia110\ccs\tools\compiler\ti-cgt-armllvm_2.1.3.LTS\lib\armv6m-ti-none-eabi\c\</path>
         <kind>archive</kind>
         <file>libc.a</file>
         <name>copy_decompress_none.c.obj</name>
      </input_file>
      <input_file id="fl-23">
         <path>C:\ti\ccstheia110\ccs\tools\compiler\ti-cgt-armllvm_2.1.3.LTS\lib\armv6m-ti-none-eabi\c\</path>
         <kind>archive</kind>
         <file>libc.a</file>
         <name>copy_decompress_lzss.c.obj</name>
      </input_file>
      <input_file id="fl-24">
         <path>C:\ti\ccstheia110\ccs\tools\compiler\ti-cgt-armllvm_2.1.3.LTS\lib\armv6m-ti-none-eabi\c\</path>
         <kind>archive</kind>
         <file>libc.a</file>
         <name>boot_cortex_m.c.obj</name>
      </input_file>
      <input_file id="fl-25">
         <path>C:\ti\ccstheia110\ccs\tools\compiler\ti-cgt-armllvm_2.1.3.LTS\lib\armv6m-ti-none-eabi\c\</path>
         <kind>archive</kind>
         <file>libc.a</file>
         <name>mathacl_init.c.obj</name>
      </input_file>
      <input_file id="fl-26">
         <path>C:\ti\ccstheia110\ccs\tools\compiler\ti-cgt-armllvm_2.1.3.LTS\lib\armv6m-ti-none-eabi\c\</path>
         <kind>archive</kind>
         <file>libc.a</file>
         <name>exit.c.obj</name>
      </input_file>
      <input_file id="fl-27">
         <path>C:\ti\ccstheia110\ccs\tools\compiler\ti-cgt-armllvm_2.1.3.LTS\lib\armv6m-ti-none-eabi\c\</path>
         <kind>archive</kind>
         <file>libc.a</file>
         <name>_lock.c.obj</name>
      </input_file>
      <input_file id="fl-28">
         <path>C:\ti\ccstheia110\ccs\tools\compiler\ti-cgt-armllvm_2.1.3.LTS\lib\armv6m-ti-none-eabi\c\</path>
         <kind>archive</kind>
         <file>libc.a</file>
         <name>args_main.c.obj</name>
      </input_file>
      <input_file id="fl-29">
         <path>C:\ti\ccstheia110\ccs\tools\compiler\ti-cgt-armllvm_2.1.3.LTS\lib\armv6m-ti-none-eabi\c\</path>
         <kind>archive</kind>
         <file>libc.a</file>
         <name>autoinit.c.obj</name>
      </input_file>
      <input_file id="fl-2a">
         <path>C:\ti\ccstheia110\ccs\tools\compiler\ti-cgt-armllvm_2.1.3.LTS\lib\armv6m-ti-none-eabi\c\</path>
         <kind>archive</kind>
         <file>libc.a</file>
         <name>pre_init.c.obj</name>
      </input_file>
      <input_file id="fl-2b">
         <path>C:\ti\ccstheia110\ccs\tools\compiler\ti-cgt-armllvm_2.1.3.LTS\lib\armv6m-ti-none-eabi\c\</path>
         <kind>archive</kind>
         <file>libc.a</file>
         <name>cpy_tbl.c.obj</name>
      </input_file>
      <input_file id="fl-64">
         <path>C:\ti\ccstheia110\ccs\tools\compiler\ti-cgt-armllvm_2.1.3.LTS\lib\clang\14.0.6\lib\armv6m-ti-none-eabi\</path>
         <kind>archive</kind>
         <file>libclang_rt.builtins.a</file>
         <name>aeabi_memcpy.S.obj</name>
      </input_file>
      <input_file id="fl-65">
         <path>C:\ti\ccstheia110\ccs\tools\compiler\ti-cgt-armllvm_2.1.3.LTS\lib\clang\14.0.6\lib\armv6m-ti-none-eabi\</path>
         <kind>archive</kind>
         <file>libclang_rt.builtins.a</file>
         <name>aeabi_memset.S.obj</name>
      </input_file>
      <input_file id="fl-66">
         <path>C:\ti\ccstheia110\ccs\tools\compiler\ti-cgt-armllvm_2.1.3.LTS\lib\clang\14.0.6\lib\armv6m-ti-none-eabi\</path>
         <kind>archive</kind>
         <file>libclang_rt.builtins.a</file>
         <name>aeabi_uidivmod.S.obj</name>
      </input_file>
      <input_file id="fl-67">
         <path>C:\ti\ccstheia110\ccs\tools\compiler\ti-cgt-armllvm_2.1.3.LTS\lib\clang\14.0.6\lib\armv6m-ti-none-eabi\</path>
         <kind>archive</kind>
         <file>libclang_rt.builtins.a</file>
         <name>aeabi_div0.c.obj</name>
      </input_file>
      <input_file id="fl-68">
         <path>C:\ti\ccstheia110\ccs\tools\compiler\ti-cgt-armllvm_2.1.3.LTS\lib\armv6m-ti-none-eabi\c\</path>
         <kind>archive</kind>
         <file>libc.a</file>
         <name>memcpy16.S.obj</name>
      </input_file>
      <input_file id="fl-69">
         <path>C:\ti\ccstheia110\ccs\tools\compiler\ti-cgt-armllvm_2.1.3.LTS\lib\armv6m-ti-none-eabi\c\</path>
         <kind>archive</kind>
         <file>libc.a</file>
         <name>memset16.S.obj</name>
      </input_file>
   </input_file_list>
   <object_component_list>
      <object_component id="oc-18">
         <name>.intvecs</name>
         <load_address>0x0</load_address>
         <run_address>0x0</run_address>
         <size>0xc0</size>
         <input_file_ref idref="fl-3"/>
      </object_component>
      <object_component id="oc-65">
         <name>.text.main</name>
         <load_address>0xc0</load_address>
         <run_address>0xc0</run_address>
         <size>0x1d8</size>
         <input_file_ref idref="fl-1"/>
      </object_component>
      <object_component id="oc-a4">
         <name>.text.SYSCFG_DL_ADC12_0_init</name>
         <load_address>0x298</load_address>
         <run_address>0x298</run_address>
         <size>0xa4</size>
         <input_file_ref idref="fl-2"/>
      </object_component>
      <object_component id="oc-2b">
         <name>.text.ADC0_IRQHandler</name>
         <load_address>0x33c</load_address>
         <run_address>0x33c</run_address>
         <size>0x6c</size>
         <input_file_ref idref="fl-1"/>
      </object_component>
      <object_component id="oc-9e">
         <name>.text:memset</name>
         <load_address>0x3a8</load_address>
         <run_address>0x3a8</run_address>
         <size>0x62</size>
         <input_file_ref idref="fl-69"/>
      </object_component>
      <object_component id="oc-2a">
         <name>.text.Default_Handler</name>
         <load_address>0x40a</load_address>
         <run_address>0x40a</run_address>
         <size>0x2</size>
         <input_file_ref idref="fl-3"/>
      </object_component>
      <object_component id="oc-a3">
         <name>.text.SYSCFG_DL_UART_0_init</name>
         <load_address>0x40c</load_address>
         <run_address>0x40c</run_address>
         <size>0x60</size>
         <input_file_ref idref="fl-2"/>
      </object_component>
      <object_component id="oc-c1">
         <name>.text.SYSCFG_DL_DMA_CH0_init</name>
         <load_address>0x46c</load_address>
         <run_address>0x46c</run_address>
         <size>0x5c</size>
         <input_file_ref idref="fl-2"/>
      </object_component>
      <object_component id="oc-d0">
         <name>.text.DL_DMA_configTransfer</name>
         <load_address>0x4c8</load_address>
         <run_address>0x4c8</run_address>
         <size>0x54</size>
         <input_file_ref idref="fl-13"/>
      </object_component>
      <object_component id="oc-bb">
         <name>.text.DL_ADC12_setClockConfig</name>
         <load_address>0x51c</load_address>
         <run_address>0x51c</run_address>
         <size>0x4c</size>
         <input_file_ref idref="fl-11"/>
      </object_component>
      <object_component id="oc-b8">
         <name>.text.DL_UART_init</name>
         <load_address>0x568</load_address>
         <run_address>0x568</run_address>
         <size>0x4c</size>
         <input_file_ref idref="fl-14"/>
      </object_component>
      <object_component id="oc-9f">
         <name>.text.SYSCFG_DL_initPower</name>
         <load_address>0x5b4</load_address>
         <run_address>0x5b4</run_address>
         <size>0x4c</size>
         <input_file_ref idref="fl-2"/>
      </object_component>
      <object_component id="oc-ce">
         <name>.text.DL_DMA_initChannel</name>
         <load_address>0x600</load_address>
         <run_address>0x600</run_address>
         <size>0x46</size>
         <input_file_ref idref="fl-13"/>
      </object_component>
      <object_component id="oc-86">
         <name>.text:__TI_auto_init_nobinit_nopinit</name>
         <load_address>0x648</load_address>
         <run_address>0x648</run_address>
         <size>0x3c</size>
         <input_file_ref idref="fl-29"/>
      </object_component>
      <object_component id="oc-d1">
         <name>.text.DL_DMA_setTrigger</name>
         <load_address>0x684</load_address>
         <run_address>0x684</run_address>
         <size>0x38</size>
         <input_file_ref idref="fl-13"/>
      </object_component>
      <object_component id="oc-a0">
         <name>.text.SYSCFG_DL_GPIO_init</name>
         <load_address>0x6bc</load_address>
         <run_address>0x6bc</run_address>
         <size>0x38</size>
         <input_file_ref idref="fl-2"/>
      </object_component>
      <object_component id="oc-be">
         <name>.text.DL_VREF_configReference</name>
         <load_address>0x6f4</load_address>
         <run_address>0x6f4</run_address>
         <size>0x34</size>
         <input_file_ref idref="fl-15"/>
      </object_component>
      <object_component id="oc-a1">
         <name>.text.SYSCFG_DL_SYSCTL_init</name>
         <load_address>0x728</load_address>
         <run_address>0x728</run_address>
         <size>0x30</size>
         <input_file_ref idref="fl-2"/>
      </object_component>
      <object_component id="oc-a5">
         <name>.text.SYSCFG_DL_VREF_init</name>
         <load_address>0x758</load_address>
         <run_address>0x758</run_address>
         <size>0x2c</size>
         <input_file_ref idref="fl-2"/>
      </object_component>
      <object_component id="oc-cd">
         <name>.text.DL_Common_updateReg</name>
         <load_address>0x784</load_address>
         <run_address>0x784</run_address>
         <size>0x28</size>
         <input_file_ref idref="fl-11"/>
      </object_component>
      <object_component id="oc-d2">
         <name>.text.DL_Common_updateReg</name>
         <load_address>0x7ac</load_address>
         <run_address>0x7ac</run_address>
         <size>0x28</size>
         <input_file_ref idref="fl-13"/>
      </object_component>
      <object_component id="oc-cc">
         <name>.text.DL_Common_updateReg</name>
         <load_address>0x7d4</load_address>
         <run_address>0x7d4</run_address>
         <size>0x28</size>
         <input_file_ref idref="fl-14"/>
      </object_component>
      <object_component id="oc-4b">
         <name>.text:_c_int00_noargs</name>
         <load_address>0x7fc</load_address>
         <run_address>0x7fc</run_address>
         <size>0x28</size>
         <input_file_ref idref="fl-24"/>
      </object_component>
      <object_component id="oc-b7">
         <name>.text.DL_UART_setClockConfig</name>
         <load_address>0x824</load_address>
         <run_address>0x824</run_address>
         <size>0x24</size>
         <input_file_ref idref="fl-14"/>
      </object_component>
      <object_component id="oc-bd">
         <name>.text.DL_VREF_setClockConfig</name>
         <load_address>0x848</load_address>
         <run_address>0x848</run_address>
         <size>0x24</size>
         <input_file_ref idref="fl-15"/>
      </object_component>
      <object_component id="oc-7a">
         <name>.text.SYSCFG_DL_init</name>
         <load_address>0x86c</load_address>
         <run_address>0x86c</run_address>
         <size>0x20</size>
         <input_file_ref idref="fl-2"/>
      </object_component>
      <object_component id="oc-5d">
         <name>.text</name>
         <load_address>0x88c</load_address>
         <run_address>0x88c</run_address>
         <size>0x1c</size>
         <input_file_ref idref="fl-65"/>
      </object_component>
      <object_component id="oc-cb">
         <name>.text.DL_UART_disable</name>
         <load_address>0x8a8</load_address>
         <run_address>0x8a8</run_address>
         <size>0x16</size>
         <input_file_ref idref="fl-14"/>
      </object_component>
      <object_component id="oc-b6">
         <name>.text.DL_Common_delayCycles</name>
         <load_address>0x8be</load_address>
         <run_address>0x8be</run_address>
         <size>0x10</size>
         <input_file_ref idref="fl-12"/>
      </object_component>
      <object_component id="oc-48">
         <name>.text:decompress:ZI</name>
         <load_address>0x8ce</load_address>
         <run_address>0x8ce</run_address>
         <size>0x10</size>
         <input_file_ref idref="fl-21"/>
      </object_component>
      <object_component id="oc-a6">
         <name>.text.SYSCFG_DL_DMA_init</name>
         <load_address>0x8de</load_address>
         <run_address>0x8de</run_address>
         <size>0x8</size>
         <input_file_ref idref="fl-2"/>
      </object_component>
      <object_component id="oc-26">
         <name>.text.Reset_Handler</name>
         <load_address>0x8e6</load_address>
         <run_address>0x8e6</run_address>
         <size>0x4</size>
         <input_file_ref idref="fl-3"/>
      </object_component>
      <object_component id="oc-61">
         <name>.text._system_pre_init</name>
         <load_address>0x8ea</load_address>
         <run_address>0x8ea</run_address>
         <size>0x4</size>
         <input_file_ref idref="fl-2a"/>
      </object_component>
      <object_component id="oc-7f">
         <name>.text:abort</name>
         <load_address>0x8ee</load_address>
         <run_address>0x8ee</run_address>
         <size>0x4</size>
         <input_file_ref idref="fl-26"/>
      </object_component>
      <object_component id="oc-10e">
         <name>.cinit..bss.load</name>
         <load_address>0x938</load_address>
         <run_address>0x938</run_address>
         <size>0x8</size>
      </object_component>
      <object_component id="oc-10c">
         <name>__TI_handler_table</name>
         <load_address>0x940</load_address>
         <run_address>0x940</run_address>
         <size>0x4</size>
      </object_component>
      <object_component id="oc-10d">
         <name>__TI_cinit_table</name>
         <load_address>0x944</load_address>
         <run_address>0x944</run_address>
         <size>0x8</size>
      </object_component>
      <object_component id="oc-cf">
         <name>.rodata.gDMA_CH0Config</name>
         <load_address>0x8f8</load_address>
         <run_address>0x8f8</run_address>
         <size>0x18</size>
         <input_file_ref idref="fl-2"/>
      </object_component>
      <object_component id="oc-c0">
         <name>.rodata.gVREFConfig</name>
         <load_address>0x910</load_address>
         <run_address>0x910</run_address>
         <size>0xc</size>
         <input_file_ref idref="fl-2"/>
      </object_component>
      <object_component id="oc-ba">
         <name>.rodata.gUART_0Config</name>
         <load_address>0x91c</load_address>
         <run_address>0x91c</run_address>
         <size>0xa</size>
         <input_file_ref idref="fl-2"/>
      </object_component>
      <object_component id="oc-b9">
         <name>.rodata.gUART_0ClockConfig</name>
         <load_address>0x926</load_address>
         <run_address>0x926</run_address>
         <size>0x2</size>
         <input_file_ref idref="fl-2"/>
      </object_component>
      <object_component id="oc-bc">
         <name>.rodata.gADC12_0ClockConfig</name>
         <load_address>0x928</load_address>
         <run_address>0x928</run_address>
         <size>0x8</size>
         <input_file_ref idref="fl-2"/>
      </object_component>
      <object_component id="oc-bf">
         <name>.rodata.gVREFClockConfig</name>
         <load_address>0x930</load_address>
         <run_address>0x930</run_address>
         <size>0x2</size>
         <input_file_ref idref="fl-2"/>
      </object_component>
      <object_component id="oc-d9">
         <name>.binit</name>
         <load_address>0x0</load_address>
         <run_address>0x0</run_address>
         <size>0x0</size>
      </object_component>
      <object_component id="oc-52">
         <name>.common:gPing</name>
         <uninitialized>true</uninitialized>
         <run_address>0x20204001</run_address>
         <size>0x1</size>
      </object_component>
      <object_component id="oc-54">
         <name>.common:gADCSamplesPing</name>
         <uninitialized>true</uninitialized>
         <run_address>0x20200000</run_address>
         <size>0x2000</size>
      </object_component>
      <object_component id="oc-55">
         <name>.common:gCheckADC</name>
         <uninitialized>true</uninitialized>
         <run_address>0x20204000</run_address>
         <size>0x1</size>
      </object_component>
      <object_component id="oc-53">
         <name>.common:gADCSamplesPong</name>
         <uninitialized>true</uninitialized>
         <run_address>0x20202000</run_address>
         <size>0x2000</size>
      </object_component>
      <object_component id="oc-1a">
         <name>.stack</name>
         <uninitialized>true</uninitialized>
         <run_address>0x20207e00</run_address>
         <size>0x4</size>
         <input_file_ref idref="fl-24"/>
      </object_component>
      <object_component id="oc-110">
         <name>.stack</name>
         <uninitialized>true</uninitialized>
         <run_address>0x20207e00</run_address>
         <size>0x0</size>
      </object_component>
      <object_component id="oc-58">
         <name>.debug_loc</name>
         <load_address>0x0</load_address>
         <run_address>0x0</run_address>
         <size>0x98</size>
         <input_file_ref idref="fl-1"/>
      </object_component>
      <object_component id="oc-a2">
         <name>.debug_loc</name>
         <load_address>0x98</load_address>
         <run_address>0x98</run_address>
         <size>0x19b</size>
         <input_file_ref idref="fl-2"/>
      </object_component>
      <object_component id="oc-47">
         <name>.debug_loc</name>
         <load_address>0x233</load_address>
         <run_address>0x233</run_address>
         <size>0x13b</size>
         <input_file_ref idref="fl-21"/>
      </object_component>
      <object_component id="oc-36">
         <name>.debug_loc</name>
         <load_address>0x36e</load_address>
         <run_address>0x36e</run_address>
         <size>0xd8</size>
         <input_file_ref idref="fl-24"/>
      </object_component>
      <object_component id="oc-85">
         <name>.debug_loc</name>
         <load_address>0x446</load_address>
         <run_address>0x446</run_address>
         <size>0x26</size>
         <input_file_ref idref="fl-26"/>
      </object_component>
      <object_component id="oc-8a">
         <name>.debug_loc</name>
         <load_address>0x46c</load_address>
         <run_address>0x46c</run_address>
         <size>0x558</size>
         <input_file_ref idref="fl-29"/>
      </object_component>
      <object_component id="oc-56">
         <name>.debug_abbrev</name>
         <load_address>0x0</load_address>
         <run_address>0x0</run_address>
         <size>0x1eb</size>
         <input_file_ref idref="fl-1"/>
      </object_component>
      <object_component id="oc-a7">
         <name>.debug_abbrev</name>
         <load_address>0x1eb</load_address>
         <run_address>0x1eb</run_address>
         <size>0x1de</size>
         <input_file_ref idref="fl-2"/>
      </object_component>
      <object_component id="oc-30">
         <name>.debug_abbrev</name>
         <load_address>0x3c9</load_address>
         <run_address>0x3c9</run_address>
         <size>0x6d</size>
         <input_file_ref idref="fl-3"/>
      </object_component>
      <object_component id="oc-5b">
         <name>.debug_abbrev</name>
         <load_address>0x436</load_address>
         <run_address>0x436</run_address>
         <size>0xcb</size>
         <input_file_ref idref="fl-21"/>
      </object_component>
      <object_component id="oc-32">
         <name>.debug_abbrev</name>
         <load_address>0x501</load_address>
         <run_address>0x501</run_address>
         <size>0xaf</size>
         <input_file_ref idref="fl-24"/>
      </object_component>
      <object_component id="oc-a9">
         <name>.debug_abbrev</name>
         <load_address>0x5b0</load_address>
         <run_address>0x5b0</run_address>
         <size>0xb3</size>
         <input_file_ref idref="fl-26"/>
      </object_component>
      <object_component id="oc-af">
         <name>.debug_abbrev</name>
         <load_address>0x663</load_address>
         <run_address>0x663</run_address>
         <size>0x186</size>
         <input_file_ref idref="fl-29"/>
      </object_component>
      <object_component id="oc-78">
         <name>.debug_abbrev</name>
         <load_address>0x7e9</load_address>
         <run_address>0x7e9</run_address>
         <size>0x39</size>
         <input_file_ref idref="fl-2a"/>
      </object_component>
      <object_component id="oc-77">
         <name>.debug_abbrev</name>
         <load_address>0x822</load_address>
         <run_address>0x822</run_address>
         <size>0x27</size>
         <input_file_ref idref="fl-65"/>
      </object_component>
      <object_component id="oc-b5">
         <name>.debug_abbrev</name>
         <load_address>0x849</load_address>
         <run_address>0x849</run_address>
         <size>0x25</size>
         <input_file_ref idref="fl-69"/>
      </object_component>
      <object_component id="oc-112">
         <name>.debug_abbrev</name>
         <load_address>0x86e</load_address>
         <run_address>0x86e</run_address>
         <size>0xf</size>
      </object_component>
      <object_component id="oc-2c">
         <name>.debug_info</name>
         <load_address>0x0</load_address>
         <run_address>0x0</run_address>
         <size>0x18d3</size>
         <input_file_ref idref="fl-1"/>
      </object_component>
      <object_component id="oc-7b">
         <name>.debug_info</name>
         <load_address>0x18d3</load_address>
         <run_address>0x18d3</run_address>
         <size>0x3f3e</size>
         <input_file_ref idref="fl-2"/>
      </object_component>
      <object_component id="oc-19">
         <name>.debug_info</name>
         <load_address>0x5811</load_address>
         <run_address>0x5811</run_address>
         <size>0x80</size>
         <input_file_ref idref="fl-3"/>
      </object_component>
      <object_component id="oc-45">
         <name>.debug_info</name>
         <load_address>0x5891</load_address>
         <run_address>0x5891</run_address>
         <size>0x190</size>
         <input_file_ref idref="fl-21"/>
      </object_component>
      <object_component id="oc-1b">
         <name>.debug_info</name>
         <load_address>0x5a21</load_address>
         <run_address>0x5a21</run_address>
         <size>0x423</size>
         <input_file_ref idref="fl-24"/>
      </object_component>
      <object_component id="oc-81">
         <name>.debug_info</name>
         <load_address>0x5e44</load_address>
         <run_address>0x5e44</run_address>
         <size>0xed</size>
         <input_file_ref idref="fl-26"/>
      </object_component>
      <object_component id="oc-89">
         <name>.debug_info</name>
         <load_address>0x5f31</load_address>
         <run_address>0x5f31</run_address>
         <size>0x792</size>
         <input_file_ref idref="fl-29"/>
      </object_component>
      <object_component id="oc-62">
         <name>.debug_info</name>
         <load_address>0x66c3</load_address>
         <run_address>0x66c3</run_address>
         <size>0x46</size>
         <input_file_ref idref="fl-2a"/>
      </object_component>
      <object_component id="oc-5f">
         <name>.debug_info</name>
         <load_address>0x6709</load_address>
         <run_address>0x6709</run_address>
         <size>0x1c1</size>
         <input_file_ref idref="fl-65"/>
      </object_component>
      <object_component id="oc-9b">
         <name>.debug_info</name>
         <load_address>0x68ca</load_address>
         <run_address>0x68ca</run_address>
         <size>0x23b</size>
         <input_file_ref idref="fl-69"/>
      </object_component>
      <object_component id="oc-111">
         <name>.debug_info</name>
         <load_address>0x6b05</load_address>
         <run_address>0x6b05</run_address>
         <size>0xcd</size>
      </object_component>
      <object_component id="oc-2d">
         <name>.debug_ranges</name>
         <load_address>0x0</load_address>
         <run_address>0x0</run_address>
         <size>0x238</size>
         <input_file_ref idref="fl-1"/>
      </object_component>
      <object_component id="oc-7e">
         <name>.debug_ranges</name>
         <load_address>0x238</load_address>
         <run_address>0x238</run_address>
         <size>0x50</size>
         <input_file_ref idref="fl-2"/>
      </object_component>
      <object_component id="oc-29">
         <name>.debug_ranges</name>
         <load_address>0x288</load_address>
         <run_address>0x288</run_address>
         <size>0x18</size>
         <input_file_ref idref="fl-3"/>
      </object_component>
      <object_component id="oc-46">
         <name>.debug_ranges</name>
         <load_address>0x2a0</load_address>
         <run_address>0x2a0</run_address>
         <size>0x18</size>
         <input_file_ref idref="fl-21"/>
      </object_component>
      <object_component id="oc-35">
         <name>.debug_ranges</name>
         <load_address>0x2b8</load_address>
         <run_address>0x2b8</run_address>
         <size>0x48</size>
         <input_file_ref idref="fl-24"/>
      </object_component>
      <object_component id="oc-80">
         <name>.debug_ranges</name>
         <load_address>0x300</load_address>
         <run_address>0x300</run_address>
         <size>0x18</size>
         <input_file_ref idref="fl-26"/>
      </object_component>
      <object_component id="oc-87">
         <name>.debug_ranges</name>
         <load_address>0x318</load_address>
         <run_address>0x318</run_address>
         <size>0xa8</size>
         <input_file_ref idref="fl-29"/>
      </object_component>
      <object_component id="oc-9d">
         <name>.debug_ranges</name>
         <load_address>0x3c0</load_address>
         <run_address>0x3c0</run_address>
         <size>0x28</size>
         <input_file_ref idref="fl-69"/>
      </object_component>
      <object_component id="oc-57">
         <name>.debug_str</name>
         <load_address>0x0</load_address>
         <run_address>0x0</run_address>
         <size>0xd9c</size>
         <input_file_ref idref="fl-1"/>
      </object_component>
      <object_component id="oc-a8">
         <name>.debug_str</name>
         <load_address>0xd9c</load_address>
         <run_address>0xd9c</run_address>
         <size>0x2c97</size>
         <input_file_ref idref="fl-2"/>
      </object_component>
      <object_component id="oc-31">
         <name>.debug_str</name>
         <load_address>0x3a33</load_address>
         <run_address>0x3a33</run_address>
         <size>0x184</size>
         <input_file_ref idref="fl-3"/>
      </object_component>
      <object_component id="oc-5c">
         <name>.debug_str</name>
         <load_address>0x3bb7</load_address>
         <run_address>0x3bb7</run_address>
         <size>0x1e6</size>
         <input_file_ref idref="fl-21"/>
      </object_component>
      <object_component id="oc-33">
         <name>.debug_str</name>
         <load_address>0x3d9d</load_address>
         <run_address>0x3d9d</run_address>
         <size>0x270</size>
         <input_file_ref idref="fl-24"/>
      </object_component>
      <object_component id="oc-aa">
         <name>.debug_str</name>
         <load_address>0x400d</load_address>
         <run_address>0x400d</run_address>
         <size>0x18a</size>
         <input_file_ref idref="fl-26"/>
      </object_component>
      <object_component id="oc-b0">
         <name>.debug_str</name>
         <load_address>0x4197</load_address>
         <run_address>0x4197</run_address>
         <size>0x37a</size>
         <input_file_ref idref="fl-29"/>
      </object_component>
      <object_component id="oc-79">
         <name>.debug_str</name>
         <load_address>0x4511</load_address>
         <run_address>0x4511</run_address>
         <size>0x140</size>
         <input_file_ref idref="fl-2a"/>
      </object_component>
      <object_component id="oc-2f">
         <name>.debug_frame</name>
         <load_address>0x0</load_address>
         <run_address>0x0</run_address>
         <size>0x40</size>
         <input_file_ref idref="fl-1"/>
      </object_component>
      <object_component id="oc-7d">
         <name>.debug_frame</name>
         <load_address>0x40</load_address>
         <run_address>0x40</run_address>
         <size>0xe0</size>
         <input_file_ref idref="fl-2"/>
      </object_component>
      <object_component id="oc-28">
         <name>.debug_frame</name>
         <load_address>0x120</load_address>
         <run_address>0x120</run_address>
         <size>0x30</size>
         <input_file_ref idref="fl-3"/>
      </object_component>
      <object_component id="oc-43">
         <name>.debug_frame</name>
         <load_address>0x150</load_address>
         <run_address>0x150</run_address>
         <size>0x38</size>
         <input_file_ref idref="fl-21"/>
      </object_component>
      <object_component id="oc-4a">
         <name>.debug_frame</name>
         <load_address>0x188</load_address>
         <run_address>0x188</run_address>
         <size>0x90</size>
         <input_file_ref idref="fl-24"/>
      </object_component>
      <object_component id="oc-82">
         <name>.debug_frame</name>
         <load_address>0x218</load_address>
         <run_address>0x218</run_address>
         <size>0x30</size>
         <input_file_ref idref="fl-26"/>
      </object_component>
      <object_component id="oc-8b">
         <name>.debug_frame</name>
         <load_address>0x248</load_address>
         <run_address>0x248</run_address>
         <size>0x100</size>
         <input_file_ref idref="fl-29"/>
      </object_component>
      <object_component id="oc-64">
         <name>.debug_frame</name>
         <load_address>0x348</load_address>
         <run_address>0x348</run_address>
         <size>0x20</size>
         <input_file_ref idref="fl-2a"/>
      </object_component>
      <object_component id="oc-2e">
         <name>.debug_line</name>
         <load_address>0x0</load_address>
         <run_address>0x0</run_address>
         <size>0x6ac</size>
         <input_file_ref idref="fl-1"/>
      </object_component>
      <object_component id="oc-7c">
         <name>.debug_line</name>
         <load_address>0x6ac</load_address>
         <run_address>0x6ac</run_address>
         <size>0x654</size>
         <input_file_ref idref="fl-2"/>
      </object_component>
      <object_component id="oc-27">
         <name>.debug_line</name>
         <load_address>0xd00</load_address>
         <run_address>0xd00</run_address>
         <size>0xba</size>
         <input_file_ref idref="fl-3"/>
      </object_component>
      <object_component id="oc-44">
         <name>.debug_line</name>
         <load_address>0xdba</load_address>
         <run_address>0xdba</run_address>
         <size>0xfa</size>
         <input_file_ref idref="fl-21"/>
      </object_component>
      <object_component id="oc-34">
         <name>.debug_line</name>
         <load_address>0xeb4</load_address>
         <run_address>0xeb4</run_address>
         <size>0x1fe</size>
         <input_file_ref idref="fl-24"/>
      </object_component>
      <object_component id="oc-83">
         <name>.debug_line</name>
         <load_address>0x10b2</load_address>
         <run_address>0x10b2</run_address>
         <size>0x6b</size>
         <input_file_ref idref="fl-26"/>
      </object_component>
      <object_component id="oc-88">
         <name>.debug_line</name>
         <load_address>0x111d</load_address>
         <run_address>0x111d</run_address>
         <size>0x4ca</size>
         <input_file_ref idref="fl-29"/>
      </object_component>
      <object_component id="oc-63">
         <name>.debug_line</name>
         <load_address>0x15e7</load_address>
         <run_address>0x15e7</run_address>
         <size>0x3e</size>
         <input_file_ref idref="fl-2a"/>
      </object_component>
      <object_component id="oc-60">
         <name>.debug_line</name>
         <load_address>0x1625</load_address>
         <run_address>0x1625</run_address>
         <size>0xae</size>
         <input_file_ref idref="fl-65"/>
      </object_component>
      <object_component id="oc-9a">
         <name>.debug_line</name>
         <load_address>0x16d3</load_address>
         <run_address>0x16d3</run_address>
         <size>0x80</size>
         <input_file_ref idref="fl-69"/>
      </object_component>
      <object_component id="oc-5e">
         <name>.debug_aranges</name>
         <load_address>0x0</load_address>
         <run_address>0x0</run_address>
         <size>0x20</size>
         <input_file_ref idref="fl-65"/>
      </object_component>
      <object_component id="oc-9c">
         <name>.debug_aranges</name>
         <load_address>0x20</load_address>
         <run_address>0x20</run_address>
         <size>0x28</size>
         <input_file_ref idref="fl-69"/>
      </object_component>
   </object_component_list>
   <logical_group_list>
      <logical_group id="lg-2" display="no" color="cyan">
         <name>.intvecs</name>
         <load_address>0x0</load_address>
         <run_address>0x0</run_address>
         <size>0xc0</size>
         <contents>
            <object_component_ref idref="oc-18"/>
         </contents>
      </logical_group>
      <logical_group id="lg-3" display="no" color="cyan">
         <name>.text</name>
         <load_address>0xc0</load_address>
         <run_address>0xc0</run_address>
         <size>0x838</size>
         <contents>
            <object_component_ref idref="oc-65"/>
            <object_component_ref idref="oc-a4"/>
            <object_component_ref idref="oc-2b"/>
            <object_component_ref idref="oc-9e"/>
            <object_component_ref idref="oc-2a"/>
            <object_component_ref idref="oc-a3"/>
            <object_component_ref idref="oc-c1"/>
            <object_component_ref idref="oc-d0"/>
            <object_component_ref idref="oc-bb"/>
            <object_component_ref idref="oc-b8"/>
            <object_component_ref idref="oc-9f"/>
            <object_component_ref idref="oc-ce"/>
            <object_component_ref idref="oc-86"/>
            <object_component_ref idref="oc-d1"/>
            <object_component_ref idref="oc-a0"/>
            <object_component_ref idref="oc-be"/>
            <object_component_ref idref="oc-a1"/>
            <object_component_ref idref="oc-a5"/>
            <object_component_ref idref="oc-cd"/>
            <object_component_ref idref="oc-d2"/>
            <object_component_ref idref="oc-cc"/>
            <object_component_ref idref="oc-4b"/>
            <object_component_ref idref="oc-b7"/>
            <object_component_ref idref="oc-bd"/>
            <object_component_ref idref="oc-7a"/>
            <object_component_ref idref="oc-5d"/>
            <object_component_ref idref="oc-cb"/>
            <object_component_ref idref="oc-b6"/>
            <object_component_ref idref="oc-48"/>
            <object_component_ref idref="oc-a6"/>
            <object_component_ref idref="oc-26"/>
            <object_component_ref idref="oc-61"/>
            <object_component_ref idref="oc-7f"/>
         </contents>
      </logical_group>
      <logical_group id="lg-4" display="no" color="cyan">
         <name>.const</name>
         <run_address>0x0</run_address>
         <size>0x0</size>
         <contents>
         </contents>
      </logical_group>
      <logical_group id="lg-5" display="no" color="cyan">
         <name>.cinit</name>
         <load_address>0x938</load_address>
         <run_address>0x938</run_address>
         <size>0x18</size>
         <contents>
            <object_component_ref idref="oc-10e"/>
            <object_component_ref idref="oc-10c"/>
            <object_component_ref idref="oc-10d"/>
         </contents>
      </logical_group>
      <logical_group id="lg-6" display="no" color="cyan">
         <name>.pinit</name>
         <run_address>0x0</run_address>
         <size>0x0</size>
         <contents>
         </contents>
      </logical_group>
      <logical_group id="lg-7" display="no" color="cyan">
         <name>.rodata</name>
         <load_address>0x8f8</load_address>
         <run_address>0x8f8</run_address>
         <size>0x40</size>
         <contents>
            <object_component_ref idref="oc-cf"/>
            <object_component_ref idref="oc-c0"/>
            <object_component_ref idref="oc-ba"/>
            <object_component_ref idref="oc-b9"/>
            <object_component_ref idref="oc-bc"/>
            <object_component_ref idref="oc-bf"/>
         </contents>
      </logical_group>
      <logical_group id="lg-8" display="no" color="cyan">
         <name>.ARM.exidx</name>
         <run_address>0x0</run_address>
         <size>0x0</size>
         <contents>
         </contents>
      </logical_group>
      <logical_group id="lg-9" display="no" color="cyan">
         <name>.init_array</name>
         <run_address>0x0</run_address>
         <size>0x0</size>
         <contents>
         </contents>
      </logical_group>
      <logical_group id="lg-a" display="no" color="cyan">
         <name>.binit</name>
         <load_address>0x0</load_address>
         <run_address>0x0</run_address>
         <size>0x0</size>
         <contents>
            <object_component_ref idref="oc-d9"/>
         </contents>
      </logical_group>
      <logical_group id="lg-b" display="no" color="cyan">
         <name>.TI.ramfunc</name>
         <run_address>0x0</run_address>
         <size>0x0</size>
         <contents>
         </contents>
      </logical_group>
      <logical_group id="lg-c" display="no" color="cyan">
         <name>.vtable</name>
         <run_address>0x0</run_address>
         <size>0x0</size>
         <contents>
         </contents>
      </logical_group>
      <logical_group id="lg-d" display="no" color="cyan">
         <name>.args</name>
         <run_address>0x0</run_address>
         <size>0x0</size>
         <contents>
         </contents>
      </logical_group>
      <logical_group id="lg-e" display="no" color="cyan">
         <name>.data</name>
         <run_address>0x0</run_address>
         <size>0x0</size>
         <contents>
         </contents>
      </logical_group>
      <logical_group id="lg-f" display="no" color="cyan">
         <name>.bss</name>
         <run_address>0x20200000</run_address>
         <size>0x4002</size>
         <contents>
            <object_component_ref idref="oc-52"/>
            <object_component_ref idref="oc-54"/>
            <object_component_ref idref="oc-55"/>
            <object_component_ref idref="oc-53"/>
         </contents>
      </logical_group>
      <logical_group id="lg-10" display="no" color="cyan">
         <name>.sysmem</name>
         <run_address>0x0</run_address>
         <size>0x0</size>
         <contents>
         </contents>
      </logical_group>
      <logical_group id="lg-11" display="no" color="cyan">
         <name>.stack</name>
         <run_address>0x20207e00</run_address>
         <size>0x200</size>
         <contents>
            <object_component_ref idref="oc-1a"/>
            <object_component_ref idref="oc-110"/>
         </contents>
      </logical_group>
      <logical_group id="lg-12" display="no" color="cyan">
         <name>.BCRConfig</name>
         <run_address>0x0</run_address>
         <size>0x0</size>
         <contents>
         </contents>
      </logical_group>
      <logical_group id="lg-13" display="no" color="cyan">
         <name>.BSLConfig</name>
         <run_address>0x0</run_address>
         <size>0x0</size>
         <contents>
         </contents>
      </logical_group>
      <logical_group id="lg-d3" display="no" color="cyan">
         <name>.TI.noinit</name>
         <run_address>0x0</run_address>
         <size>0x0</size>
         <contents>
         </contents>
      </logical_group>
      <logical_group id="lg-d4" display="no" color="cyan">
         <name>.TI.persistent</name>
         <run_address>0x0</run_address>
         <size>0x0</size>
         <contents>
         </contents>
      </logical_group>
      <logical_group id="lg-d5" display="no" color="cyan">
         <name>__llvm_prf_cnts</name>
         <run_address>0x20200000</run_address>
         <size>0x0</size>
         <contents>
         </contents>
      </logical_group>
      <logical_group id="lg-d7" display="no" color="cyan">
         <name>__llvm_prf_bits</name>
         <run_address>0x20200000</run_address>
         <size>0x0</size>
         <contents>
         </contents>
      </logical_group>
      <logical_group id="lg-f0" display="never" color="cyan">
         <name>.debug_loc</name>
         <load_address>0x0</load_address>
         <run_address>0x0</run_address>
         <size>0x9c4</size>
         <contents>
            <object_component_ref idref="oc-58"/>
            <object_component_ref idref="oc-a2"/>
            <object_component_ref idref="oc-47"/>
            <object_component_ref idref="oc-36"/>
            <object_component_ref idref="oc-85"/>
            <object_component_ref idref="oc-8a"/>
         </contents>
      </logical_group>
      <logical_group id="lg-f2" display="never" color="cyan">
         <name>.debug_abbrev</name>
         <load_address>0x0</load_address>
         <run_address>0x0</run_address>
         <size>0x87d</size>
         <contents>
            <object_component_ref idref="oc-56"/>
            <object_component_ref idref="oc-a7"/>
            <object_component_ref idref="oc-30"/>
            <object_component_ref idref="oc-5b"/>
            <object_component_ref idref="oc-32"/>
            <object_component_ref idref="oc-a9"/>
            <object_component_ref idref="oc-af"/>
            <object_component_ref idref="oc-78"/>
            <object_component_ref idref="oc-77"/>
            <object_component_ref idref="oc-b5"/>
            <object_component_ref idref="oc-112"/>
         </contents>
      </logical_group>
      <logical_group id="lg-f4" display="never" color="cyan">
         <name>.debug_info</name>
         <load_address>0x0</load_address>
         <run_address>0x0</run_address>
         <size>0x6bd2</size>
         <contents>
            <object_component_ref idref="oc-2c"/>
            <object_component_ref idref="oc-7b"/>
            <object_component_ref idref="oc-19"/>
            <object_component_ref idref="oc-45"/>
            <object_component_ref idref="oc-1b"/>
            <object_component_ref idref="oc-81"/>
            <object_component_ref idref="oc-89"/>
            <object_component_ref idref="oc-62"/>
            <object_component_ref idref="oc-5f"/>
            <object_component_ref idref="oc-9b"/>
            <object_component_ref idref="oc-111"/>
         </contents>
      </logical_group>
      <logical_group id="lg-f6" display="never" color="cyan">
         <name>.debug_ranges</name>
         <load_address>0x0</load_address>
         <run_address>0x0</run_address>
         <size>0x3e8</size>
         <contents>
            <object_component_ref idref="oc-2d"/>
            <object_component_ref idref="oc-7e"/>
            <object_component_ref idref="oc-29"/>
            <object_component_ref idref="oc-46"/>
            <object_component_ref idref="oc-35"/>
            <object_component_ref idref="oc-80"/>
            <object_component_ref idref="oc-87"/>
            <object_component_ref idref="oc-9d"/>
         </contents>
      </logical_group>
      <logical_group id="lg-f8" display="never" color="cyan">
         <name>.debug_str</name>
         <load_address>0x0</load_address>
         <run_address>0x0</run_address>
         <size>0x4651</size>
         <contents>
            <object_component_ref idref="oc-57"/>
            <object_component_ref idref="oc-a8"/>
            <object_component_ref idref="oc-31"/>
            <object_component_ref idref="oc-5c"/>
            <object_component_ref idref="oc-33"/>
            <object_component_ref idref="oc-aa"/>
            <object_component_ref idref="oc-b0"/>
            <object_component_ref idref="oc-79"/>
         </contents>
      </logical_group>
      <logical_group id="lg-fa" display="never" color="cyan">
         <name>.debug_frame</name>
         <load_address>0x0</load_address>
         <run_address>0x0</run_address>
         <size>0x368</size>
         <contents>
            <object_component_ref idref="oc-2f"/>
            <object_component_ref idref="oc-7d"/>
            <object_component_ref idref="oc-28"/>
            <object_component_ref idref="oc-43"/>
            <object_component_ref idref="oc-4a"/>
            <object_component_ref idref="oc-82"/>
            <object_component_ref idref="oc-8b"/>
            <object_component_ref idref="oc-64"/>
         </contents>
      </logical_group>
      <logical_group id="lg-fc" display="never" color="cyan">
         <name>.debug_line</name>
         <load_address>0x0</load_address>
         <run_address>0x0</run_address>
         <size>0x1753</size>
         <contents>
            <object_component_ref idref="oc-2e"/>
            <object_component_ref idref="oc-7c"/>
            <object_component_ref idref="oc-27"/>
            <object_component_ref idref="oc-44"/>
            <object_component_ref idref="oc-34"/>
            <object_component_ref idref="oc-83"/>
            <object_component_ref idref="oc-88"/>
            <object_component_ref idref="oc-63"/>
            <object_component_ref idref="oc-60"/>
            <object_component_ref idref="oc-9a"/>
         </contents>
      </logical_group>
      <logical_group id="lg-106" display="never" color="cyan">
         <name>.debug_aranges</name>
         <load_address>0x0</load_address>
         <run_address>0x0</run_address>
         <size>0x48</size>
         <contents>
            <object_component_ref idref="oc-5e"/>
            <object_component_ref idref="oc-9c"/>
         </contents>
      </logical_group>
      <logical_group id="lg-10f" display="no" color="cyan">
         <name>Veneer$$CMSE</name>
         <run_address>0x0</run_address>
         <size>0x0</size>
         <contents>
         </contents>
      </logical_group>
      <load_segment id="lg-117" display="no" color="cyan">
         <name>SEGMENT_0</name>
         <load_address>0x0</load_address>
         <run_address>0x0</run_address>
         <size>0x950</size>
         <flags>0x5</flags>
         <contents>
            <logical_group_ref idref="lg-2"/>
            <logical_group_ref idref="lg-3"/>
            <logical_group_ref idref="lg-7"/>
            <logical_group_ref idref="lg-5"/>
         </contents>
      </load_segment>
      <load_segment id="lg-118" display="no" color="cyan">
         <name>SEGMENT_1</name>
         <run_address>0x20200000</run_address>
         <size>0x4002</size>
         <flags>0x6</flags>
         <contents>
            <logical_group_ref idref="lg-f"/>
         </contents>
      </load_segment>
      <load_segment id="lg-119" display="no" color="cyan">
         <name>SEGMENT_2</name>
         <run_address>0x20207e00</run_address>
         <size>0x200</size>
         <flags>0x6</flags>
         <contents>
            <logical_group_ref idref="lg-11"/>
         </contents>
      </load_segment>
   </logical_group_list>
   <placement_map>
      <memory_area display="yes" color="green">
         <name>FLASH</name>
         <page_id>0x0</page_id>
         <origin>0x0</origin>
         <length>0x20000</length>
         <used_space>0x950</used_space>
         <unused_space>0x1f6b0</unused_space>
         <attributes>RX</attributes>
         <usage_details>
            <allocated_space>
               <start_address>0x0</start_address>
               <size>0x0</size>
               <logical_group_ref idref="lg-a"/>
            </allocated_space>
            <allocated_space>
               <start_address>0x0</start_address>
               <size>0xc0</size>
               <logical_group_ref idref="lg-2"/>
            </allocated_space>
            <allocated_space>
               <start_address>0xc0</start_address>
               <size>0x838</size>
               <logical_group_ref idref="lg-3"/>
            </allocated_space>
            <allocated_space>
               <start_address>0x8f8</start_address>
               <size>0x40</size>
               <logical_group_ref idref="lg-7"/>
            </allocated_space>
            <allocated_space>
               <start_address>0x938</start_address>
               <size>0x18</size>
               <logical_group_ref idref="lg-5"/>
            </allocated_space>
            <available_space>
               <start_address>0x950</start_address>
               <size>0x1f6b0</size>
            </available_space>
         </usage_details>
      </memory_area>
      <memory_area display="yes" color="green">
         <name>SRAM</name>
         <page_id>0x0</page_id>
         <origin>0x20200000</origin>
         <length>0x8000</length>
         <used_space>0x4202</used_space>
         <unused_space>0x3dfe</unused_space>
         <attributes>RWX</attributes>
         <usage_details>
            <allocated_space>
               <start_address>0x20200000</start_address>
               <size>0x0</size>
               <logical_group_ref idref="lg-d5"/>
            </allocated_space>
            <allocated_space>
               <start_address>0x20200000</start_address>
               <size>0x0</size>
               <logical_group_ref idref="lg-d7"/>
            </allocated_space>
            <allocated_space>
               <start_address>0x20200000</start_address>
               <size>0x4002</size>
               <logical_group_ref idref="lg-f"/>
            </allocated_space>
            <available_space>
               <start_address>0x20204002</start_address>
               <size>0x3dfe</size>
            </available_space>
            <allocated_space>
               <start_address>0x20207e00</start_address>
               <size>0x200</size>
               <logical_group_ref idref="lg-11"/>
            </allocated_space>
         </usage_details>
      </memory_area>
      <memory_area display="yes" color="green">
         <name>BCR_CONFIG</name>
         <page_id>0x0</page_id>
         <origin>0x41c00000</origin>
         <length>0x80</length>
         <used_space>0x0</used_space>
         <unused_space>0x80</unused_space>
         <attributes>R</attributes>
         <usage_details>
         </usage_details>
      </memory_area>
      <memory_area display="yes" color="green">
         <name>BSL_CONFIG</name>
         <page_id>0x0</page_id>
         <origin>0x41c00100</origin>
         <length>0x80</length>
         <used_space>0x0</used_space>
         <unused_space>0x80</unused_space>
         <attributes>R</attributes>
         <usage_details>
         </usage_details>
      </memory_area>
   </placement_map>
   <cptbl_list>
      <cptbl>
         <name>__TI_cinit_table</name>
         <cprec>
            <name>.bss</name>
            <load_address>0x938</load_address>
            <load_size>0x8</load_size>
            <run_address>0x20200000</run_address>
            <run_size>0x4002</run_size>
            <compression>zero_init</compression>
         </cprec>
      </cptbl>
   </cptbl_list>
   <handler_table>
      <handler_table_name>__TI_handler_table</handler_table_name>
      <handler>
         <index>0x0</index>
         <name>__TI_zero_init</name>
      </handler>
   </handler_table>
   <symbol_table>
      <symbol id="sm-1">
         <name>__start___llvm_prf_cnts</name>
         <value>0x20200000</value>
      </symbol>
      <symbol id="sm-2">
         <name>__stop___llvm_prf_cnts</name>
         <value>0x20200000</value>
      </symbol>
      <symbol id="sm-3">
         <name>__start___llvm_prf_bits</name>
         <value>0x20200000</value>
      </symbol>
      <symbol id="sm-4">
         <name>__stop___llvm_prf_bits</name>
         <value>0x20200000</value>
      </symbol>
      <symbol id="sm-5">
         <name>__TI_CINIT_Base</name>
         <value>0x944</value>
      </symbol>
      <symbol id="sm-6">
         <name>__TI_CINIT_Limit</name>
         <value>0x94c</value>
      </symbol>
      <symbol id="sm-7">
         <name>__TI_CINIT_Warm</name>
         <value>0x94c</value>
      </symbol>
      <symbol id="sm-8">
         <name>__TI_Handler_Table_Base</name>
         <value>0x940</value>
      </symbol>
      <symbol id="sm-9">
         <name>__TI_Handler_Table_Limit</name>
         <value>0x944</value>
      </symbol>
      <symbol id="sm-a">
         <name>binit</name>
         <value>0xffffffff</value>
      </symbol>
      <symbol id="sm-b">
         <name>__binit__</name>
         <value>0xffffffff</value>
      </symbol>
      <symbol id="sm-c">
         <name>__STACK_SIZE</name>
         <value>0x200</value>
      </symbol>
      <symbol id="sm-d">
         <name>__STACK_END</name>
         <value>0x20208000</value>
      </symbol>
      <symbol id="sm-e">
         <name>__TI_pprof_out_hndl</name>
         <value>0xffffffff</value>
      </symbol>
      <symbol id="sm-f">
         <name>__TI_prof_data_start</name>
         <value>0xffffffff</value>
      </symbol>
      <symbol id="sm-10">
         <name>__TI_prof_data_size</name>
         <value>0xffffffff</value>
      </symbol>
      <symbol id="sm-3d">
         <name>main</name>
         <value>0xc1</value>
         <object_component_ref idref="oc-65"/>
      </symbol>
      <symbol id="sm-3e">
         <name>gPing</name>
         <value>0x20204001</value>
      </symbol>
      <symbol id="sm-3f">
         <name>gADCSamplesPing</name>
         <value>0x20200000</value>
      </symbol>
      <symbol id="sm-40">
         <name>gCheckADC</name>
         <value>0x20204000</value>
      </symbol>
      <symbol id="sm-41">
         <name>gADCSamplesPong</name>
         <value>0x20202000</value>
      </symbol>
      <symbol id="sm-42">
         <name>ADC0_IRQHandler</name>
         <value>0x33d</value>
         <object_component_ref idref="oc-2b"/>
      </symbol>
      <symbol id="sm-6f">
         <name>SYSCFG_DL_init</name>
         <value>0x86d</value>
         <object_component_ref idref="oc-7a"/>
      </symbol>
      <symbol id="sm-70">
         <name>SYSCFG_DL_initPower</name>
         <value>0x5b5</value>
         <object_component_ref idref="oc-9f"/>
      </symbol>
      <symbol id="sm-71">
         <name>SYSCFG_DL_GPIO_init</name>
         <value>0x6bd</value>
         <object_component_ref idref="oc-a0"/>
      </symbol>
      <symbol id="sm-72">
         <name>SYSCFG_DL_SYSCTL_init</name>
         <value>0x729</value>
         <object_component_ref idref="oc-a1"/>
      </symbol>
      <symbol id="sm-73">
         <name>SYSCFG_DL_UART_0_init</name>
         <value>0x40d</value>
         <object_component_ref idref="oc-a3"/>
      </symbol>
      <symbol id="sm-74">
         <name>SYSCFG_DL_ADC12_0_init</name>
         <value>0x299</value>
         <object_component_ref idref="oc-a4"/>
      </symbol>
      <symbol id="sm-75">
         <name>SYSCFG_DL_VREF_init</name>
         <value>0x759</value>
         <object_component_ref idref="oc-a5"/>
      </symbol>
      <symbol id="sm-76">
         <name>SYSCFG_DL_DMA_init</name>
         <value>0x8df</value>
         <object_component_ref idref="oc-a6"/>
      </symbol>
      <symbol id="sm-77">
         <name>SYSCFG_DL_DMA_CH0_init</name>
         <value>0x46d</value>
         <object_component_ref idref="oc-c1"/>
      </symbol>
      <symbol id="sm-82">
         <name>Default_Handler</name>
         <value>0x40b</value>
         <object_component_ref idref="oc-2a"/>
      </symbol>
      <symbol id="sm-83">
         <name>Reset_Handler</name>
         <value>0x8e7</value>
         <object_component_ref idref="oc-26"/>
      </symbol>
      <symbol id="sm-84">
         <name>interruptVectors</name>
         <value>0x0</value>
         <object_component_ref idref="oc-18"/>
      </symbol>
      <symbol id="sm-85">
         <name>NMI_Handler</name>
         <value>0x40b</value>
         <object_component_ref idref="oc-2a"/>
      </symbol>
      <symbol id="sm-86">
         <name>HardFault_Handler</name>
         <value>0x40b</value>
         <object_component_ref idref="oc-2a"/>
      </symbol>
      <symbol id="sm-87">
         <name>SVC_Handler</name>
         <value>0x40b</value>
         <object_component_ref idref="oc-2a"/>
      </symbol>
      <symbol id="sm-88">
         <name>PendSV_Handler</name>
         <value>0x40b</value>
         <object_component_ref idref="oc-2a"/>
      </symbol>
      <symbol id="sm-89">
         <name>SysTick_Handler</name>
         <value>0x40b</value>
         <object_component_ref idref="oc-2a"/>
      </symbol>
      <symbol id="sm-8a">
         <name>GROUP0_IRQHandler</name>
         <value>0x40b</value>
         <object_component_ref idref="oc-2a"/>
      </symbol>
      <symbol id="sm-8b">
         <name>GROUP1_IRQHandler</name>
         <value>0x40b</value>
         <object_component_ref idref="oc-2a"/>
      </symbol>
      <symbol id="sm-8c">
         <name>TIMG8_IRQHandler</name>
         <value>0x40b</value>
         <object_component_ref idref="oc-2a"/>
      </symbol>
      <symbol id="sm-8d">
         <name>UART3_IRQHandler</name>
         <value>0x40b</value>
         <object_component_ref idref="oc-2a"/>
      </symbol>
      <symbol id="sm-8e">
         <name>ADC1_IRQHandler</name>
         <value>0x40b</value>
         <object_component_ref idref="oc-2a"/>
      </symbol>
      <symbol id="sm-8f">
         <name>CANFD0_IRQHandler</name>
         <value>0x40b</value>
         <object_component_ref idref="oc-2a"/>
      </symbol>
      <symbol id="sm-90">
         <name>DAC0_IRQHandler</name>
         <value>0x40b</value>
         <object_component_ref idref="oc-2a"/>
      </symbol>
      <symbol id="sm-91">
         <name>SPI0_IRQHandler</name>
         <value>0x40b</value>
         <object_component_ref idref="oc-2a"/>
      </symbol>
      <symbol id="sm-92">
         <name>SPI1_IRQHandler</name>
         <value>0x40b</value>
         <object_component_ref idref="oc-2a"/>
      </symbol>
      <symbol id="sm-93">
         <name>UART1_IRQHandler</name>
         <value>0x40b</value>
         <object_component_ref idref="oc-2a"/>
      </symbol>
      <symbol id="sm-94">
         <name>UART2_IRQHandler</name>
         <value>0x40b</value>
         <object_component_ref idref="oc-2a"/>
      </symbol>
      <symbol id="sm-95">
         <name>UART0_IRQHandler</name>
         <value>0x40b</value>
         <object_component_ref idref="oc-2a"/>
      </symbol>
      <symbol id="sm-96">
         <name>TIMG0_IRQHandler</name>
         <value>0x40b</value>
         <object_component_ref idref="oc-2a"/>
      </symbol>
      <symbol id="sm-97">
         <name>TIMG6_IRQHandler</name>
         <value>0x40b</value>
         <object_component_ref idref="oc-2a"/>
      </symbol>
      <symbol id="sm-98">
         <name>TIMA0_IRQHandler</name>
         <value>0x40b</value>
         <object_component_ref idref="oc-2a"/>
      </symbol>
      <symbol id="sm-99">
         <name>TIMA1_IRQHandler</name>
         <value>0x40b</value>
         <object_component_ref idref="oc-2a"/>
      </symbol>
      <symbol id="sm-9a">
         <name>TIMG7_IRQHandler</name>
         <value>0x40b</value>
         <object_component_ref idref="oc-2a"/>
      </symbol>
      <symbol id="sm-9b">
         <name>TIMG12_IRQHandler</name>
         <value>0x40b</value>
         <object_component_ref idref="oc-2a"/>
      </symbol>
      <symbol id="sm-9c">
         <name>I2C0_IRQHandler</name>
         <value>0x40b</value>
         <object_component_ref idref="oc-2a"/>
      </symbol>
      <symbol id="sm-9d">
         <name>I2C1_IRQHandler</name>
         <value>0x40b</value>
         <object_component_ref idref="oc-2a"/>
      </symbol>
      <symbol id="sm-9e">
         <name>AES_IRQHandler</name>
         <value>0x40b</value>
         <object_component_ref idref="oc-2a"/>
      </symbol>
      <symbol id="sm-9f">
         <name>RTC_IRQHandler</name>
         <value>0x40b</value>
         <object_component_ref idref="oc-2a"/>
      </symbol>
      <symbol id="sm-a0">
         <name>DMA_IRQHandler</name>
         <value>0x40b</value>
         <object_component_ref idref="oc-2a"/>
      </symbol>
      <symbol id="sm-a6">
         <name>DL_ADC12_setClockConfig</name>
         <value>0x51d</value>
         <object_component_ref idref="oc-bb"/>
      </symbol>
      <symbol id="sm-aa">
         <name>DL_Common_delayCycles</name>
         <value>0x8bf</value>
         <object_component_ref idref="oc-b6"/>
      </symbol>
      <symbol id="sm-b4">
         <name>DL_DMA_initChannel</name>
         <value>0x601</value>
         <object_component_ref idref="oc-ce"/>
      </symbol>
      <symbol id="sm-be">
         <name>DL_UART_init</name>
         <value>0x569</value>
         <object_component_ref idref="oc-b8"/>
      </symbol>
      <symbol id="sm-bf">
         <name>DL_UART_setClockConfig</name>
         <value>0x825</value>
         <object_component_ref idref="oc-b7"/>
      </symbol>
      <symbol id="sm-c5">
         <name>DL_VREF_configReference</name>
         <value>0x6f5</value>
         <object_component_ref idref="oc-be"/>
      </symbol>
      <symbol id="sm-c6">
         <name>DL_VREF_setClockConfig</name>
         <value>0x849</value>
         <object_component_ref idref="oc-bd"/>
      </symbol>
      <symbol id="sm-d0">
         <name>__TI_zero_init</name>
         <value>0x8cf</value>
         <object_component_ref idref="oc-48"/>
      </symbol>
      <symbol id="sm-dd">
         <name>_c_int00_noargs</name>
         <value>0x7fd</value>
         <object_component_ref idref="oc-4b"/>
      </symbol>
      <symbol id="sm-de">
         <name>__stack</name>
         <value>0x20207e00</value>
         <object_component_ref idref="oc-1a"/>
      </symbol>
      <symbol id="sm-e9">
         <name>abort</name>
         <value>0x8ef</value>
         <object_component_ref idref="oc-7f"/>
      </symbol>
      <symbol id="sm-ea">
         <name>C$$EXIT</name>
         <value>0x8ee</value>
         <object_component_ref idref="oc-7f"/>
      </symbol>
      <symbol id="sm-f7">
         <name>__TI_auto_init_nobinit_nopinit</name>
         <value>0x649</value>
         <object_component_ref idref="oc-86"/>
      </symbol>
      <symbol id="sm-ff">
         <name>_system_pre_init</name>
         <value>0x8eb</value>
         <object_component_ref idref="oc-61"/>
      </symbol>
      <symbol id="sm-106">
         <name>__aeabi_memset</name>
         <value>0x88d</value>
         <object_component_ref idref="oc-5d"/>
      </symbol>
      <symbol id="sm-107">
         <name>__aeabi_memset4</name>
         <value>0x88d</value>
         <object_component_ref idref="oc-5d"/>
      </symbol>
      <symbol id="sm-108">
         <name>__aeabi_memset8</name>
         <value>0x88d</value>
         <object_component_ref idref="oc-5d"/>
      </symbol>
      <symbol id="sm-109">
         <name>__aeabi_memclr</name>
         <value>0x89d</value>
         <object_component_ref idref="oc-5d"/>
      </symbol>
      <symbol id="sm-10a">
         <name>__aeabi_memclr4</name>
         <value>0x89d</value>
         <object_component_ref idref="oc-5d"/>
      </symbol>
      <symbol id="sm-10b">
         <name>__aeabi_memclr8</name>
         <value>0x89d</value>
         <object_component_ref idref="oc-5d"/>
      </symbol>
      <symbol id="sm-11b">
         <name>memset</name>
         <value>0x3a9</value>
         <object_component_ref idref="oc-9e"/>
      </symbol>
      <symbol id="sm-11c">
         <name>__TI_static_base__</name>
         <value>0x0</value>
      </symbol>
      <symbol id="sm-11e">
         <name>__mpu_init</name>
         <value>0x0</value>
      </symbol>
      <symbol id="sm-11f">
         <name>_system_post_cinit</name>
         <value>0x0</value>
      </symbol>
   </symbol_table>
   <title>Link successful</title>
</link_info>
