******************************************************************************
            TI ARM Clang Linker PC v2.1.3                      
******************************************************************************
>> Linked Tue Mar 19 12:17:04 2024

OUTPUT FILE NAME:   <adc_dma_ping_pong_LP_MSPM0G3507_nortos_ticlang.out>
ENTRY POINT SYMBOL: "_c_int00_noargs"  address: 000006e9


MEMORY CONFIGURATION

         name            origin    length      used     unused   attr    fill
----------------------  --------  ---------  --------  --------  ----  --------
  FLASH                 00000000   00020000  00000850  0001f7b0  R  X
  SRAM                  20200000   00008000  00000402  00007bfe  RW X
  BCR_CONFIG            41c00000   00000080  00000000  00000080  R   
  BSL_CONFIG            41c00100   00000080  00000000  00000080  R   


SEGMENT ALLOCATION MAP

run origin  load origin   length   init length attrs members
----------  ----------- ---------- ----------- ----- -------
00000000    00000000    00000850   00000850    r-x
  00000000    00000000    000000c0   000000c0    r-- .intvecs
  000000c0    000000c0    00000738   00000738    r-x .text
  000007f8    000007f8    00000040   00000040    r-- .rodata
  00000838    00000838    00000018   00000018    r-- .cinit
20200000    20200000    00000202   00000000    rw-
  20200000    20200000    00000202   00000000    rw- .bss
20207e00    20207e00    00000200   00000000    rw-
  20207e00    20207e00    00000200   00000000    rw- .stack


SECTION ALLOCATION MAP

 output                                  attributes/
section   page    origin      length       input sections
--------  ----  ----------  ----------   ----------------
.intvecs   0    00000000    000000c0     
                  00000000    000000c0     startup_mspm0g350x_ticlang.o (.intvecs)

.text      0    000000c0    00000738     
                  000000c0    00000104     adc_dma_ping_pong.o (.text.main)
                  000001c4    000000a4     ti_msp_dl_config.o (.text.SYSCFG_DL_ADC12_0_init)
                  00000268    0000006c     adc_dma_ping_pong.o (.text.ADC0_IRQHandler)
                  000002d4    00000060     ti_msp_dl_config.o (.text.SYSCFG_DL_UART_0_init)
                  00000334    0000005c     ti_msp_dl_config.o (.text.SYSCFG_DL_DMA_CH0_init)
                  00000390    00000054     driverlib.a : dl_dma.o (.text.DL_DMA_configTransfer)
                  000003e4    0000004c                 : dl_adc12.o (.text.DL_ADC12_setClockConfig)
                  00000430    0000004c                 : dl_uart.o (.text.DL_UART_init)
                  0000047c    0000004c     ti_msp_dl_config.o (.text.SYSCFG_DL_initPower)
                  000004c8    00000046     driverlib.a : dl_dma.o (.text.DL_DMA_initChannel)
                  0000050e    00000002     startup_mspm0g350x_ticlang.o (.text.Default_Handler)
                  00000510    0000003c     libc.a : autoinit.c.obj (.text:__TI_auto_init_nobinit_nopinit)
                  0000054c    00000038     driverlib.a : dl_dma.o (.text.DL_DMA_setTrigger)
                  00000584    00000034                 : dl_vref.o (.text.DL_VREF_configReference)
                  000005b8    00000034     ti_msp_dl_config.o (.text.SYSCFG_DL_GPIO_init)
                  000005ec    00000030     ti_msp_dl_config.o (.text.SYSCFG_DL_SYSCTL_init)
                  0000061c    0000002c     ti_msp_dl_config.o (.text.SYSCFG_DL_VREF_init)
                  00000648    00000028     driverlib.a : dl_adc12.o (.text.DL_Common_updateReg)
                  00000670    00000028                 : dl_dma.o (.text.DL_Common_updateReg)
                  00000698    00000028                 : dl_uart.o (.text.DL_Common_updateReg)
                  000006c0    00000028                 : dl_uart.o (.text.DL_UART_transmitDataBlocking)
                  000006e8    00000028     libc.a : boot_cortex_m.c.obj (.text:_c_int00_noargs)
                  00000710    00000024     driverlib.a : dl_uart.o (.text.DL_UART_setClockConfig)
                  00000734    00000024                 : dl_vref.o (.text.DL_VREF_setClockConfig)
                  00000758    00000020     ti_msp_dl_config.o (.text.SYSCFG_DL_init)
                  00000778    00000018     driverlib.a : dl_uart.o (.text.DL_UART_isTXFIFOFull)
                  00000790    00000016                 : dl_uart.o (.text.DL_UART_disable)
                  000007a6    00000016                 : dl_uart.o (.text.DL_UART_transmitData)
                  000007bc    00000014     libc.a : copy_zero_init.c.obj (.text:decompress:ZI:__TI_zero_init_nomemset)
                  000007d0    00000010     driverlib.a : dl_common.o (.text.DL_Common_delayCycles)
                  000007e0    00000008     ti_msp_dl_config.o (.text.SYSCFG_DL_DMA_init)
                  000007e8    00000004     startup_mspm0g350x_ticlang.o (.text.Reset_Handler)
                  000007ec    00000004     libc.a : pre_init.c.obj (.text._system_pre_init)
                  000007f0    00000004            : exit.c.obj (.text:abort)
                  000007f4    00000004     --HOLE-- [fill = 0]

.cinit     0    00000838    00000018     
                  00000838    00000008     (.cinit..bss.load) [load image, compression = zero_init]
                  00000840    00000004     (__TI_handler_table)
                  00000844    00000008     (__TI_cinit_table)
                  0000084c    00000004     --HOLE-- [fill = 0]

.rodata    0    000007f8    00000040     
                  000007f8    00000018     ti_msp_dl_config.o (.rodata.gDMA_CH0Config)
                  00000810    0000000c     ti_msp_dl_config.o (.rodata.gVREFConfig)
                  0000081c    0000000a     ti_msp_dl_config.o (.rodata.gUART_0Config)
                  00000826    00000002     ti_msp_dl_config.o (.rodata.gUART_0ClockConfig)
                  00000828    00000008     ti_msp_dl_config.o (.rodata.gADC12_0ClockConfig)
                  00000830    00000002     ti_msp_dl_config.o (.rodata.gVREFClockConfig)
                  00000832    00000006     --HOLE-- [fill = 0]

.init_array 
*          0    00000000    00000000     UNINITIALIZED

.binit     0    00000000    00000000     

.bss       0    20200000    00000202     UNINITIALIZED
                  20200000    00000100     (.common:gADCSamplesPing)
                  20200100    00000100     (.common:gADCSamplesPong)
                  20200200    00000001     (.common:gCheckADC)
                  20200201    00000001     (.common:gPing)

.stack     0    20207e00    00000200     UNINITIALIZED
                  20207e00    00000004     libc.a : boot_cortex_m.c.obj (.stack)
                  20207e04    000001fc     --HOLE--

__llvm_prf_cnts 
*          0    20200000    00000000     UNINITIALIZED

__llvm_prf_bits 
*          0    20200000    00000000     UNINITIALIZED

MODULE SUMMARY

       Module                         code   ro data   rw data
       ------                         ----   -------   -------
    .\
       adc_dma_ping_pong.o            368    0         514    
       startup_mspm0g350x_ticlang.o   6      192       0      
    +--+------------------------------+------+---------+---------+
       Total:                         374    192       514    
                                                              
    .\syscfg\
       ti_msp_dl_config.o             612    58        0      
    +--+------------------------------+------+---------+---------+
       Total:                         612    58        0      
                                                              
    C:/ti/mspm0_sdk_1_20_01_06/source/ti/driverlib/lib/ticlang/m0p/mspm0g1x0x_g3x0x/driverlib.a
       dl_uart.o                      260    0         0      
       dl_dma.o                       250    0         0      
       dl_adc12.o                     116    0         0      
       dl_vref.o                      88     0         0      
       dl_common.o                    16     0         0      
    +--+------------------------------+------+---------+---------+
       Total:                         730    0         0      
                                                              
    C:\ti\ccstheia110\ccs\tools\compiler\ti-cgt-armllvm_2.1.3.LTS\lib\armv6m-ti-none-eabi/c/libc.a
       autoinit.c.obj                 60     0         0      
       boot_cortex_m.c.obj            40     0         0      
       copy_zero_init.c.obj           20     0         0      
       exit.c.obj                     4      0         0      
       pre_init.c.obj                 4      0         0      
    +--+------------------------------+------+---------+---------+
       Total:                         128    0         0      
                                                              
       Stack:                         0      0         512    
       Linker Generated:              0      20        0      
    +--+------------------------------+------+---------+---------+
       Grand Total:                   1844   270       1026   


LINKER GENERATED COPY TABLES

__TI_cinit_table @ 00000844 records: 1, size/record: 8, table size: 8
	.bss: load addr=00000838, load size=00000008 bytes, run addr=20200000, run size=00000202 bytes, compression=zero_init


LINKER GENERATED HANDLER TABLE

__TI_handler_table @ 00000840 records: 1, size/record: 4, table size: 4
	index: 0, handler: __TI_zero_init


GLOBAL SYMBOLS: SORTED ALPHABETICALLY BY Name 

address   name                          
-------   ----                          
00000269  ADC0_IRQHandler               
0000050f  ADC1_IRQHandler               
0000050f  AES_IRQHandler                
000007f0  C$$EXIT                       
0000050f  CANFD0_IRQHandler             
0000050f  DAC0_IRQHandler               
000003e5  DL_ADC12_setClockConfig       
000007d1  DL_Common_delayCycles         
000004c9  DL_DMA_initChannel            
00000431  DL_UART_init                  
00000711  DL_UART_setClockConfig        
000006c1  DL_UART_transmitDataBlocking  
00000585  DL_VREF_configReference       
00000735  DL_VREF_setClockConfig        
0000050f  DMA_IRQHandler                
0000050f  Default_Handler               
0000050f  GROUP0_IRQHandler             
0000050f  GROUP1_IRQHandler             
0000050f  HardFault_Handler             
0000050f  I2C0_IRQHandler               
0000050f  I2C1_IRQHandler               
0000050f  NMI_Handler                   
0000050f  PendSV_Handler                
0000050f  RTC_IRQHandler                
000007e9  Reset_Handler                 
0000050f  SPI0_IRQHandler               
0000050f  SPI1_IRQHandler               
0000050f  SVC_Handler                   
000001c5  SYSCFG_DL_ADC12_0_init        
00000335  SYSCFG_DL_DMA_CH0_init        
000007e1  SYSCFG_DL_DMA_init            
000005b9  SYSCFG_DL_GPIO_init           
000005ed  SYSCFG_DL_SYSCTL_init         
000002d5  SYSCFG_DL_UART_0_init         
0000061d  SYSCFG_DL_VREF_init           
00000759  SYSCFG_DL_init                
0000047d  SYSCFG_DL_initPower           
0000050f  SysTick_Handler               
0000050f  TIMA0_IRQHandler              
0000050f  TIMA1_IRQHandler              
0000050f  TIMG0_IRQHandler              
0000050f  TIMG12_IRQHandler             
0000050f  TIMG6_IRQHandler              
0000050f  TIMG7_IRQHandler              
0000050f  TIMG8_IRQHandler              
0000050f  UART0_IRQHandler              
0000050f  UART1_IRQHandler              
0000050f  UART2_IRQHandler              
0000050f  UART3_IRQHandler              
20208000  __STACK_END                   
00000200  __STACK_SIZE                  
00000844  __TI_CINIT_Base               
0000084c  __TI_CINIT_Limit              
0000084c  __TI_CINIT_Warm               
00000840  __TI_Handler_Table_Base       
00000844  __TI_Handler_Table_Limit      
00000511  __TI_auto_init_nobinit_nopinit
ffffffff  __TI_pprof_out_hndl           
ffffffff  __TI_prof_data_size           
ffffffff  __TI_prof_data_start          
00000000  __TI_static_base__            
000007bd  __TI_zero_init_nomemset       
ffffffff  __binit__                     
UNDEFED   __mpu_init                    
20207e00  __stack                       
20200000  __start___llvm_prf_bits       
20200000  __start___llvm_prf_cnts       
20200000  __stop___llvm_prf_bits        
20200000  __stop___llvm_prf_cnts        
000006e9  _c_int00_noargs               
UNDEFED   _system_post_cinit            
000007ed  _system_pre_init              
000007f1  abort                         
ffffffff  binit                         
20200000  gADCSamplesPing               
20200100  gADCSamplesPong               
20200200  gCheckADC                     
20200201  gPing                         
00000000  interruptVectors              
000000c1  main                          


GLOBAL SYMBOLS: SORTED BY Symbol Address 

address   name                          
-------   ----                          
00000000  __TI_static_base__            
00000000  interruptVectors              
000000c1  main                          
000001c5  SYSCFG_DL_ADC12_0_init        
00000200  __STACK_SIZE                  
00000269  ADC0_IRQHandler               
000002d5  SYSCFG_DL_UART_0_init         
00000335  SYSCFG_DL_DMA_CH0_init        
000003e5  DL_ADC12_setClockConfig       
00000431  DL_UART_init                  
0000047d  SYSCFG_DL_initPower           
000004c9  DL_DMA_initChannel            
0000050f  ADC1_IRQHandler               
0000050f  AES_IRQHandler                
0000050f  CANFD0_IRQHandler             
0000050f  DAC0_IRQHandler               
0000050f  DMA_IRQHandler                
0000050f  Default_Handler               
0000050f  GROUP0_IRQHandler             
0000050f  GROUP1_IRQHandler             
0000050f  HardFault_Handler             
0000050f  I2C0_IRQHandler               
0000050f  I2C1_IRQHandler               
0000050f  NMI_Handler                   
0000050f  PendSV_Handler                
0000050f  RTC_IRQHandler                
0000050f  SPI0_IRQHandler               
0000050f  SPI1_IRQHandler               
0000050f  SVC_Handler                   
0000050f  SysTick_Handler               
0000050f  TIMA0_IRQHandler              
0000050f  TIMA1_IRQHandler              
0000050f  TIMG0_IRQHandler              
0000050f  TIMG12_IRQHandler             
0000050f  TIMG6_IRQHandler              
0000050f  TIMG7_IRQHandler              
0000050f  TIMG8_IRQHandler              
0000050f  UART0_IRQHandler              
0000050f  UART1_IRQHandler              
0000050f  UART2_IRQHandler              
0000050f  UART3_IRQHandler              
00000511  __TI_auto_init_nobinit_nopinit
00000585  DL_VREF_configReference       
000005b9  SYSCFG_DL_GPIO_init           
000005ed  SYSCFG_DL_SYSCTL_init         
0000061d  SYSCFG_DL_VREF_init           
000006c1  DL_UART_transmitDataBlocking  
000006e9  _c_int00_noargs               
00000711  DL_UART_setClockConfig        
00000735  DL_VREF_setClockConfig        
00000759  SYSCFG_DL_init                
000007bd  __TI_zero_init_nomemset       
000007d1  DL_Common_delayCycles         
000007e1  SYSCFG_DL_DMA_init            
000007e9  Reset_Handler                 
000007ed  _system_pre_init              
000007f0  C$$EXIT                       
000007f1  abort                         
00000840  __TI_Handler_Table_Base       
00000844  __TI_CINIT_Base               
00000844  __TI_Handler_Table_Limit      
0000084c  __TI_CINIT_Limit              
0000084c  __TI_CINIT_Warm               
20200000  __start___llvm_prf_bits       
20200000  __start___llvm_prf_cnts       
20200000  __stop___llvm_prf_bits        
20200000  __stop___llvm_prf_cnts        
20200000  gADCSamplesPing               
20200100  gADCSamplesPong               
20200200  gCheckADC                     
20200201  gPing                         
20207e00  __stack                       
20208000  __STACK_END                   
ffffffff  __TI_pprof_out_hndl           
ffffffff  __TI_prof_data_size           
ffffffff  __TI_prof_data_start          
ffffffff  __binit__                     
ffffffff  binit                         
UNDEFED   __mpu_init                    
UNDEFED   _system_post_cinit            

[80 symbols]
