******************************************************************************
            TI ARM Clang Linker PC v2.1.3                      
******************************************************************************
>> Linked Sun Mar 10 17:20:20 2024

OUTPUT FILE NAME:   <timx_timer_mode_periodic_sleep_LP_MSPM0G3507_nortos_ticlang.out>
ENTRY POINT SYMBOL: "_c_int00_noinit_noargs"  address: 00000381


MEMORY CONFIGURATION

         name            origin    length      used     unused   attr    fill
----------------------  --------  ---------  --------  --------  ----  --------
  FLASH                 00000000   00020000  00000440  0001fbc0  R  X
  SRAM                  20200000   00008000  00000200  00007e00  RW X
  BCR_CONFIG            41c00000   00000080  00000000  00000080  R   
  BSL_CONFIG            41c00100   00000080  00000000  00000080  R   


SEGMENT ALLOCATION MAP

run origin  load origin   length   init length attrs members
----------  ----------- ---------- ----------- ----- -------
00000000    00000000    00000440   00000440    r-x
  00000000    00000000    000000c0   000000c0    r-- .intvecs
  000000c0    000000c0    00000368   00000368    r-x .text
  00000428    00000428    00000018   00000018    r-- .rodata
20207e00    20207e00    00000200   00000000    rw-
  20207e00    20207e00    00000200   00000000    rw- .stack


SECTION ALLOCATION MAP

 output                                  attributes/
section   page    origin      length       input sections
--------  ----  ----------  ----------   ----------------
.intvecs   0    00000000    000000c0     
                  00000000    000000c0     startup_mspm0g350x_ticlang.o (.intvecs)

.text      0    000000c0    00000368     
                  000000c0    00000100     driverlib.a : dl_timer.o (.text.DL_Timer_initTimerMode)
                  000001c0    00000040     ti_msp_dl_config.o (.text.SYSCFG_DL_SYSCTL_init)
                  00000200    0000003c     driverlib.a : dl_timer.o (.text.DL_Timer_setCaptureCompareCtl)
                  0000023c    00000038     ti_msp_dl_config.o (.text.SYSCFG_DL_TIMER_0_init)
                  00000274    00000034     driverlib.a : dl_timer.o (.text.DL_Timer_setClockConfig)
                  000002a8    00000034     ti_msp_dl_config.o (.text.SYSCFG_DL_initPower)
                  000002dc    00000030     timx_timer_mode_periodic_sleep.o (.text.main)
                  0000030c    0000002c     driverlib.a : dl_timer.o (.text.DL_Timer_setCaptureCompareValue)
                  00000338    00000028                 : dl_timer.o (.text.DL_Common_updateReg)
                  00000360    00000020                 : dl_timer.o (.text.DL_Timer_setCounterValueAfterEnable)
                  00000380    00000020     libc.a : boot_cortex_m.c.obj (.text:_c_int00_noinit_noargs)
                  000003a0    0000001c     ti_msp_dl_config.o (.text.SYSCFG_DL_GPIO_init)
                  000003bc    0000001c     timx_timer_mode_periodic_sleep.o (.text.TIMG0_IRQHandler)
                  000003d8    00000018     driverlib.a : dl_timer.o (.text.DL_Timer_setLoadValue)
                  000003f0    00000014                 : dl_common.o (.text.DL_Common_delayCycles)
                  00000404    00000014     ti_msp_dl_config.o (.text.SYSCFG_DL_init)
                  00000418    00000004     startup_mspm0g350x_ticlang.o (.text.Reset_Handler)
                  0000041c    00000004     libc.a : pre_init.c.obj (.text._system_pre_init)
                  00000420    00000004            : exit.c.obj (.text:abort)
                  00000424    00000002     startup_mspm0g350x_ticlang.o (.text.Default_Handler)
                  00000426    00000002     --HOLE-- [fill = 0]

.cinit     0    00000000    00000000     

.rodata    0    00000428    00000018     
                  00000428    00000014     ti_msp_dl_config.o (.rodata.gTIMER_0TimerConfig)
                  0000043c    00000003     ti_msp_dl_config.o (.rodata.gTIMER_0ClockConfig)
                  0000043f    00000001     --HOLE-- [fill = 0]

.init_array 
*          0    00000000    00000000     UNINITIALIZED

.binit     0    00000000    00000000     

.stack     0    20207e00    00000200     UNINITIALIZED
                  20207e00    00000004     libc.a : boot_cortex_m.c.obj (.stack)
                  20207e04    000001fc     --HOLE--

__llvm_prf_cnts 
*          0    20200000    00000000     UNINITIALIZED

__llvm_prf_bits 
*          0    20200000    00000000     UNINITIALIZED

MODULE SUMMARY

       Module                             code   ro data   rw data
       ------                             ----   -------   -------
    .\
       ti_msp_dl_config.o                 220    23        0      
       startup_mspm0g350x_ticlang.o       6      192       0      
       timx_timer_mode_periodic_sleep.o   76     0         0      
    +--+----------------------------------+------+---------+---------+
       Total:                             302    215       0      
                                                                  
    C:/ti/mspm0_sdk_1_30_00_03/source/ti/driverlib/lib/ticlang/m0p/mspm0g1x0x_g3x0x/driverlib.a
       dl_timer.o                         508    0         0      
       dl_common.o                        20     0         0      
    +--+----------------------------------+------+---------+---------+
       Total:                             528    0         0      
                                                                  
    C:\ti\ccstheia110\ccs\tools\compiler\ti-cgt-armllvm_2.1.3.LTS\lib\armv6m-ti-none-eabi/c/libc.a
       boot_cortex_m.c.obj                32     0         0      
       exit.c.obj                         4      0         0      
       pre_init.c.obj                     4      0         0      
    +--+----------------------------------+------+---------+---------+
       Total:                             40     0         0      
                                                                  
       Stack:                             0      0         512    
    +--+----------------------------------+------+---------+---------+
       Grand Total:                       870    215       512    


GLOBAL SYMBOLS: SORTED ALPHABETICALLY BY Name 

address   name                           
-------   ----                           
00000425  ADC0_IRQHandler                
00000425  ADC1_IRQHandler                
00000425  AES_IRQHandler                 
00000420  C$$EXIT                        
00000425  CANFD0_IRQHandler              
00000425  DAC0_IRQHandler                
000003f1  DL_Common_delayCycles          
000000c1  DL_Timer_initTimerMode         
00000201  DL_Timer_setCaptureCompareCtl  
0000030d  DL_Timer_setCaptureCompareValue
00000275  DL_Timer_setClockConfig        
00000425  DMA_IRQHandler                 
00000425  Default_Handler                
00000425  GROUP0_IRQHandler              
00000425  GROUP1_IRQHandler              
00000425  HardFault_Handler              
00000425  I2C0_IRQHandler                
00000425  I2C1_IRQHandler                
00000425  NMI_Handler                    
00000425  PendSV_Handler                 
00000425  RTC_IRQHandler                 
00000419  Reset_Handler                  
00000425  SPI0_IRQHandler                
00000425  SPI1_IRQHandler                
00000425  SVC_Handler                    
000003a1  SYSCFG_DL_GPIO_init            
000001c1  SYSCFG_DL_SYSCTL_init          
0000023d  SYSCFG_DL_TIMER_0_init         
00000405  SYSCFG_DL_init                 
000002a9  SYSCFG_DL_initPower            
00000425  SysTick_Handler                
00000425  TIMA0_IRQHandler               
00000425  TIMA1_IRQHandler               
000003bd  TIMG0_IRQHandler               
00000425  TIMG12_IRQHandler              
00000425  TIMG6_IRQHandler               
00000425  TIMG7_IRQHandler               
00000425  TIMG8_IRQHandler               
00000425  UART0_IRQHandler               
00000425  UART1_IRQHandler               
00000425  UART2_IRQHandler               
00000425  UART3_IRQHandler               
20208000  __STACK_END                    
00000200  __STACK_SIZE                   
00000000  __TI_CINIT_Base                
00000000  __TI_CINIT_Limit               
00000000  __TI_CINIT_Warm                
ffffffff  __TI_pprof_out_hndl            
ffffffff  __TI_prof_data_size            
ffffffff  __TI_prof_data_start           
00000000  __TI_static_base__             
ffffffff  __binit__                      
UNDEFED   __mpu_init                     
20207e00  __stack                        
20200000  __start___llvm_prf_bits        
20200000  __start___llvm_prf_cnts        
20200000  __stop___llvm_prf_bits         
20200000  __stop___llvm_prf_cnts         
00000381  _c_int00_noinit_noargs         
0000041d  _system_pre_init               
00000421  abort                          
ffffffff  binit                          
00000000  interruptVectors               
000002dd  main                           


GLOBAL SYMBOLS: SORTED BY Symbol Address 

address   name                           
-------   ----                           
00000000  __TI_CINIT_Base                
00000000  __TI_CINIT_Limit               
00000000  __TI_CINIT_Warm                
00000000  __TI_static_base__             
00000000  interruptVectors               
000000c1  DL_Timer_initTimerMode         
000001c1  SYSCFG_DL_SYSCTL_init          
00000200  __STACK_SIZE                   
00000201  DL_Timer_setCaptureCompareCtl  
0000023d  SYSCFG_DL_TIMER_0_init         
00000275  DL_Timer_setClockConfig        
000002a9  SYSCFG_DL_initPower            
000002dd  main                           
0000030d  DL_Timer_setCaptureCompareValue
00000381  _c_int00_noinit_noargs         
000003a1  SYSCFG_DL_GPIO_init            
000003bd  TIMG0_IRQHandler               
000003f1  DL_Common_delayCycles          
00000405  SYSCFG_DL_init                 
00000419  Reset_Handler                  
0000041d  _system_pre_init               
00000420  C$$EXIT                        
00000421  abort                          
00000425  ADC0_IRQHandler                
00000425  ADC1_IRQHandler                
00000425  AES_IRQHandler                 
00000425  CANFD0_IRQHandler              
00000425  DAC0_IRQHandler                
00000425  DMA_IRQHandler                 
00000425  Default_Handler                
00000425  GROUP0_IRQHandler              
00000425  GROUP1_IRQHandler              
00000425  HardFault_Handler              
00000425  I2C0_IRQHandler                
00000425  I2C1_IRQHandler                
00000425  NMI_Handler                    
00000425  PendSV_Handler                 
00000425  RTC_IRQHandler                 
00000425  SPI0_IRQHandler                
00000425  SPI1_IRQHandler                
00000425  SVC_Handler                    
00000425  SysTick_Handler                
00000425  TIMA0_IRQHandler               
00000425  TIMA1_IRQHandler               
00000425  TIMG12_IRQHandler              
00000425  TIMG6_IRQHandler               
00000425  TIMG7_IRQHandler               
00000425  TIMG8_IRQHandler               
00000425  UART0_IRQHandler               
00000425  UART1_IRQHandler               
00000425  UART2_IRQHandler               
00000425  UART3_IRQHandler               
20200000  __start___llvm_prf_bits        
20200000  __start___llvm_prf_cnts        
20200000  __stop___llvm_prf_bits         
20200000  __stop___llvm_prf_cnts         
20207e00  __stack                        
20208000  __STACK_END                    
ffffffff  __TI_pprof_out_hndl            
ffffffff  __TI_prof_data_size            
ffffffff  __TI_prof_data_start           
ffffffff  __binit__                      
ffffffff  binit                          
UNDEFED   __mpu_init                     

[64 symbols]
