******************************************************************************
            TI ARM Clang Linker PC v2.1.3                      
******************************************************************************
>> Linked Thu Oct 19 21:06:19 2023

OUTPUT FILE NAME:   <uart_echo_LP_MSPM0G3507_nortos_ticlang.out>
ENTRY POINT SYMBOL: "_c_int00_noargs"  address: 000037bd


MEMORY CONFIGURATION

         name            origin    length      used     unused   attr    fill
----------------------  --------  ---------  --------  --------  ----  --------
  FLASH                 00000000   00020000  000040c8  0001bf38  R  X
  SRAM                  20200000   00008000  0000107b  00006f85  RW X
  BCR_CONFIG            41c00000   00000080  00000000  00000080  R   
  BSL_CONFIG            41c00100   00000080  00000000  00000080  R   


SEGMENT ALLOCATION MAP

run origin  load origin   length   init length attrs members
----------  ----------- ---------- ----------- ----- -------
00000000    00000000    000040c8   000040c8    r-x
  00000000    00000000    000000c0   000000c0    r-- .intvecs
  000000c0    000000c0    00003e98   00003e98    r-x .text
  00003f58    00003f58    000000b8   000000b8    r-- .rodata
  00004010    00004010    000000b8   000000b8    r-- .cinit
20200000    20200000    00000dc2   00000000    rw-
  20200000    20200000    00000800   00000000    rw- .sysmem
  20200800    20200800    00000349   00000000    rw- .data
  20200b50    20200b50    00000272   00000000    rw- .bss
20200e00    20200e00    000000c0   00000000    rw-
  20200e00    20200e00    000000c0   00000000    rw- .vtable
20207e00    20207e00    00000200   00000000    rw-
  20207e00    20207e00    00000200   00000000    rw- .stack


SECTION ALLOCATION MAP

 output                                  attributes/
section   page    origin      length       input sections
--------  ----  ----------  ----------   ----------------
.intvecs   0    00000000    000000c0     
                  00000000    000000c0     startup_mspm0g3507_ticlang.o (.intvecs)

.text      0    000000c0    00003e98     
                  000000c0    000003cc     drivers_mspm0g1x0x_g3x0x.a : UARTMSPM0G1X0X_G3X0X.o (.text.UARTMSP_interruptHandler)
                  0000048c    00000280     libc.a : _printfi.c.obj (.text:__TI_printfi_minimal)
                  0000070c    000001ec     drivers_mspm0g1x0x_g3x0x.a : UARTMSPM0G1X0X_G3X0X.o (.text.UARTMSP_enable)
                  000008f8    00000150                                : UARTMSPM0G1X0X_G3X0X.o (.text.UARTMSP_dmaRx)
                  00000a48    00000150                                : UART.o (.text.UART_open)
                  00000b98    0000013c     libc.a : memory.c.obj (.text.aligned_alloc)
                  00000cd4    00000128     drivers_mspm0g1x0x_g3x0x.a : UART.o (.text.UART_writeCallback)
                  00000dfc    00000120                                : DMAMSPM0.o (.text.DMAMSPM0_setupTransfer)
                  00000f1c    0000010c                                : DMAMSPM0.o (.text.DMAMSPM0_open)
                  00001028    00000104                                : DMAMSPM0.o (.text.DMAMSPM0_init)
                  0000112c    00000100     libc.a : memory.c.obj (.text.free)
                  0000122c    000000fc     nortos_mspm0g1x0x_g3x0x.a : SemaphoreP_nortos.o (.text.SemaphoreP_pend)
                  00001328    000000f8     libc.a : fputs.c.obj (.text.fputs)
                  00001420    000000e0            : setvbuf.c.obj (.text.setvbuf)
                  00001500    000000d4     drivers_mspm0g1x0x_g3x0x.a : DMAMSPM0.o (.text.DMAMSPM0_close)
                  000015d4    000000ca                                : UART.o (.text.UART_writeBufferedMode)
                  0000169e    000000c2                                : UART.o (.text.UART_readBufferedMode)
                  00001760    000000bc     nortos_mspm0g1x0x_g3x0x.a : HwiPMSPM0_nortos.o (.text.HwiP_construct)
                  0000181c    000000b8     drivers_mspm0g1x0x_g3x0x.a : UARTMSPM0G1X0X_G3X0X.o (.text.UARTMSP_readFromRingBuf)
                  000018d4    000000b0                                : UARTMSPM0G1X0X_G3X0X.o (.text.UARTMSP_dmaTx)
                  00001984    000000ac     nortos_mspm0g1x0x_g3x0x.a : ClockPSysTick_nortos.o (.text.ClockP_stop)
                  00001a30    000000a8     drivers_mspm0g1x0x_g3x0x.a : DMAMSPM0.o (.text.DMAMSPM0_hwiFxn)
                  00001ad8    000000a6                                : UARTMSPM0G1X0X_G3X0X.o (.text.UARTMSP_enableInts)
                  00001b7e    00000002     startup_mspm0g3507_ticlang.o (.text.Default_Handler)
                  00001b80    000000a4     drivers_mspm0g1x0x_g3x0x.a : UARTMSPM0G1X0X_G3X0X.o (.text.UARTMSP_disable)
                  00001c24    0000009c                                : UART.o (.text.UART_readCallback)
                  00001cc0    0000009a     libc.a : memcpy16.S.obj (.text:memcpy)
                  00001d5a    00000002     libclang_rt.builtins.a : aeabi_div0.c.obj (.text.__aeabi_idiv0)
                  00001d5c    00000098     nortos_mspm0g1x0x_g3x0x.a : ClockPSysTick_nortos.o (.text.ClockP_destruct)
                  00001df4    00000098                               : SemaphoreP_nortos.o (.text.SemaphoreP_construct)
                  00001e8c    00000098                               : ClockPSysTick_nortos.o (.text.addToList)
                  00001f24    00000096     drivers_mspm0g1x0x_g3x0x.a : RingBuf.o (.text.RingBuf_putn)
                  00001fba    00000002     libc.a : _lock.c.obj (.text._nop)
                  00001fbc    00000090            : fputc.c.obj (.text.fputc)
                  0000204c    0000008e     driverlib.a : dl_uart.o (.text.DL_UART_configBaudRate)
                  000020da    00000002     --HOLE-- [fill = 0]
                  000020dc    00000088     nortos_mspm0g1x0x_g3x0x.a : ClockPSysTick_nortos.o (.text.ClockP_sysTickHandler)
                  00002164    00000088     drivers_mspm0g1x0x_g3x0x.a : RingBuf.o (.text.RingBuf_put)
                  000021ec    00000084     nortos_mspm0g1x0x_g3x0x.a : HwiPMSPM0_nortos.o (.text.__NVIC_SetPriority)
                  00002270    0000007c     libc.a : fclose.c.obj (.text.__TI_closefile)
                  000022ec    00000078     drivers_mspm0g1x0x_g3x0x.a : RingBuf.o (.text.RingBuf_getn)
                  00002364    00000078                                : RingBuf.o (.text.RingBuf_putAdvance)
                  000023dc    00000078                                : UARTMSPM0G1X0X_G3X0X.o (.text.UARTMSP_getRxData)
                  00002454    00000078                                : UART.o (.text.UART_readFullFeatured)
                  000024cc    00000078                                : UART.o (.text.UART_writeFullFeatured)
                  00002544    00000074                                : UARTMSPM0G1X0X_G3X0X.o (.text.UARTMSP_dmaStopTx)
                  000025b8    00000072                                : UARTMSPM0G1X0X_G3X0X.o (.text.UARTMSP_dmaStopRx)
                  0000262a    00000002     --HOLE-- [fill = 0]
                  0000262c    0000006c     libc.a : fseek.c.obj (.text.fseeko)
                  00002698    0000006c            : getdevice.c.obj (.text.getdevice)
                  00002704    00000068     libsysbm.a : hostlseek.c.obj (.text.HOSTlseek)
                  0000276c    00000068                : hostrename.c.obj (.text.HOSTrename)
                  000027d4    00000068     nortos_mspm0g1x0x_g3x0x.a : SemaphoreP_nortos.o (.text.SemaphoreP_post)
                  0000283c    00000068     libc.a : copy_decompress_lzss.c.obj (.text:decompress:lzss)
                  000028a4    00000066     drivers_mspm0g1x0x_g3x0x.a : UART.o (.text.UART_read)
                  0000290a    00000002     --HOLE-- [fill = 0]
                  0000290c    00000064                                : DMAMSPM0.o (.text.DMA_Init)
                  00002970    00000064     libc.a : _io_perm.c.obj (.text.__TI_wrt_ok)
                  000029d4    00000064            : memory.c.obj (.text.split)
                  00002a38    00000062            : memset16.S.obj (.text:memset)
                  00002a9a    00000060     drivers_mspm0g1x0x_g3x0x.a : RingBuf.o (.text.RingBuf_get)
                  00002afa    00000002     --HOLE-- [fill = 0]
                  00002afc    00000060     uart_echo.o (.text.main)
                  00002b5c    0000005c     driverlib.a : dl_interrupt.o (.text.DL_Interrupt_registerInterrupt)
                  00002bb8    0000005c     libsysbm.a : hostopen.c.obj (.text.HOSTopen)
                  00002c14    0000005c     libc.a : fprintf.c.obj (.text.fprintf)
                  00002c70    00000058     libsysbm.a : hostread.c.obj (.text.HOSTread)
                  00002cc8    00000058                : hostwrite.c.obj (.text.HOSTwrite)
                  00002d20    00000056     drivers_mspm0g1x0x_g3x0x.a : RingBuf.o (.text.RingBuf_putPointer)
                  00002d76    00000054     driverlib.a : dl_dma.o (.text.DL_DMA_configTransfer)
                  00002dca    00000052     drivers_mspm0g1x0x_g3x0x.a : RingBuf.o (.text.RingBuf_getConsume)
                  00002e1c    00000050     libc.a : fflush.c.obj (.text.__TI_doflush)
                  00002e6c    00000050     libsysbm.a : close.c.obj (.text.close)
                  00002ebc    0000004c     driverlib.a : dl_uart.o (.text.DL_UART_init)
                  00002f08    0000004c                 : dl_uart.o (.text.DL_UART_setBaudRateDivisor)
                  00002f54    0000004c     nortos_mspm0g1x0x_g3x0x.a : ClockPSysTick_nortos.o (.text.sysTickInit)
                  00002fa0    0000004a     drivers_mspm0g1x0x_g3x0x.a : DMAMSPM0.o (.text.DMAMSPM0_copyDMAParams)
                  00002fea    00000002     --HOLE-- [fill = 0]
                  00002fec    00000048     libsysbm.a : hostclose.c.obj (.text.HOSTclose)
                  00003034    00000048                : hostunlink.c.obj (.text.HOSTunlink)
                  0000307c    00000046     driverlib.a : dl_dma.o (.text.DL_DMA_initChannel)
                  000030c2    00000002     --HOLE-- [fill = 0]
                  000030c4    00000044     nortos_mspm0g1x0x_g3x0x.a : ClockPSysTick_nortos.o (.text.ClockP_start)
                  00003108    00000044     drivers_mspm0g1x0x_g3x0x.a : DMAMSPM0.o (.text.DMAMSPM0_disableChannel)
                  0000314c    00000044     nortos_mspm0g1x0x_g3x0x.a : HwiPMSPM0_nortos.o (.text.HwiP_create)
                  00003190    00000044     drivers_mspm0g1x0x_g3x0x.a : RingBuf.o (.text.RingBuf_getPointer)
                  000031d4    00000042                                : UARTMSPM0G1X0X_G3X0X.o (.text.UARTMSP_txChar)
                  00003216    00000002     --HOLE-- [fill = 0]
                  00003218    00000040     libclang_rt.builtins.a : aeabi_uidivmod.S.obj (.text)
                  00003258    0000003e     drivers_mspm0g1x0x_g3x0x.a : UARTMSPM0G1X0X_G3X0X.o (.text.UARTMSP_initBuffers)
                  00003296    00000002     --HOLE-- [fill = 0]
                  00003298    0000003c     nortos_mspm0g1x0x_g3x0x.a : ClockPSysTick_nortos.o (.text.ClockP_startup)
                  000032d4    0000003c     libc.a : autoinit.c.obj (.text:__TI_auto_init_nobinit_nopinit)
                  00003310    00000038     driverlib.a : dl_dma.o (.text.DL_DMA_setTrigger)
                  00003348    00000038     libc.a : getdevice.c.obj (.text.finddevice)
                  00003380    00000034     nortos_mspm0g1x0x_g3x0x.a : HwiPMSPM0_nortos.o (.text.HwiP_dispatch)
                  000033b4    00000034                               : HwiPMSPM0_nortos.o (.text.__NVIC_DisableIRQ)
                  000033e8    00000034     libc.a : fopen.c.obj (.text.__TI_cleanup)
                  0000341c    00000034     libsysbm.a : trgmsg.c.obj (.text.__TI_readmsg)
                  00003450    00000034                : trgmsg.c.obj (.text.__TI_writemsg)
                  00003484    00000034     libc.a : exit.c.obj (.text.exit)
                  000034b8    00000032     nortos_mspm0g1x0x_g3x0x.a : ClockPSysTick_nortos.o (.text.ClockP_add)
                  000034ea    00000002     --HOLE-- [fill = 0]
                  000034ec    00000030     drivers_mspm0g1x0x_g3x0x.a : DMAMSPM0.o (.text.DL_DMA_setTransferSize)
                  0000351c    0000002e                                : RingBuf.o (.text.RingBuf_construct)
                  0000354a    0000002e                                : UART.o (.text.UART_readBuffered)
                  00003578    0000002e                                : UART.o (.text.UART_writeBuffered)
                  000035a6    0000002c     nortos_mspm0g1x0x_g3x0x.a : HwiPMSPM0_nortos.o (.text.HwiP_inISR)
                  000035d2    00000002     --HOLE-- [fill = 0]
                  000035d4    0000002c                               : HwiPMSPM0_nortos.o (.text.__NVIC_EnableIRQ)
                  00003600    0000002c     libsysbm.a : unlink.c.obj (.text.unlink)
                  0000362c    00000028     driverlib.a : dl_dma.o (.text.DL_Common_updateReg)
                  00003654    00000028                 : dl_uart.o (.text.DL_Common_updateReg)
                  0000367c    00000028     drivers_mspm0g1x0x_g3x0x.a : UARTMSPM0G1X0X_G3X0X.o (.text.DL_Common_updateReg)
                  000036a4    00000028                                : DMAMSPM0.o (.text.DL_DMA_setDestAddr)
                  000036cc    00000028                                : DMAMSPM0.o (.text.DL_DMA_setSrcAddr)
                  000036f4    00000028                                : UARTMSPM0G1X0X_G3X0X.o (.text.DL_UART_setRXFIFOThreshold)
                  0000371c    00000028                                : UARTMSPM0G1X0X_G3X0X.o (.text.DL_UART_setTXFIFOThreshold)
                  00003744    00000028     libc.a : memory.c.obj (.text.free_list_insert)
                  0000376c    00000028     libsysbm.a : lseek.c.obj (.text.lseek)
                  00003794    00000028                : write.c.obj (.text.write)
                  000037bc    00000028     libc.a : boot_cortex_m.c.obj (.text:_c_int00_noargs)
                  000037e4    00000026     drivers_mspm0g1x0x_g3x0x.a : DMAMSPM0.o (.text.DL_DMA_disableChannel)
                  0000380a    00000026                                : DMAMSPM0.o (.text.DL_DMA_enableChannel)
                  00003830    00000026                                : DMAMSPM0.o (.text.DL_DMA_startTransfer)
                  00003856    00000002     --HOLE-- [fill = 0]
                  00003858    00000024                                : DMAMSPM0.o (.text.DL_DMA_getTransferSize)
                  0000387c    00000024     driverlib.a : dl_uart.o (.text.DL_UART_setClockConfig)
                  000038a0    00000024     nortos_mspm0g1x0x_g3x0x.a : HwiPMSPM0_nortos.o (.text.HwiP_Params_init)
                  000038c4    00000024     libc.a : memccpy.c.obj (.text.memccpy)
                  000038e8    00000022     nortos_mspm0g1x0x_g3x0x.a : SemaphoreP_nortos.o (.text.SemaphoreP_create)
                  0000390a    00000002     --HOLE-- [fill = 0]
                  0000390c    00000020     drivers_mspm0g1x0x_g3x0x.a : UARTMSPM0G1X0X_G3X0X.o (.text.DL_GPIO_initPeripheralInputFunction)
                  0000392c    00000020                                : DMAMSPM0.o (.text.DMA_Params_init)
                  0000394c    00000020     nortos_mspm0g1x0x_g3x0x.a : SemaphoreP_nortos.o (.text.DisablePowerPolicy)
                  0000396c    00000020     startup_mspm0g3507_ticlang.o (.text.HardFault_Handler)
                  0000398c    00000020     drivers_mspm0g1x0x_g3x0x.a : UART.o (.text.UART_Params_init)
                  000039ac    0000001e     driverlib.a : dl_uart.o (.text.DL_UART_setOversampling)
                  000039ca    0000001e     nortos_mspm0g1x0x_g3x0x.a : HwiPMSPM0_nortos.o (.text.HwiP_destruct)
                  000039e8    0000001e                               : SemaphoreP_nortos.o (.text.SemaphoreP_createBinary)
                  00003a06    00000002     --HOLE-- [fill = 0]
                  00003a08    0000001c     drivers_mspm0g1x0x_g3x0x.a : DMAMSPM0.o (.text.DL_DMA_enableInterrupt)
                  00003a24    0000001c                                : UARTMSPM0G1X0X_G3X0X.o (.text.DL_GPIO_initPeripheralOutputFunction)
                  00003a40    0000001c     driverlib.a : dl_interrupt.o (.text.DL_Interrupt_unregisterInterrupt)
                  00003a5c    0000001c     drivers_mspm0g1x0x_g3x0x.a : UARTMSPM0G1X0X_G3X0X.o (.text.DL_UART_disableDMAReceiveEvent)
                  00003a78    0000001c                                : UARTMSPM0G1X0X_G3X0X.o (.text.DL_UART_disableInterrupt)
                  00003a94    0000001c                                : UARTMSPM0G1X0X_G3X0X.o (.text.DL_UART_enableInterrupt)
                  00003ab0    0000001c                                : DMAMSPM0.o (.text.DMAMSPM0_getCurrTransferSize)
                  00003acc    0000001c     libc.a : memory.c.obj (.text.free_list_remove)
                  00003ae8    0000001c     libclang_rt.builtins.a : aeabi_memset.S.obj (.text)
                  00003b04    00000018     drivers_mspm0g1x0x_g3x0x.a : DMAMSPM0.o (.text.DL_DMA_clearInterruptStatus)
                  00003b1c    00000018                                : UARTMSPM0G1X0X_G3X0X.o (.text.DL_UART_clearInterruptStatus)
                  00003b34    00000018                                : UARTMSPM0G1X0X_G3X0X.o (.text.DL_UART_enableDMAReceiveEvent)
                  00003b4c    00000018                                : UARTMSPM0G1X0X_G3X0X.o (.text.DL_UART_enableDMATransmitEvent)
                  00003b64    00000018                                : UARTMSPM0G1X0X_G3X0X.o (.text.DL_UART_enableFIFOs)
                  00003b7c    00000018                                : UARTMSPM0G1X0X_G3X0X.o (.text.DL_UART_enablePower)
                  00003b94    00000018                                : UARTMSPM0G1X0X_G3X0X.o (.text.DL_UART_getEnabledInterruptStatus)
                  00003bac    00000018                                : UARTMSPM0G1X0X_G3X0X.o (.text.DL_UART_isRXFIFOEmpty)
                  00003bc4    00000018                                : UARTMSPM0G1X0X_G3X0X.o (.text.DL_UART_isTXFIFOFull)
                  00003bdc    00000018                                : UARTMSPM0G1X0X_G3X0X.o (.text.DL_UART_reset)
                  00003bf4    00000018     nortos_mspm0g1x0x_g3x0x.a : SemaphoreP_nortos.o (.text.IdleFunc)
                  00003c0c    00000018                               : SemaphoreP_nortos.o (.text.SemaphoreP_Params_init)
                  00003c24    00000018     startup_mspm0g3507_ticlang.o (.text.prvGetRegistersFromStack)
                  00003c3c    00000016     drivers_mspm0g1x0x_g3x0x.a : DMAMSPM0.o (.text.DL_DMA_disableRoundRobinPriority)
                  00003c52    00000016                                : DMAMSPM0.o (.text.DL_DMA_enableRoundRobinPriority)
                  00003c68    00000016     driverlib.a : dl_uart.o (.text.DL_UART_disable)
                  00003c7e    00000016     drivers_mspm0g1x0x_g3x0x.a : UARTMSPM0G1X0X_G3X0X.o (.text.DL_UART_disable)
                  00003c94    00000016                                : UARTMSPM0G1X0X_G3X0X.o (.text.DL_UART_enable)
                  00003caa    00000016                                : UARTMSPM0G1X0X_G3X0X.o (.text.DL_UART_transmitData)
                  00003cc0    00000016     nortos_mspm0g1x0x_g3x0x.a : HwiPMSPM0_nortos.o (.text.HwiP_delete)
                  00003cd6    00000016                               : SemaphoreP_nortos.o (.text.SemaphoreP_delete)
                  00003cec    00000014                               : ClockPSysTick_nortos.o (.text.ClockP_isActive)
                  00003d00    00000014     drivers_mspm0g1x0x_g3x0x.a : DMAMSPM0.o (.text.DL_DMA_isRoundRobinPriorityEnabled)
                  00003d14    00000014     nortos_mspm0g1x0x_g3x0x.a : ClockPSysTick_nortos.o (.text.DL_SYSTICK_setPeriod)
                  00003d28    00000014     drivers_mspm0g1x0x_g3x0x.a : UARTMSPM0G1X0X_G3X0X.o (.text.DL_UART_disableDMATransmitEvent)
                  00003d3c    00000014                                : UARTMSPM0G1X0X_G3X0X.o (.text.DL_UART_receiveData)
                  00003d50    00000014     nortos_mspm0g1x0x_g3x0x.a : HwiPMSPM0_nortos.o (.text.HwiP_disable)
                  00003d64    00000014                               : HwiPMSPM0_nortos.o (.text.HwiP_disableInterrupt)
                  00003d78    00000014                               : HwiPMSPM0_nortos.o (.text.HwiP_enableInterrupt)
                  00003d8c    00000014                               : HwiPMSPM0_nortos.o (.text.HwiP_restore)
                  00003da0    00000014     libc.a : copy_zero_init.c.obj (.text:decompress:ZI:__TI_zero_init_nomemset)
                  00003db4    00000012     drivers_mspm0g1x0x_g3x0x.a : DMAMSPM0.o (.text.DL_DMA_getPendingInterrupt)
                  00003dc6    00000012                                : UART.o (.text.UART_callbackObject)
                  00003dd8    00000012                                : UARTMSPM0G1X0X_G3X0X.o (.text.UART_callbackObject)
                  00003dea    00000012                                : UART.o (.text.UART_eventCallbackObject)
                  00003dfc    00000012                                : UARTMSPM0G1X0X_G3X0X.o (.text.UART_eventCallbackObject)
                  00003e0e    00000012     libc.a : copy_decompress_none.c.obj (.text:decompress:none)
                  00003e20    00000010     nortos_mspm0g1x0x_g3x0x.a : ClockPSysTick_nortos.o (.text.DL_SYSTICK_enable)
                  00003e30    00000010                               : ClockPSysTick_nortos.o (.text.DL_SYSTICK_enableInterrupt)
                  00003e40    00000010     drivers_mspm0g1x0x_g3x0x.a : RingBuf.o (.text.RingBuf_space)
                  00003e50    00000010                                : UARTMSPM0G1X0X_G3X0X.o (.text.RingBuf_space)
                  00003e60    00000010     ti_drivers_config.o (.text.UART1_IRQHandler)
                  00003e70    0000000e     drivers_mspm0g1x0x_g3x0x.a : UARTMSPM0G1X0X_G3X0X.o (.text.UARTMSP_eventCallback)
                  00003e7e    0000000e     libsysbm.a : hostrename.c.obj (.text.strcpy)
                  00003e8c    0000000e     libc.a : _printfi.c.obj (.text.strlen)
                  00003e9a    0000000e     libsysbm.a : hostrename.c.obj (.text.strlen)
                  00003ea8    0000000c     nortos_mspm0g1x0x_g3x0x.a : ClockPSysTick_nortos.o (.text.DL_SYSTICK_resetValue)
                  00003eb4    0000000c                               : SemaphoreP_nortos.o (.text.EnablePowerPolicy)
                  00003ec0    0000000c     drivers_mspm0g1x0x_g3x0x.a : UARTMSPM0G1X0X_G3X0X.o (.text.UART_HWAttrs_Ptr)
                  00003ecc    0000000c                                : UART.o (.text.UART_Obj_Ptr)
                  00003ed8    0000000c                                : UARTMSPM0G1X0X_G3X0X.o (.text.UART_Obj_Ptr)
                  00003ee4    0000000c                                : UART.o (.text.UART_buffersObject)
                  00003ef0    0000000c                                : UARTMSPM0G1X0X_G3X0X.o (.text.UART_buffersObject)
                  00003efc    0000000c     libc.a : memory.c.obj (.text.malloc)
                  00003f08    00000008     nortos_mspm0g1x0x_g3x0x.a : SemaphoreP_nortos.o (.text.SemaphoreP_destruct)
                  00003f10    00000008                               : ClockPSysTick_nortos.o (.text.SysTick_Handler)
                  00003f18    00000008     libc.a : fprintf.c.obj (.text._outc)
                  00003f20    00000008            : fprintf.c.obj (.text._outs)
                  00003f28    00000008     nortos_mspm0g1x0x_g3x0x.a : SemaphoreP_nortos.o (.text.clkFxn)
                  00003f30    00000008     libc.a : fseek.c.obj (.text.fseek)
                  00003f38    00000008     libsysbm.a : remove.c.obj (.text.remove)
                  00003f40    00000008     libclang_rt.builtins.a : aeabi_memcpy.S.obj (.text)
                  00003f48    00000004     startup_mspm0g3507_ticlang.o (.text.Reset_Handler)
                  00003f4c    00000004     libc.a : pre_init.c.obj (.text._system_pre_init)
                  00003f50    00000004            : exit.c.obj (.text:abort)
                  00003f54    00000004     --HOLE-- [fill = 0]

.cinit     0    00004010    000000b8     
                  00004010    00000081     (.cinit..data.load) [load image, compression = lzss]
                  00004091    00000003     --HOLE-- [fill = 0]
                  00004094    0000000c     (__TI_handler_table)
                  000040a0    00000008     (.cinit..bss.load) [load image, compression = zero_init]
                  000040a8    00000008     (.cinit..vtable.load) [load image, compression = zero_init]
                  000040b0    00000018     (__TI_cinit_table)

.rodata    0    00003f58    000000b8     
                  00003f58    0000002c     drivers_mspm0g1x0x_g3x0x.a : DMAMSPM0.o (.rodata.DMA_Ch_defaultParams)
                  00003f84    00000024     ti_drivers_config.o (.rodata.UARTMSPHWAttrs)
                  00003fa8    00000024     drivers_mspm0g1x0x_g3x0x.a : UARTMSPM0G1X0X_G3X0X.o (.rodata.UART_defaultParams)
                  00003fcc    00000022     libc.a : _printfi.c.obj (.rodata.str1.1)
                  00003fee    00000001     ti_drivers_config.o (.rodata.CONFIG_UART_0)
                  00003fef    00000001     ti_drivers_config.o (.rodata.UART_count)
                  00003ff0    00000014     drivers_mspm0g1x0x_g3x0x.a : UARTMSPM0G1X0X_G3X0X.o (.rodata.UARTMSPSupportFxns)
                  00004004    00000008     ti_drivers_config.o (.rodata.UART_config)
                  0000400c    00000004     uart_echo.o (.rodata.str1.1)

.init_array 
*          0    00000000    00000000     UNINITIALIZED

.binit     0    00000000    00000000     

.vtable    0    20200e00    000000c0     UNINITIALIZED
                  20200e00    000000c0     driverlib.a : dl_interrupt.o (.vtable)

.sysmem    0    20200000    00000800     UNINITIALIZED
                  20200000    00000010     libc.a : memory.c.obj (.sysmem)
                  20200010    000007f0     --HOLE--

.data      0    20200800    00000349     UNINITIALIZED
                  20200800    000000f0     libc.a : defs.c.obj (.data._ftable)
                  202008f0    000000c0     nortos_mspm0g1x0x_g3x0x.a : HwiPMSPM0_nortos.o (.data.HwiP_dispatchTable)
                  202009b0    00000094     ti_drivers_config.o (.data.UARTObject)
                  20200a44    00000078     libsysbm.a : host_device.c.obj (.data._device)
                  20200abc    00000050                : host_device.c.obj (.data._stream)
                  20200b0c    00000008     libc.a : exit.c.obj (.data..L_MergedGlobals)
                  20200b14    00000008     nortos_mspm0g1x0x_g3x0x.a : SemaphoreP_nortos.o (.data.SemaphoreP_defaultParams)
                  20200b1c    00000004                               : ClockPSysTick_nortos.o (.data.ClockP_tickPeriod)
                  20200b20    00000004                               : HwiPMSPM0_nortos.o (.data.HwiP_swiPIntNum)
                  20200b24    00000004     libc.a : defs.c.obj (.data.__TI_ft_end)
                  20200b28    00000004            : _lock.c.obj (.data._lock)
                  20200b2c    00000004            : _lock.c.obj (.data._unlock)
                  20200b30    00000004     drivers_mspm0g1x0x_g3x0x.a : DMAMSPM0.o (.data.chTransferSet)
                  20200b34    00000004                                : DMAMSPM0.o (.data.channelsInUse)
                  20200b38    00000004                                : DMAMSPM0.o (.data.dmaIntRefCount)
                  20200b3c    00000004                                : DMAMSPM0.o (.data.interruptSetupLock)
                  20200b40    00000001     nortos_mspm0g1x0x_g3x0x.a : ClockPSysTick_nortos.o (.data.ClockP_initialized)
                  20200b41    00000001                               : SemaphoreP_nortos.o (.data.SemaphoreP_initialized)
                  20200b42    00000001     drivers_mspm0g1x0x_g3x0x.a : DMAMSPM0.o (.data.dmaInitialized)
                  20200b43    00000001     nortos_mspm0g1x0x_g3x0x.a : SemaphoreP_nortos.o (.data.doEnablePowerPolicy)
                  20200b44    00000001                               : SemaphoreP_nortos.o (.data.enablePowerPolicy)
                  20200b45    00000001                               : SemaphoreP_nortos.o (.data.pendInProgress)
                  20200b46    00000002     --HOLE--
                  20200b48    00000001     libc.a : memory.c.obj (.data.memory_is_initialized)

.bss       0    20200b50    00000272     UNINITIALIZED
                  20200b50    00000120     libsysbm.a : trgmsg.c.obj (.bss:_CIOBUF_)
                  20200c70    000000a0     (.common:__TI_tmpnams)
                  20200d10    0000002c     drivers_mspm0g1x0x_g3x0x.a : UARTMSPM0G1X0X_G3X0X.o (.bss.DMATransfer)
                  20200d3c    0000001c                                : DMAMSPM0.o (.bss.hwiFxnArgs)
                  20200d58    0000001c                                : DMAMSPM0.o (.bss.hwiFxnHandlers)
                  20200d74    00000018                                : UARTMSPM0G1X0X_G3X0X.o (.bss.dlDMACfg)
                  20200d8c    00000004                                : UARTMSPM0G1X0X_G3X0X.o (.bss.UARTMSP_interruptHandler.dstAddr)
                  20200d90    00000010     (.common:ClockP_ctrl)
                  20200da0    00000008                                : DMAMSPM0.o (.bss.DMAMSPM0_Config)
                  20200da8    00000008     (.common:parmbuf)
                  20200db0    00000004                                : UART.o (.bss.UART_writeCallback.dstAddr)
                  20200db4    00000004                                : DMAMSPM0.o (.bss.hwiHandle)
                  20200db8    00000004     nortos_mspm0g1x0x_g3x0x.a : ClockPSysTick_nortos.o (.bss.sysTickPeriod)
                  20200dbc    00000004     libc.a : memory.c.obj (.bss.sys_free)
                  20200dc0    00000001     (.common:rxBuffer)
                  20200dc1    00000001     (.common:txBuffer)

.stack     0    20207e00    00000200     UNINITIALIZED
                  20207e00    00000004     libc.a : boot_cortex_m.c.obj (.stack)
                  20207e04    000001fc     --HOLE--

__llvm_prf_cnts 
*          0    20200000    00000000     UNINITIALIZED

__llvm_prf_bits 
*          0    20200000    00000000     UNINITIALIZED

MODULE SUMMARY

       Module                         code    ro data   rw data
       ------                         ----    -------   -------
    .\
       ti_drivers_config.o            16      46        150    
       uart_echo.o                    96      4         0      
    +--+------------------------------+-------+---------+---------+
       Total:                         112     50        150    
                                                               
    .\ticlang\
       startup_mspm0g3507_ticlang.o   62      192       0      
    +--+------------------------------+-------+---------+---------+
       Total:                         62      192       0      
                                                               
    C:/ti/mspm0_sdk_1_20_00_05/kernel/nortos/lib/ticlang/m0p/nortos_mspm0g1x0x_g3x0x.a
       ClockPSysTick_nortos.o         958     0         25     
       HwiPMSPM0_nortos.o             748     0         196    
       SemaphoreP_nortos.o            702     0         12     
    +--+------------------------------+-------+---------+---------+
       Total:                         2408    0         233    
                                                               
    C:/ti/mspm0_sdk_1_20_00_05/source/ti/driverlib/lib/ticlang/m0p/mspm0g1x0x_g3x0x/driverlib.a
       dl_uart.o                      422     0         0      
       dl_interrupt.o                 120     0         192    
       dl_dma.o                       250     0         0      
    +--+------------------------------+-------+---------+---------+
       Total:                         792     0         192    
                                                               
    C:/ti/mspm0_sdk_1_20_00_05/source/ti/drivers/lib/ticlang/m0p/drivers_mspm0g1x0x_g3x0x.a
       UARTMSPM0G1X0X_G3X0X.o         3656    56        72     
       DMAMSPM0.o                     1910    44        85     
       UART.o                         1710    0         4      
       RingBuf.o                      920     0         0      
    +--+------------------------------+-------+---------+---------+
       Total:                         8196    100       161    
                                                               
    C:\ti\ccstheia110\ccs\tools\compiler\ti-cgt-armllvm_2.1.3.LTS\lib\armv6m-ti-none-eabi/c/libc.a
       memory.c.obj                   752     0         5      
       _printfi.c.obj                 654     34        0      
       defs.c.obj                     0       0         404    
       fputs.c.obj                    248     0         0      
       setvbuf.c.obj                  224     0         0      
       getdevice.c.obj                164     0         0      
       memcpy16.S.obj                 154     0         0      
       fputc.c.obj                    144     0         0      
       fclose.c.obj                   124     0         0      
       fseek.c.obj                    116     0         0      
       fprintf.c.obj                  108     0         0      
       copy_decompress_lzss.c.obj     104     0         0      
       _io_perm.c.obj                 100     0         0      
       memset16.S.obj                 98      0         0      
       fflush.c.obj                   80      0         0      
       exit.c.obj                     56      0         8      
       autoinit.c.obj                 60      0         0      
       fopen.c.obj                    52      0         0      
       boot_cortex_m.c.obj            40      0         0      
       memccpy.c.obj                  36      0         0      
       copy_zero_init.c.obj           20      0         0      
       copy_decompress_none.c.obj     18      0         0      
       _lock.c.obj                    2       0         8      
       pre_init.c.obj                 4       0         0      
    +--+------------------------------+-------+---------+---------+
       Total:                         3358    34        425    
                                                               
    C:\ti\ccstheia110\ccs\tools\compiler\ti-cgt-armllvm_2.1.3.LTS\lib\armv6m-ti-none-eabi/c/libsysbm.a
       trgmsg.c.obj                   104     0         288    
       host_device.c.obj              0       0         200    
       hostrename.c.obj               132     0         0      
       hostlseek.c.obj                104     0         0      
       hostopen.c.obj                 92      0         8      
       hostread.c.obj                 88      0         0      
       hostwrite.c.obj                88      0         0      
       close.c.obj                    80      0         0      
       hostclose.c.obj                72      0         0      
       hostunlink.c.obj               72      0         0      
       unlink.c.obj                   44      0         0      
       lseek.c.obj                    40      0         0      
       write.c.obj                    40      0         0      
       remove.c.obj                   8       0         0      
    +--+------------------------------+-------+---------+---------+
       Total:                         964     0         496    
                                                               
    C:\ti\ccstheia110\ccs\tools\compiler\ti-cgt-armllvm_2.1.3.LTS\lib\clang/14.0.6/lib/armv6m-ti-none-eabi/libclang_rt.builtins.a
       aeabi_uidivmod.S.obj           64      0         0      
       aeabi_memset.S.obj             28      0         0      
       aeabi_memcpy.S.obj             8       0         0      
       aeabi_div0.c.obj               2       0         0      
    +--+------------------------------+-------+---------+---------+
       Total:                         102     0         0      
                                                               
       Heap:                          0       0         2048   
       Stack:                         0       0         512    
       Linker Generated:              0       181       0      
    +--+------------------------------+-------+---------+---------+
       Grand Total:                   15994   557       4217   


LINKER GENERATED COPY TABLES

__TI_cinit_table @ 000040b0 records: 3, size/record: 8, table size: 24
	.data: load addr=00004010, load size=00000081 bytes, run addr=20200800, run size=00000349 bytes, compression=lzss
	.bss: load addr=000040a0, load size=00000008 bytes, run addr=20200b50, run size=00000272 bytes, compression=zero_init
	.vtable: load addr=000040a8, load size=00000008 bytes, run addr=20200e00, run size=000000c0 bytes, compression=zero_init


LINKER GENERATED HANDLER TABLE

__TI_handler_table @ 00004094 records: 3, size/record: 4, table size: 12
	index: 0, handler: __TI_zero_init
	index: 1, handler: __TI_decompress_lzss
	index: 2, handler: __TI_decompress_none


GLOBAL SYMBOLS: SORTED ALPHABETICALLY BY Name 

address   name                            
-------   ----                            
00001b7f  ADC0_IRQHandler                 
00001b7f  ADC1_IRQHandler                 
00001b7f  AES_IRQHandler                  
00003f50  C$$EXIT                         
0000347b  C$$IO$$                         
00001b7f  CANFD0_IRQHandler               
00003fee  CONFIG_UART_0                   
000034b9  ClockP_add                      
20200d90  ClockP_ctrl                     
00001d5d  ClockP_destruct                 
00003ced  ClockP_isActive                 
000030c5  ClockP_start                    
00003299  ClockP_startup                  
00001985  ClockP_stop                     
000020dd  ClockP_sysTickHandler           
20200b1c  ClockP_tickPeriod               
00001b7f  DAC0_IRQHandler                 
0000307d  DL_DMA_initChannel              
00002b5d  DL_Interrupt_registerInterrupt  
00003a41  DL_Interrupt_unregisterInterrupt
0000204d  DL_UART_configBaudRate          
00002ebd  DL_UART_init                    
0000387d  DL_UART_setClockConfig          
20200da0  DMAMSPM0_Config                 
00001501  DMAMSPM0_close                  
00002fa1  DMAMSPM0_copyDMAParams          
00003109  DMAMSPM0_disableChannel         
00003ab1  DMAMSPM0_getCurrTransferSize    
00001029  DMAMSPM0_init                   
00000f1d  DMAMSPM0_open                   
00000dfd  DMAMSPM0_setupTransfer          
00003f58  DMA_Ch_defaultParams            
00001b7f  DMA_IRQHandler                  
0000290d  DMA_Init                        
0000392d  DMA_Params_init                 
00001b7f  Default_Handler                 
00001b7f  GROUP0_IRQHandler               
00001b7f  GROUP1_IRQHandler               
00002fed  HOSTclose                       
00002705  HOSTlseek                       
00002bb9  HOSTopen                        
00002c71  HOSTread                        
0000276d  HOSTrename                      
00003035  HOSTunlink                      
00002cc9  HOSTwrite                       
0000396d  HardFault_Handler               
000038a1  HwiP_Params_init                
00001761  HwiP_construct                  
0000314d  HwiP_create                     
00003cc1  HwiP_delete                     
000039cb  HwiP_destruct                   
00003d51  HwiP_disable                    
00003d65  HwiP_disableInterrupt           
00003381  HwiP_dispatch                   
00003d79  HwiP_enableInterrupt            
000035a7  HwiP_inISR                      
00003d8d  HwiP_restore                    
20200b20  HwiP_swiPIntNum                 
00001b7f  I2C0_IRQHandler                 
00001b7f  I2C1_IRQHandler                 
00001b7f  NMI_Handler                     
00001b7f  PendSV_Handler                  
00001b7f  RTC_IRQHandler                  
00003f49  Reset_Handler                   
0000351d  RingBuf_construct               
00002a9b  RingBuf_get                     
00002dcb  RingBuf_getConsume              
00003191  RingBuf_getPointer              
000022ed  RingBuf_getn                    
00002165  RingBuf_put                     
00002365  RingBuf_putAdvance              
00002d21  RingBuf_putPointer              
00001f25  RingBuf_putn                    
00001b7f  SPI0_IRQHandler                 
00001b7f  SPI1_IRQHandler                 
00001b7f  SVC_Handler                     
00003c0d  SemaphoreP_Params_init          
00001df5  SemaphoreP_construct            
000038e9  SemaphoreP_create               
000039e9  SemaphoreP_createBinary         
20200b14  SemaphoreP_defaultParams        
00003cd7  SemaphoreP_delete               
00003f09  SemaphoreP_destruct             
0000122d  SemaphoreP_pend                 
000027d5  SemaphoreP_post                 
00003f11  SysTick_Handler                 
00001b7f  TIMA0_IRQHandler                
00001b7f  TIMA1_IRQHandler                
00001b7f  TIMG0_IRQHandler                
00001b7f  TIMG12_IRQHandler               
00001b7f  TIMG6_IRQHandler                
00001b7f  TIMG7_IRQHandler                
00001b7f  TIMG8_IRQHandler                
00001b7f  UART0_IRQHandler                
00003e61  UART1_IRQHandler                
00001b7f  UART2_IRQHandler                
00001b7f  UART3_IRQHandler                
00003ff0  UARTMSPSupportFxns              
000008f9  UARTMSP_dmaRx                   
000025b9  UARTMSP_dmaStopRx               
00002545  UARTMSP_dmaStopTx               
000018d5  UARTMSP_dmaTx                   
00001ad9  UARTMSP_enableInts              
00003e71  UARTMSP_eventCallback           
000000c1  UARTMSP_interruptHandler        
202009b0  UARTObject                      
0000398d  UART_Params_init                
00004004  UART_config                     
00003fef  UART_count                      
00003fa8  UART_defaultParams              
00000a49  UART_open                       
000028a5  UART_read                       
0000354b  UART_readBuffered               
00001c25  UART_readCallback               
00002455  UART_readFullFeatured           
00003579  UART_writeBuffered              
00000cd5  UART_writeCallback              
000024cd  UART_writeFullFeatured          
20200b50  _CIOBUF_                        
20200b50  __CIOBUF_                       
20208000  __STACK_END                     
00000200  __STACK_SIZE                    
00000800  __SYSMEM_SIZE                   
000040b0  __TI_CINIT_Base                 
000040c8  __TI_CINIT_Limit                
000040c8  __TI_CINIT_Warm                 
00004094  __TI_Handler_Table_Base         
000040a0  __TI_Handler_Table_Limit        
000032d5  __TI_auto_init_nobinit_nopinit  
000033e9  __TI_cleanup                    
20200b0c  __TI_cleanup_ptr                
00002271  __TI_closefile                  
0000283d  __TI_decompress_lzss            
00003e0f  __TI_decompress_none            
00002e1d  __TI_doflush                    
20200b10  __TI_dtors_ptr                  
20200b24  __TI_ft_end                     
ffffffff  __TI_pprof_out_hndl             
0000048d  __TI_printfi_minimal            
ffffffff  __TI_prof_data_size             
ffffffff  __TI_prof_data_start            
0000341d  __TI_readmsg                    
00000000  __TI_static_base__              
20200c70  __TI_tmpnams                    
00003451  __TI_writemsg                   
00002971  __TI_wrt_ok                     
00003da1  __TI_zero_init_nomemset         
00001d5b  __aeabi_idiv0                   
00003af9  __aeabi_memclr                  
00003af9  __aeabi_memclr4                 
00003af9  __aeabi_memclr8                 
00003f41  __aeabi_memcpy                  
00003f41  __aeabi_memcpy4                 
00003f41  __aeabi_memcpy8                 
00003ae9  __aeabi_memset                  
00003ae9  __aeabi_memset4                 
00003ae9  __aeabi_memset8                 
00003219  __aeabi_uidiv                   
00003219  __aeabi_uidivmod                
ffffffff  __binit__                       
UNDEFED   __mpu_init                      
20207e00  __stack                         
20200000  __start___llvm_prf_bits         
20200000  __start___llvm_prf_cnts         
20200000  __stop___llvm_prf_bits          
20200000  __stop___llvm_prf_cnts          
000037bd  _c_int00_noargs                 
20200a44  _device                         
20200800  _ftable                         
20200b28  _lock                           
00001fbb  _nop                            
20200abc  _stream                         
20200000  _sys_memory                     
UNDEFED   _system_post_cinit              
00003f4d  _system_pre_init                
20200b2c  _unlock                         
00003f51  abort                           
00000b99  aligned_alloc                   
ffffffff  binit                           
00003f29  clkFxn                          
00002e6d  close                           
00003485  exit                            
00003349  finddevice                      
00002c15  fprintf                         
00001fbd  fputc                           
00001329  fputs                           
0000112d  free                            
00003f31  fseek                           
0000262d  fseeko                          
00002699  getdevice                       
00000000  interruptVectors                
0000376d  lseek                           
00002afd  main                            
00003efd  malloc                          
00000b99  memalign                        
000038c5  memccpy                         
00001cc1  memcpy                          
00002a39  memset                          
20200da8  parmbuf                         
00003c25  prvGetRegistersFromStack        
00003f39  remove                          
20200dc0  rxBuffer                        
00001421  setvbuf                         
20200dc1  txBuffer                        
00003601  unlink                          
00003795  write                           


GLOBAL SYMBOLS: SORTED BY Symbol Address 

address   name                            
-------   ----                            
00000000  __TI_static_base__              
00000000  interruptVectors                
000000c1  UARTMSP_interruptHandler        
00000200  __STACK_SIZE                    
0000048d  __TI_printfi_minimal            
00000800  __SYSMEM_SIZE                   
000008f9  UARTMSP_dmaRx                   
00000a49  UART_open                       
00000b99  aligned_alloc                   
00000b99  memalign                        
00000cd5  UART_writeCallback              
00000dfd  DMAMSPM0_setupTransfer          
00000f1d  DMAMSPM0_open                   
00001029  DMAMSPM0_init                   
0000112d  free                            
0000122d  SemaphoreP_pend                 
00001329  fputs                           
00001421  setvbuf                         
00001501  DMAMSPM0_close                  
00001761  HwiP_construct                  
000018d5  UARTMSP_dmaTx                   
00001985  ClockP_stop                     
00001ad9  UARTMSP_enableInts              
00001b7f  ADC0_IRQHandler                 
00001b7f  ADC1_IRQHandler                 
00001b7f  AES_IRQHandler                  
00001b7f  CANFD0_IRQHandler               
00001b7f  DAC0_IRQHandler                 
00001b7f  DMA_IRQHandler                  
00001b7f  Default_Handler                 
00001b7f  GROUP0_IRQHandler               
00001b7f  GROUP1_IRQHandler               
00001b7f  I2C0_IRQHandler                 
00001b7f  I2C1_IRQHandler                 
00001b7f  NMI_Handler                     
00001b7f  PendSV_Handler                  
00001b7f  RTC_IRQHandler                  
00001b7f  SPI0_IRQHandler                 
00001b7f  SPI1_IRQHandler                 
00001b7f  SVC_Handler                     
00001b7f  TIMA0_IRQHandler                
00001b7f  TIMA1_IRQHandler                
00001b7f  TIMG0_IRQHandler                
00001b7f  TIMG12_IRQHandler               
00001b7f  TIMG6_IRQHandler                
00001b7f  TIMG7_IRQHandler                
00001b7f  TIMG8_IRQHandler                
00001b7f  UART0_IRQHandler                
00001b7f  UART2_IRQHandler                
00001b7f  UART3_IRQHandler                
00001c25  UART_readCallback               
00001cc1  memcpy                          
00001d5b  __aeabi_idiv0                   
00001d5d  ClockP_destruct                 
00001df5  SemaphoreP_construct            
00001f25  RingBuf_putn                    
00001fbb  _nop                            
00001fbd  fputc                           
0000204d  DL_UART_configBaudRate          
000020dd  ClockP_sysTickHandler           
00002165  RingBuf_put                     
00002271  __TI_closefile                  
000022ed  RingBuf_getn                    
00002365  RingBuf_putAdvance              
00002455  UART_readFullFeatured           
000024cd  UART_writeFullFeatured          
00002545  UARTMSP_dmaStopTx               
000025b9  UARTMSP_dmaStopRx               
0000262d  fseeko                          
00002699  getdevice                       
00002705  HOSTlseek                       
0000276d  HOSTrename                      
000027d5  SemaphoreP_post                 
0000283d  __TI_decompress_lzss            
000028a5  UART_read                       
0000290d  DMA_Init                        
00002971  __TI_wrt_ok                     
00002a39  memset                          
00002a9b  RingBuf_get                     
00002afd  main                            
00002b5d  DL_Interrupt_registerInterrupt  
00002bb9  HOSTopen                        
00002c15  fprintf                         
00002c71  HOSTread                        
00002cc9  HOSTwrite                       
00002d21  RingBuf_putPointer              
00002dcb  RingBuf_getConsume              
00002e1d  __TI_doflush                    
00002e6d  close                           
00002ebd  DL_UART_init                    
00002fa1  DMAMSPM0_copyDMAParams          
00002fed  HOSTclose                       
00003035  HOSTunlink                      
0000307d  DL_DMA_initChannel              
000030c5  ClockP_start                    
00003109  DMAMSPM0_disableChannel         
0000314d  HwiP_create                     
00003191  RingBuf_getPointer              
00003219  __aeabi_uidiv                   
00003219  __aeabi_uidivmod                
00003299  ClockP_startup                  
000032d5  __TI_auto_init_nobinit_nopinit  
00003349  finddevice                      
00003381  HwiP_dispatch                   
000033e9  __TI_cleanup                    
0000341d  __TI_readmsg                    
00003451  __TI_writemsg                   
0000347b  C$$IO$$                         
00003485  exit                            
000034b9  ClockP_add                      
0000351d  RingBuf_construct               
0000354b  UART_readBuffered               
00003579  UART_writeBuffered              
000035a7  HwiP_inISR                      
00003601  unlink                          
0000376d  lseek                           
00003795  write                           
000037bd  _c_int00_noargs                 
0000387d  DL_UART_setClockConfig          
000038a1  HwiP_Params_init                
000038c5  memccpy                         
000038e9  SemaphoreP_create               
0000392d  DMA_Params_init                 
0000396d  HardFault_Handler               
0000398d  UART_Params_init                
000039cb  HwiP_destruct                   
000039e9  SemaphoreP_createBinary         
00003a41  DL_Interrupt_unregisterInterrupt
00003ab1  DMAMSPM0_getCurrTransferSize    
00003ae9  __aeabi_memset                  
00003ae9  __aeabi_memset4                 
00003ae9  __aeabi_memset8                 
00003af9  __aeabi_memclr                  
00003af9  __aeabi_memclr4                 
00003af9  __aeabi_memclr8                 
00003c0d  SemaphoreP_Params_init          
00003c25  prvGetRegistersFromStack        
00003cc1  HwiP_delete                     
00003cd7  SemaphoreP_delete               
00003ced  ClockP_isActive                 
00003d51  HwiP_disable                    
00003d65  HwiP_disableInterrupt           
00003d79  HwiP_enableInterrupt            
00003d8d  HwiP_restore                    
00003da1  __TI_zero_init_nomemset         
00003e0f  __TI_decompress_none            
00003e61  UART1_IRQHandler                
00003e71  UARTMSP_eventCallback           
00003efd  malloc                          
00003f09  SemaphoreP_destruct             
00003f11  SysTick_Handler                 
00003f29  clkFxn                          
00003f31  fseek                           
00003f39  remove                          
00003f41  __aeabi_memcpy                  
00003f41  __aeabi_memcpy4                 
00003f41  __aeabi_memcpy8                 
00003f49  Reset_Handler                   
00003f4d  _system_pre_init                
00003f50  C$$EXIT                         
00003f51  abort                           
00003f58  DMA_Ch_defaultParams            
00003fa8  UART_defaultParams              
00003fee  CONFIG_UART_0                   
00003fef  UART_count                      
00003ff0  UARTMSPSupportFxns              
00004004  UART_config                     
00004094  __TI_Handler_Table_Base         
000040a0  __TI_Handler_Table_Limit        
000040b0  __TI_CINIT_Base                 
000040c8  __TI_CINIT_Limit                
000040c8  __TI_CINIT_Warm                 
20200000  __start___llvm_prf_bits         
20200000  __start___llvm_prf_cnts         
20200000  __stop___llvm_prf_bits          
20200000  __stop___llvm_prf_cnts          
20200000  _sys_memory                     
20200800  _ftable                         
202009b0  UARTObject                      
20200a44  _device                         
20200abc  _stream                         
20200b0c  __TI_cleanup_ptr                
20200b10  __TI_dtors_ptr                  
20200b14  SemaphoreP_defaultParams        
20200b1c  ClockP_tickPeriod               
20200b20  HwiP_swiPIntNum                 
20200b24  __TI_ft_end                     
20200b28  _lock                           
20200b2c  _unlock                         
20200b50  _CIOBUF_                        
20200b50  __CIOBUF_                       
20200c70  __TI_tmpnams                    
20200d90  ClockP_ctrl                     
20200da0  DMAMSPM0_Config                 
20200da8  parmbuf                         
20200dc0  rxBuffer                        
20200dc1  txBuffer                        
20207e00  __stack                         
20208000  __STACK_END                     
ffffffff  __TI_pprof_out_hndl             
ffffffff  __TI_prof_data_size             
ffffffff  __TI_prof_data_start            
ffffffff  __binit__                       
ffffffff  binit                           
UNDEFED   __mpu_init                      
UNDEFED   _system_post_cinit              

[206 symbols]
