<?xml version="1.0" encoding="ISO-8859-1" ?>
<link_info>
   <banner>TI ARM Clang Linker PC v2.1.3.LTS</banner>
   <copyright>Copyright (c) 1996-2018 Texas Instruments Incorporated</copyright>
   <link_time>0x654066a5</link_time>
   <link_errors>0x0</link_errors>
   <output_file>uart_rx.out</output_file>
   <entry_point>
      <name>_c_int00_noargs</name>
      <address>0x2c21</address>
   </entry_point>
   <input_file_list>
      <input_file id="fl-1">
         <path>.\</path>
         <kind>object</kind>
         <file>ti_drivers_config.o</file>
         <name>ti_drivers_config.o</name>
      </input_file>
      <input_file id="fl-2">
         <path>.\</path>
         <kind>object</kind>
         <file>uart_echo.o</file>
         <name>uart_echo.o</name>
      </input_file>
      <input_file id="fl-3">
         <path>.\ticlang\</path>
         <kind>object</kind>
         <file>startup_mspm0g3507_ticlang.o</file>
         <name>startup_mspm0g3507_ticlang.o</name>
      </input_file>
      <input_file id="fl-11">
         <kind>object</kind>
         <file>&lt;internal&gt;</file>
         <name>&lt;internal&gt;</name>
      </input_file>
      <input_file id="fl-12">
         <path>C:\ti\mspm0_sdk_1_20_00_05\source\ti\drivers\lib\ticlang\m0p\</path>
         <kind>archive</kind>
         <file>drivers_mspm0g1x0x_g3x0x.a</file>
         <name>UART.o</name>
      </input_file>
      <input_file id="fl-13">
         <path>C:\ti\mspm0_sdk_1_20_00_05\source\ti\drivers\lib\ticlang\m0p\</path>
         <kind>archive</kind>
         <file>drivers_mspm0g1x0x_g3x0x.a</file>
         <name>UARTMSPM0G1X0X_G3X0X.o</name>
      </input_file>
      <input_file id="fl-14">
         <path>C:\ti\mspm0_sdk_1_20_00_05\source\ti\drivers\lib\ticlang\m0p\</path>
         <kind>archive</kind>
         <file>drivers_mspm0g1x0x_g3x0x.a</file>
         <name>DMAMSPM0.o</name>
      </input_file>
      <input_file id="fl-15">
         <path>C:\ti\mspm0_sdk_1_20_00_05\source\ti\drivers\lib\ticlang\m0p\</path>
         <kind>archive</kind>
         <file>drivers_mspm0g1x0x_g3x0x.a</file>
         <name>RingBuf.o</name>
      </input_file>
      <input_file id="fl-16">
         <path>C:\ti\mspm0_sdk_1_20_00_05\kernel\nortos\lib\ticlang\m0p\</path>
         <kind>archive</kind>
         <file>nortos_mspm0g1x0x_g3x0x.a</file>
         <name>HwiPMSPM0_nortos.o</name>
      </input_file>
      <input_file id="fl-17">
         <path>C:\ti\mspm0_sdk_1_20_00_05\kernel\nortos\lib\ticlang\m0p\</path>
         <kind>archive</kind>
         <file>nortos_mspm0g1x0x_g3x0x.a</file>
         <name>SemaphoreP_nortos.o</name>
      </input_file>
      <input_file id="fl-18">
         <path>C:\ti\mspm0_sdk_1_20_00_05\kernel\nortos\lib\ticlang\m0p\</path>
         <kind>archive</kind>
         <file>nortos_mspm0g1x0x_g3x0x.a</file>
         <name>ClockPSysTick_nortos.o</name>
      </input_file>
      <input_file id="fl-19">
         <path>C:\ti\mspm0_sdk_1_20_00_05\source\ti\driverlib\lib\ticlang\m0p\mspm0g1x0x_g3x0x\</path>
         <kind>archive</kind>
         <file>driverlib.a</file>
         <name>dl_dma.o</name>
      </input_file>
      <input_file id="fl-1a">
         <path>C:\ti\mspm0_sdk_1_20_00_05\source\ti\driverlib\lib\ticlang\m0p\mspm0g1x0x_g3x0x\</path>
         <kind>archive</kind>
         <file>driverlib.a</file>
         <name>dl_uart.o</name>
      </input_file>
      <input_file id="fl-1b">
         <path>C:\ti\mspm0_sdk_1_20_00_05\source\ti\driverlib\lib\ticlang\m0p\mspm0g1x0x_g3x0x\</path>
         <kind>archive</kind>
         <file>driverlib.a</file>
         <name>dl_interrupt.o</name>
      </input_file>
      <input_file id="fl-27">
         <path>C:\ti\ccstheia110\ccs\tools\compiler\ti-cgt-armllvm_2.1.3.LTS\lib\armv6m-ti-none-eabi\c\</path>
         <kind>archive</kind>
         <file>libc.a</file>
         <name>memory.c.obj</name>
      </input_file>
      <input_file id="fl-28">
         <path>C:\ti\ccstheia110\ccs\tools\compiler\ti-cgt-armllvm_2.1.3.LTS\lib\armv6m-ti-none-eabi\c\</path>
         <kind>archive</kind>
         <file>libc.a</file>
         <name>copy_zero_init.c.obj</name>
      </input_file>
      <input_file id="fl-29">
         <path>C:\ti\ccstheia110\ccs\tools\compiler\ti-cgt-armllvm_2.1.3.LTS\lib\armv6m-ti-none-eabi\c\</path>
         <kind>archive</kind>
         <file>libc.a</file>
         <name>copy_decompress_none.c.obj</name>
      </input_file>
      <input_file id="fl-2a">
         <path>C:\ti\ccstheia110\ccs\tools\compiler\ti-cgt-armllvm_2.1.3.LTS\lib\armv6m-ti-none-eabi\c\</path>
         <kind>archive</kind>
         <file>libc.a</file>
         <name>copy_decompress_lzss.c.obj</name>
      </input_file>
      <input_file id="fl-2b">
         <path>C:\ti\ccstheia110\ccs\tools\compiler\ti-cgt-armllvm_2.1.3.LTS\lib\armv6m-ti-none-eabi\c\</path>
         <kind>archive</kind>
         <file>libc.a</file>
         <name>boot_cortex_m.c.obj</name>
      </input_file>
      <input_file id="fl-2c">
         <path>C:\ti\ccstheia110\ccs\tools\compiler\ti-cgt-armllvm_2.1.3.LTS\lib\armv6m-ti-none-eabi\c\</path>
         <kind>archive</kind>
         <file>libc.a</file>
         <name>mathacl_init.c.obj</name>
      </input_file>
      <input_file id="fl-2d">
         <path>C:\ti\ccstheia110\ccs\tools\compiler\ti-cgt-armllvm_2.1.3.LTS\lib\armv6m-ti-none-eabi\c\</path>
         <kind>archive</kind>
         <file>libc.a</file>
         <name>exit.c.obj</name>
      </input_file>
      <input_file id="fl-2e">
         <path>C:\ti\ccstheia110\ccs\tools\compiler\ti-cgt-armllvm_2.1.3.LTS\lib\armv6m-ti-none-eabi\c\</path>
         <kind>archive</kind>
         <file>libc.a</file>
         <name>_lock.c.obj</name>
      </input_file>
      <input_file id="fl-2f">
         <path>C:\ti\ccstheia110\ccs\tools\compiler\ti-cgt-armllvm_2.1.3.LTS\lib\armv6m-ti-none-eabi\c\</path>
         <kind>archive</kind>
         <file>libc.a</file>
         <name>args_main.c.obj</name>
      </input_file>
      <input_file id="fl-30">
         <path>C:\ti\ccstheia110\ccs\tools\compiler\ti-cgt-armllvm_2.1.3.LTS\lib\armv6m-ti-none-eabi\c\</path>
         <kind>archive</kind>
         <file>libc.a</file>
         <name>autoinit.c.obj</name>
      </input_file>
      <input_file id="fl-31">
         <path>C:\ti\ccstheia110\ccs\tools\compiler\ti-cgt-armllvm_2.1.3.LTS\lib\armv6m-ti-none-eabi\c\</path>
         <kind>archive</kind>
         <file>libc.a</file>
         <name>pre_init.c.obj</name>
      </input_file>
      <input_file id="fl-32">
         <path>C:\ti\ccstheia110\ccs\tools\compiler\ti-cgt-armllvm_2.1.3.LTS\lib\armv6m-ti-none-eabi\c\</path>
         <kind>archive</kind>
         <file>libc.a</file>
         <name>cpy_tbl.c.obj</name>
      </input_file>
      <input_file id="fl-6b">
         <path>C:\ti\ccstheia110\ccs\tools\compiler\ti-cgt-armllvm_2.1.3.LTS\lib\clang\14.0.6\lib\armv6m-ti-none-eabi\</path>
         <kind>archive</kind>
         <file>libclang_rt.builtins.a</file>
         <name>muldi3.S.obj</name>
      </input_file>
      <input_file id="fl-6c">
         <path>C:\ti\ccstheia110\ccs\tools\compiler\ti-cgt-armllvm_2.1.3.LTS\lib\clang\14.0.6\lib\armv6m-ti-none-eabi\</path>
         <kind>archive</kind>
         <file>libclang_rt.builtins.a</file>
         <name>aeabi_memcpy.S.obj</name>
      </input_file>
      <input_file id="fl-6d">
         <path>C:\ti\ccstheia110\ccs\tools\compiler\ti-cgt-armllvm_2.1.3.LTS\lib\clang\14.0.6\lib\armv6m-ti-none-eabi\</path>
         <kind>archive</kind>
         <file>libclang_rt.builtins.a</file>
         <name>aeabi_memset.S.obj</name>
      </input_file>
      <input_file id="fl-6e">
         <path>C:\ti\ccstheia110\ccs\tools\compiler\ti-cgt-armllvm_2.1.3.LTS\lib\clang\14.0.6\lib\armv6m-ti-none-eabi\</path>
         <kind>archive</kind>
         <file>libclang_rt.builtins.a</file>
         <name>aeabi_uidivmod.S.obj</name>
      </input_file>
      <input_file id="fl-6f">
         <path>C:\ti\ccstheia110\ccs\tools\compiler\ti-cgt-armllvm_2.1.3.LTS\lib\clang\14.0.6\lib\armv6m-ti-none-eabi\</path>
         <kind>archive</kind>
         <file>libclang_rt.builtins.a</file>
         <name>aeabi_uldivmod.S.obj</name>
      </input_file>
      <input_file id="fl-70">
         <path>C:\ti\ccstheia110\ccs\tools\compiler\ti-cgt-armllvm_2.1.3.LTS\lib\clang\14.0.6\lib\armv6m-ti-none-eabi\</path>
         <kind>archive</kind>
         <file>libclang_rt.builtins.a</file>
         <name>udivmoddi4.S.obj</name>
      </input_file>
      <input_file id="fl-71">
         <path>C:\ti\ccstheia110\ccs\tools\compiler\ti-cgt-armllvm_2.1.3.LTS\lib\clang\14.0.6\lib\armv6m-ti-none-eabi\</path>
         <kind>archive</kind>
         <file>libclang_rt.builtins.a</file>
         <name>muldsi3.S.obj</name>
      </input_file>
      <input_file id="fl-72">
         <path>C:\ti\ccstheia110\ccs\tools\compiler\ti-cgt-armllvm_2.1.3.LTS\lib\clang\14.0.6\lib\armv6m-ti-none-eabi\</path>
         <kind>archive</kind>
         <file>libclang_rt.builtins.a</file>
         <name>ashldi3.S.obj</name>
      </input_file>
      <input_file id="fl-73">
         <path>C:\ti\ccstheia110\ccs\tools\compiler\ti-cgt-armllvm_2.1.3.LTS\lib\clang\14.0.6\lib\armv6m-ti-none-eabi\</path>
         <kind>archive</kind>
         <file>libclang_rt.builtins.a</file>
         <name>aeabi_div0.c.obj</name>
      </input_file>
      <input_file id="fl-74">
         <path>C:\ti\ccstheia110\ccs\tools\compiler\ti-cgt-armllvm_2.1.3.LTS\lib\armv6m-ti-none-eabi\c\</path>
         <kind>archive</kind>
         <file>libc.a</file>
         <name>memcpy16.S.obj</name>
      </input_file>
      <input_file id="fl-75">
         <path>C:\ti\ccstheia110\ccs\tools\compiler\ti-cgt-armllvm_2.1.3.LTS\lib\armv6m-ti-none-eabi\c\</path>
         <kind>archive</kind>
         <file>libc.a</file>
         <name>memset16.S.obj</name>
      </input_file>
   </input_file_list>
   <object_component_list>
      <object_component id="oc-18">
         <name>.intvecs</name>
         <load_address>0x0</load_address>
         <run_address>0x0</run_address>
         <size>0xc0</size>
         <input_file_ref idref="fl-3"/>
      </object_component>
      <object_component id="oc-56">
         <name>.text.UARTMSP_interruptHandler</name>
         <load_address>0xc0</load_address>
         <run_address>0xc0</run_address>
         <size>0x3cc</size>
         <input_file_ref idref="fl-13"/>
      </object_component>
      <object_component id="oc-101">
         <name>.text.UARTMSP_enable</name>
         <load_address>0x48c</load_address>
         <run_address>0x48c</run_address>
         <size>0x1ec</size>
         <input_file_ref idref="fl-13"/>
      </object_component>
      <object_component id="oc-81">
         <name>.text.UARTMSP_dmaRx</name>
         <load_address>0x678</load_address>
         <run_address>0x678</run_address>
         <size>0x150</size>
         <input_file_ref idref="fl-13"/>
      </object_component>
      <object_component id="oc-9c">
         <name>.text.UART_open</name>
         <load_address>0x7c8</load_address>
         <run_address>0x7c8</run_address>
         <size>0x150</size>
         <input_file_ref idref="fl-12"/>
      </object_component>
      <object_component id="oc-174">
         <name>.text.aligned_alloc</name>
         <load_address>0x918</load_address>
         <run_address>0x918</run_address>
         <size>0x13c</size>
         <input_file_ref idref="fl-27"/>
      </object_component>
      <object_component id="oc-12d">
         <name>.text.UART_writeCallback</name>
         <load_address>0xa54</load_address>
         <run_address>0xa54</run_address>
         <size>0x128</size>
         <input_file_ref idref="fl-12"/>
      </object_component>
      <object_component id="oc-c0">
         <name>.text.DMAMSPM0_setupTransfer</name>
         <load_address>0xb7c</load_address>
         <run_address>0xb7c</run_address>
         <size>0x120</size>
         <input_file_ref idref="fl-14"/>
      </object_component>
      <object_component id="oc-139">
         <name>.text.DMAMSPM0_open</name>
         <load_address>0xc9c</load_address>
         <run_address>0xc9c</run_address>
         <size>0x10c</size>
         <input_file_ref idref="fl-14"/>
      </object_component>
      <object_component id="oc-138">
         <name>.text.DMAMSPM0_init</name>
         <load_address>0xda8</load_address>
         <run_address>0xda8</run_address>
         <size>0x104</size>
         <input_file_ref idref="fl-14"/>
      </object_component>
      <object_component id="oc-13f">
         <name>.text.free</name>
         <load_address>0xeac</load_address>
         <run_address>0xeac</run_address>
         <size>0x100</size>
         <input_file_ref idref="fl-27"/>
      </object_component>
      <object_component id="oc-145">
         <name>.text.SemaphoreP_pend</name>
         <load_address>0xfac</load_address>
         <run_address>0xfac</run_address>
         <size>0xfc</size>
         <input_file_ref idref="fl-17"/>
      </object_component>
      <object_component id="oc-129">
         <name>.text.DMAMSPM0_close</name>
         <load_address>0x10a8</load_address>
         <run_address>0x10a8</run_address>
         <size>0xd4</size>
         <input_file_ref idref="fl-14"/>
      </object_component>
      <object_component id="oc-14f">
         <name>.text.UART_writeBufferedMode</name>
         <load_address>0x117c</load_address>
         <run_address>0x117c</run_address>
         <size>0xca</size>
         <input_file_ref idref="fl-12"/>
      </object_component>
      <object_component id="oc-14d">
         <name>.text.UART_readBufferedMode</name>
         <load_address>0x1246</load_address>
         <run_address>0x1246</run_address>
         <size>0xc2</size>
         <input_file_ref idref="fl-12"/>
      </object_component>
      <object_component id="oc-16a">
         <name>.text.HwiP_construct</name>
         <load_address>0x1308</load_address>
         <run_address>0x1308</run_address>
         <size>0xbc</size>
         <input_file_ref idref="fl-16"/>
      </object_component>
      <object_component id="oc-82">
         <name>.text.UARTMSP_readFromRingBuf</name>
         <load_address>0x13c4</load_address>
         <run_address>0x13c4</run_address>
         <size>0xb8</size>
         <input_file_ref idref="fl-13"/>
      </object_component>
      <object_component id="oc-86">
         <name>.text.UARTMSP_dmaTx</name>
         <load_address>0x147c</load_address>
         <run_address>0x147c</run_address>
         <size>0xb0</size>
         <input_file_ref idref="fl-13"/>
      </object_component>
      <object_component id="oc-171">
         <name>.text.ClockP_stop</name>
         <load_address>0x152c</load_address>
         <run_address>0x152c</run_address>
         <size>0xac</size>
         <input_file_ref idref="fl-18"/>
      </object_component>
      <object_component id="oc-156">
         <name>.text.DMAMSPM0_hwiFxn</name>
         <load_address>0x15d8</load_address>
         <run_address>0x15d8</run_address>
         <size>0xa8</size>
         <input_file_ref idref="fl-14"/>
      </object_component>
      <object_component id="oc-14e">
         <name>.text.UARTMSP_enableInts</name>
         <load_address>0x1680</load_address>
         <run_address>0x1680</run_address>
         <size>0xa6</size>
         <input_file_ref idref="fl-13"/>
      </object_component>
      <object_component id="oc-2a">
         <name>.text.Default_Handler</name>
         <load_address>0x1726</load_address>
         <run_address>0x1726</run_address>
         <size>0x2</size>
         <input_file_ref idref="fl-3"/>
      </object_component>
      <object_component id="oc-102">
         <name>.text.UARTMSP_disable</name>
         <load_address>0x1728</load_address>
         <run_address>0x1728</run_address>
         <size>0xa4</size>
         <input_file_ref idref="fl-13"/>
      </object_component>
      <object_component id="oc-12b">
         <name>.text.UART_readCallback</name>
         <load_address>0x17cc</load_address>
         <run_address>0x17cc</run_address>
         <size>0x9c</size>
         <input_file_ref idref="fl-12"/>
      </object_component>
      <object_component id="oc-96">
         <name>.text:memcpy</name>
         <load_address>0x1868</load_address>
         <run_address>0x1868</run_address>
         <size>0x9a</size>
         <input_file_ref idref="fl-74"/>
      </object_component>
      <object_component id="oc-fa">
         <name>.text.__aeabi_idiv0</name>
         <load_address>0x1902</load_address>
         <run_address>0x1902</run_address>
         <size>0x2</size>
         <input_file_ref idref="fl-73"/>
      </object_component>
      <object_component id="oc-162">
         <name>.text.ClockP_destruct</name>
         <load_address>0x1904</load_address>
         <run_address>0x1904</run_address>
         <size>0x98</size>
         <input_file_ref idref="fl-18"/>
      </object_component>
      <object_component id="oc-169">
         <name>.text.SemaphoreP_construct</name>
         <load_address>0x199c</load_address>
         <run_address>0x199c</run_address>
         <size>0x98</size>
         <input_file_ref idref="fl-17"/>
      </object_component>
      <object_component id="oc-74">
         <name>.text.addToList</name>
         <load_address>0x1a34</load_address>
         <run_address>0x1a34</run_address>
         <size>0x98</size>
         <input_file_ref idref="fl-18"/>
      </object_component>
      <object_component id="oc-166">
         <name>.text.RingBuf_putn</name>
         <load_address>0x1acc</load_address>
         <run_address>0x1acc</run_address>
         <size>0x96</size>
         <input_file_ref idref="fl-15"/>
      </object_component>
      <object_component id="oc-11d">
         <name>.text.DL_UART_configBaudRate</name>
         <load_address>0x1b62</load_address>
         <run_address>0x1b62</run_address>
         <size>0x8e</size>
         <input_file_ref idref="fl-1a"/>
      </object_component>
      <object_component id="oc-55">
         <name>.text.ClockP_sysTickHandler</name>
         <load_address>0x1bf0</load_address>
         <run_address>0x1bf0</run_address>
         <size>0x88</size>
         <input_file_ref idref="fl-18"/>
      </object_component>
      <object_component id="oc-89">
         <name>.text.RingBuf_put</name>
         <load_address>0x1c78</load_address>
         <run_address>0x1c78</run_address>
         <size>0x88</size>
         <input_file_ref idref="fl-15"/>
      </object_component>
      <object_component id="oc-177">
         <name>.text.__NVIC_SetPriority</name>
         <load_address>0x1d00</load_address>
         <run_address>0x1d00</run_address>
         <size>0x84</size>
         <input_file_ref idref="fl-16"/>
      </object_component>
      <object_component id="oc-165">
         <name>.text.RingBuf_getn</name>
         <load_address>0x1d84</load_address>
         <run_address>0x1d84</run_address>
         <size>0x78</size>
         <input_file_ref idref="fl-15"/>
      </object_component>
      <object_component id="oc-85">
         <name>.text.RingBuf_putAdvance</name>
         <load_address>0x1dfc</load_address>
         <run_address>0x1dfc</run_address>
         <size>0x78</size>
         <input_file_ref idref="fl-15"/>
      </object_component>
      <object_component id="oc-7d">
         <name>.text.UARTMSP_getRxData</name>
         <load_address>0x1e74</load_address>
         <run_address>0x1e74</run_address>
         <size>0x78</size>
         <input_file_ref idref="fl-13"/>
      </object_component>
      <object_component id="oc-104">
         <name>.text.UART_readFullFeatured</name>
         <load_address>0x1eec</load_address>
         <run_address>0x1eec</run_address>
         <size>0x78</size>
         <input_file_ref idref="fl-12"/>
      </object_component>
      <object_component id="oc-105">
         <name>.text.UART_writeFullFeatured</name>
         <load_address>0x1f64</load_address>
         <run_address>0x1f64</run_address>
         <size>0x78</size>
         <input_file_ref idref="fl-12"/>
      </object_component>
      <object_component id="oc-83">
         <name>.text.UARTMSP_dmaStopTx</name>
         <load_address>0x1fdc</load_address>
         <run_address>0x1fdc</run_address>
         <size>0x74</size>
         <input_file_ref idref="fl-13"/>
      </object_component>
      <object_component id="oc-80">
         <name>.text.UARTMSP_dmaStopRx</name>
         <load_address>0x2050</load_address>
         <run_address>0x2050</run_address>
         <size>0x72</size>
         <input_file_ref idref="fl-13"/>
      </object_component>
      <object_component id="oc-108">
         <name>.text._nop</name>
         <load_address>0x20c2</load_address>
         <run_address>0x20c2</run_address>
         <size>0x2</size>
         <input_file_ref idref="fl-2e"/>
      </object_component>
      <object_component id="oc-8d">
         <name>.text.SemaphoreP_post</name>
         <load_address>0x20c4</load_address>
         <run_address>0x20c4</run_address>
         <size>0x68</size>
         <input_file_ref idref="fl-17"/>
      </object_component>
      <object_component id="oc-1c">
         <name>.text:decompress:lzss</name>
         <load_address>0x212c</load_address>
         <run_address>0x212c</run_address>
         <size>0x68</size>
         <input_file_ref idref="fl-2a"/>
      </object_component>
      <object_component id="oc-9d">
         <name>.text.UART_read</name>
         <load_address>0x2194</load_address>
         <run_address>0x2194</run_address>
         <size>0x66</size>
         <input_file_ref idref="fl-12"/>
      </object_component>
      <object_component id="oc-9e">
         <name>.text.UART_write</name>
         <load_address>0x21fa</load_address>
         <run_address>0x21fa</run_address>
         <size>0x66</size>
         <input_file_ref idref="fl-12"/>
      </object_component>
      <object_component id="oc-121">
         <name>.text.DMA_Init</name>
         <load_address>0x2260</load_address>
         <run_address>0x2260</run_address>
         <size>0x64</size>
         <input_file_ref idref="fl-14"/>
      </object_component>
      <object_component id="oc-180">
         <name>.text.split</name>
         <load_address>0x22c4</load_address>
         <run_address>0x22c4</run_address>
         <size>0x64</size>
         <input_file_ref idref="fl-27"/>
      </object_component>
      <object_component id="oc-8a">
         <name>.text.RingBuf_get</name>
         <load_address>0x2328</load_address>
         <run_address>0x2328</run_address>
         <size>0x60</size>
         <input_file_ref idref="fl-15"/>
      </object_component>
      <object_component id="oc-176">
         <name>.text.DL_Interrupt_registerInterrupt</name>
         <load_address>0x2388</load_address>
         <run_address>0x2388</run_address>
         <size>0x5c</size>
         <input_file_ref idref="fl-1b"/>
      </object_component>
      <object_component id="oc-66">
         <name>.text.main</name>
         <load_address>0x23e4</load_address>
         <run_address>0x23e4</run_address>
         <size>0x58</size>
         <input_file_ref idref="fl-2"/>
      </object_component>
      <object_component id="oc-84">
         <name>.text.RingBuf_putPointer</name>
         <load_address>0x243c</load_address>
         <run_address>0x243c</run_address>
         <size>0x56</size>
         <input_file_ref idref="fl-15"/>
      </object_component>
      <object_component id="oc-111">
         <name>.text.DL_DMA_configTransfer</name>
         <load_address>0x2492</load_address>
         <run_address>0x2492</run_address>
         <size>0x54</size>
         <input_file_ref idref="fl-19"/>
      </object_component>
      <object_component id="oc-c5">
         <name>.text.RingBuf_getConsume</name>
         <load_address>0x24e6</load_address>
         <run_address>0x24e6</run_address>
         <size>0x52</size>
         <input_file_ref idref="fl-15"/>
      </object_component>
      <object_component id="oc-11c">
         <name>.text.DL_UART_init</name>
         <load_address>0x2538</load_address>
         <run_address>0x2538</run_address>
         <size>0x4c</size>
         <input_file_ref idref="fl-1a"/>
      </object_component>
      <object_component id="oc-135">
         <name>.text.DL_UART_setBaudRateDivisor</name>
         <load_address>0x2584</load_address>
         <run_address>0x2584</run_address>
         <size>0x4c</size>
         <input_file_ref idref="fl-1a"/>
      </object_component>
      <object_component id="oc-16d">
         <name>.text.sysTickInit</name>
         <load_address>0x25d0</load_address>
         <run_address>0x25d0</run_address>
         <size>0x4c</size>
         <input_file_ref idref="fl-18"/>
      </object_component>
      <object_component id="oc-13a">
         <name>.text.DMAMSPM0_copyDMAParams</name>
         <load_address>0x261c</load_address>
         <run_address>0x261c</run_address>
         <size>0x4a</size>
         <input_file_ref idref="fl-14"/>
      </object_component>
      <object_component id="oc-f5">
         <name>.text.DL_DMA_initChannel</name>
         <load_address>0x2666</load_address>
         <run_address>0x2666</run_address>
         <size>0x46</size>
         <input_file_ref idref="fl-19"/>
      </object_component>
      <object_component id="oc-15f">
         <name>.text.ClockP_start</name>
         <load_address>0x26ac</load_address>
         <run_address>0x26ac</run_address>
         <size>0x44</size>
         <input_file_ref idref="fl-18"/>
      </object_component>
      <object_component id="oc-bd">
         <name>.text.DMAMSPM0_disableChannel</name>
         <load_address>0x26f0</load_address>
         <run_address>0x26f0</run_address>
         <size>0x44</size>
         <input_file_ref idref="fl-14"/>
      </object_component>
      <object_component id="oc-155">
         <name>.text.HwiP_create</name>
         <load_address>0x2734</load_address>
         <run_address>0x2734</run_address>
         <size>0x44</size>
         <input_file_ref idref="fl-16"/>
      </object_component>
      <object_component id="oc-c4">
         <name>.text.RingBuf_getPointer</name>
         <load_address>0x2778</load_address>
         <run_address>0x2778</run_address>
         <size>0x44</size>
         <input_file_ref idref="fl-15"/>
      </object_component>
      <object_component id="oc-103">
         <name>.text.UARTMSP_txChar</name>
         <load_address>0x27bc</load_address>
         <run_address>0x27bc</run_address>
         <size>0x42</size>
         <input_file_ref idref="fl-13"/>
      </object_component>
      <object_component id="oc-c8">
         <name>.text</name>
         <load_address>0x2800</load_address>
         <run_address>0x2800</run_address>
         <size>0x40</size>
         <input_file_ref idref="fl-6e"/>
      </object_component>
      <object_component id="oc-116">
         <name>.text.UARTMSP_initBuffers</name>
         <load_address>0x2840</load_address>
         <run_address>0x2840</run_address>
         <size>0x3e</size>
         <input_file_ref idref="fl-13"/>
      </object_component>
      <object_component id="oc-15d">
         <name>.text.ClockP_startup</name>
         <load_address>0x2880</load_address>
         <run_address>0x2880</run_address>
         <size>0x3c</size>
         <input_file_ref idref="fl-18"/>
      </object_component>
      <object_component id="oc-ab">
         <name>.text:__TI_auto_init_nobinit_nopinit</name>
         <load_address>0x28bc</load_address>
         <run_address>0x28bc</run_address>
         <size>0x3c</size>
         <input_file_ref idref="fl-30"/>
      </object_component>
      <object_component id="oc-112">
         <name>.text.DL_DMA_setTrigger</name>
         <load_address>0x28f8</load_address>
         <run_address>0x28f8</run_address>
         <size>0x38</size>
         <input_file_ref idref="fl-19"/>
      </object_component>
      <object_component id="oc-17a">
         <name>.text.HwiP_dispatch</name>
         <load_address>0x2930</load_address>
         <run_address>0x2930</run_address>
         <size>0x34</size>
         <input_file_ref idref="fl-16"/>
      </object_component>
      <object_component id="oc-13d">
         <name>.text.__NVIC_DisableIRQ</name>
         <load_address>0x2964</load_address>
         <run_address>0x2964</run_address>
         <size>0x34</size>
         <input_file_ref idref="fl-16"/>
      </object_component>
      <object_component id="oc-15e">
         <name>.text.ClockP_add</name>
         <load_address>0x2998</load_address>
         <run_address>0x2998</run_address>
         <size>0x32</size>
         <input_file_ref idref="fl-18"/>
      </object_component>
      <object_component id="oc-f6">
         <name>.text.DL_DMA_setTransferSize</name>
         <load_address>0x29cc</load_address>
         <run_address>0x29cc</run_address>
         <size>0x30</size>
         <input_file_ref idref="fl-14"/>
      </object_component>
      <object_component id="oc-130">
         <name>.text.RingBuf_construct</name>
         <load_address>0x29fc</load_address>
         <run_address>0x29fc</run_address>
         <size>0x2e</size>
         <input_file_ref idref="fl-15"/>
      </object_component>
      <object_component id="oc-12a">
         <name>.text.UART_readBuffered</name>
         <load_address>0x2a2a</load_address>
         <run_address>0x2a2a</run_address>
         <size>0x2e</size>
         <input_file_ref idref="fl-12"/>
      </object_component>
      <object_component id="oc-12c">
         <name>.text.UART_writeBuffered</name>
         <load_address>0x2a58</load_address>
         <run_address>0x2a58</run_address>
         <size>0x2e</size>
         <input_file_ref idref="fl-12"/>
      </object_component>
      <object_component id="oc-cf">
         <name>.text.HwiP_inISR</name>
         <load_address>0x2a86</load_address>
         <run_address>0x2a86</run_address>
         <size>0x2c</size>
         <input_file_ref idref="fl-16"/>
      </object_component>
      <object_component id="oc-13c">
         <name>.text.__NVIC_EnableIRQ</name>
         <load_address>0x2ab4</load_address>
         <run_address>0x2ab4</run_address>
         <size>0x2c</size>
         <input_file_ref idref="fl-16"/>
      </object_component>
      <object_component id="oc-12f">
         <name>.text.DL_Common_updateReg</name>
         <load_address>0x2ae0</load_address>
         <run_address>0x2ae0</run_address>
         <size>0x28</size>
         <input_file_ref idref="fl-19"/>
      </object_component>
      <object_component id="oc-133">
         <name>.text.DL_Common_updateReg</name>
         <load_address>0x2b08</load_address>
         <run_address>0x2b08</run_address>
         <size>0x28</size>
         <input_file_ref idref="fl-1a"/>
      </object_component>
      <object_component id="oc-136">
         <name>.text.DL_Common_updateReg</name>
         <load_address>0x2b30</load_address>
         <run_address>0x2b30</run_address>
         <size>0x28</size>
         <input_file_ref idref="fl-13"/>
      </object_component>
      <object_component id="oc-f4">
         <name>.text.DL_DMA_setDestAddr</name>
         <load_address>0x2b58</load_address>
         <run_address>0x2b58</run_address>
         <size>0x28</size>
         <input_file_ref idref="fl-14"/>
      </object_component>
      <object_component id="oc-f3">
         <name>.text.DL_DMA_setSrcAddr</name>
         <load_address>0x2b80</load_address>
         <run_address>0x2b80</run_address>
         <size>0x28</size>
         <input_file_ref idref="fl-14"/>
      </object_component>
      <object_component id="oc-11f">
         <name>.text.DL_UART_setRXFIFOThreshold</name>
         <load_address>0x2ba8</load_address>
         <run_address>0x2ba8</run_address>
         <size>0x28</size>
         <input_file_ref idref="fl-13"/>
      </object_component>
      <object_component id="oc-120">
         <name>.text.DL_UART_setTXFIFOThreshold</name>
         <load_address>0x2bd0</load_address>
         <run_address>0x2bd0</run_address>
         <size>0x28</size>
         <input_file_ref idref="fl-13"/>
      </object_component>
      <object_component id="oc-159">
         <name>.text.free_list_insert</name>
         <load_address>0x2bf8</load_address>
         <run_address>0x2bf8</run_address>
         <size>0x28</size>
         <input_file_ref idref="fl-27"/>
      </object_component>
      <object_component id="oc-4d">
         <name>.text:_c_int00_noargs</name>
         <load_address>0x2c20</load_address>
         <run_address>0x2c20</run_address>
         <size>0x28</size>
         <input_file_ref idref="fl-2b"/>
      </object_component>
      <object_component id="oc-ed">
         <name>.text.DL_DMA_disableChannel</name>
         <load_address>0x2c48</load_address>
         <run_address>0x2c48</run_address>
         <size>0x26</size>
         <input_file_ref idref="fl-14"/>
      </object_component>
      <object_component id="oc-f7">
         <name>.text.DL_DMA_enableChannel</name>
         <load_address>0x2c6e</load_address>
         <run_address>0x2c6e</run_address>
         <size>0x26</size>
         <input_file_ref idref="fl-14"/>
      </object_component>
      <object_component id="oc-f8">
         <name>.text.DL_DMA_startTransfer</name>
         <load_address>0x2c94</load_address>
         <run_address>0x2c94</run_address>
         <size>0x26</size>
         <input_file_ref idref="fl-14"/>
      </object_component>
      <object_component id="oc-ef">
         <name>.text.DL_DMA_getTransferSize</name>
         <load_address>0x2cbc</load_address>
         <run_address>0x2cbc</run_address>
         <size>0x24</size>
         <input_file_ref idref="fl-14"/>
      </object_component>
      <object_component id="oc-11b">
         <name>.text.DL_UART_setClockConfig</name>
         <load_address>0x2ce0</load_address>
         <run_address>0x2ce0</run_address>
         <size>0x24</size>
         <input_file_ref idref="fl-1a"/>
      </object_component>
      <object_component id="oc-154">
         <name>.text.HwiP_Params_init</name>
         <load_address>0x2d04</load_address>
         <run_address>0x2d04</run_address>
         <size>0x24</size>
         <input_file_ref idref="fl-16"/>
      </object_component>
      <object_component id="oc-152">
         <name>.text.SemaphoreP_create</name>
         <load_address>0x2d28</load_address>
         <run_address>0x2d28</run_address>
         <size>0x22</size>
         <input_file_ref idref="fl-17"/>
      </object_component>
      <object_component id="oc-118">
         <name>.text.DL_GPIO_initPeripheralInputFunction</name>
         <load_address>0x2d4c</load_address>
         <run_address>0x2d4c</run_address>
         <size>0x20</size>
         <input_file_ref idref="fl-13"/>
      </object_component>
      <object_component id="oc-137">
         <name>.text.DMA_Params_init</name>
         <load_address>0x2d6c</load_address>
         <run_address>0x2d6c</run_address>
         <size>0x20</size>
         <input_file_ref idref="fl-14"/>
      </object_component>
      <object_component id="oc-d0">
         <name>.text.DisablePowerPolicy</name>
         <load_address>0x2d8c</load_address>
         <run_address>0x2d8c</run_address>
         <size>0x20</size>
         <input_file_ref idref="fl-17"/>
      </object_component>
      <object_component id="oc-2b">
         <name>.text.HardFault_Handler</name>
         <load_address>0x2dac</load_address>
         <run_address>0x2dac</run_address>
         <size>0x20</size>
         <input_file_ref idref="fl-3"/>
      </object_component>
      <object_component id="oc-9b">
         <name>.text.UART_Params_init</name>
         <load_address>0x2dcc</load_address>
         <run_address>0x2dcc</run_address>
         <size>0x20</size>
         <input_file_ref idref="fl-12"/>
      </object_component>
      <object_component id="oc-134">
         <name>.text.DL_UART_setOversampling</name>
         <load_address>0x2dec</load_address>
         <run_address>0x2dec</run_address>
         <size>0x1e</size>
         <input_file_ref idref="fl-1a"/>
      </object_component>
      <object_component id="oc-164">
         <name>.text.HwiP_destruct</name>
         <load_address>0x2e0a</load_address>
         <run_address>0x2e0a</run_address>
         <size>0x1e</size>
         <input_file_ref idref="fl-16"/>
      </object_component>
      <object_component id="oc-131">
         <name>.text.SemaphoreP_createBinary</name>
         <load_address>0x2e28</load_address>
         <run_address>0x2e28</run_address>
         <size>0x1e</size>
         <input_file_ref idref="fl-17"/>
      </object_component>
      <object_component id="oc-157">
         <name>.text.DL_DMA_enableInterrupt</name>
         <load_address>0x2e48</load_address>
         <run_address>0x2e48</run_address>
         <size>0x1c</size>
         <input_file_ref idref="fl-14"/>
      </object_component>
      <object_component id="oc-117">
         <name>.text.DL_GPIO_initPeripheralOutputFunction</name>
         <load_address>0x2e64</load_address>
         <run_address>0x2e64</run_address>
         <size>0x1c</size>
         <input_file_ref idref="fl-13"/>
      </object_component>
      <object_component id="oc-172">
         <name>.text.DL_Interrupt_unregisterInterrupt</name>
         <load_address>0x2e80</load_address>
         <run_address>0x2e80</run_address>
         <size>0x1c</size>
         <input_file_ref idref="fl-1b"/>
      </object_component>
      <object_component id="oc-be">
         <name>.text.DL_UART_disableDMAReceiveEvent</name>
         <load_address>0x2e9c</load_address>
         <run_address>0x2e9c</run_address>
         <size>0x1c</size>
         <input_file_ref idref="fl-13"/>
      </object_component>
      <object_component id="oc-88">
         <name>.text.DL_UART_disableInterrupt</name>
         <load_address>0x2eb8</load_address>
         <run_address>0x2eb8</run_address>
         <size>0x1c</size>
         <input_file_ref idref="fl-13"/>
      </object_component>
      <object_component id="oc-87">
         <name>.text.DL_UART_enableInterrupt</name>
         <load_address>0x2ed4</load_address>
         <run_address>0x2ed4</run_address>
         <size>0x1c</size>
         <input_file_ref idref="fl-13"/>
      </object_component>
      <object_component id="oc-bf">
         <name>.text.DMAMSPM0_getCurrTransferSize</name>
         <load_address>0x2ef0</load_address>
         <run_address>0x2ef0</run_address>
         <size>0x1c</size>
         <input_file_ref idref="fl-14"/>
      </object_component>
      <object_component id="oc-158">
         <name>.text.free_list_remove</name>
         <load_address>0x2f0c</load_address>
         <run_address>0x2f0c</run_address>
         <size>0x1c</size>
         <input_file_ref idref="fl-27"/>
      </object_component>
      <object_component id="oc-ec">
         <name>.text.DL_DMA_clearInterruptStatus</name>
         <load_address>0x2f28</load_address>
         <run_address>0x2f28</run_address>
         <size>0x18</size>
         <input_file_ref idref="fl-14"/>
      </object_component>
      <object_component id="oc-126">
         <name>.text.DL_UART_clearInterruptStatus</name>
         <load_address>0x2f40</load_address>
         <run_address>0x2f40</run_address>
         <size>0x18</size>
         <input_file_ref idref="fl-13"/>
      </object_component>
      <object_component id="oc-c1">
         <name>.text.DL_UART_enableDMAReceiveEvent</name>
         <load_address>0x2f58</load_address>
         <run_address>0x2f58</run_address>
         <size>0x18</size>
         <input_file_ref idref="fl-13"/>
      </object_component>
      <object_component id="oc-ce">
         <name>.text.DL_UART_enableDMATransmitEvent</name>
         <load_address>0x2f70</load_address>
         <run_address>0x2f70</run_address>
         <size>0x18</size>
         <input_file_ref idref="fl-13"/>
      </object_component>
      <object_component id="oc-11e">
         <name>.text.DL_UART_enableFIFOs</name>
         <load_address>0x2f88</load_address>
         <run_address>0x2f88</run_address>
         <size>0x18</size>
         <input_file_ref idref="fl-13"/>
      </object_component>
      <object_component id="oc-11a">
         <name>.text.DL_UART_enablePower</name>
         <load_address>0x2fa0</load_address>
         <run_address>0x2fa0</run_address>
         <size>0x18</size>
         <input_file_ref idref="fl-13"/>
      </object_component>
      <object_component id="oc-7b">
         <name>.text.DL_UART_getEnabledInterruptStatus</name>
         <load_address>0x2fb8</load_address>
         <run_address>0x2fb8</run_address>
         <size>0x18</size>
         <input_file_ref idref="fl-13"/>
      </object_component>
      <object_component id="oc-7e">
         <name>.text.DL_UART_isRXFIFOEmpty</name>
         <load_address>0x2fd0</load_address>
         <run_address>0x2fd0</run_address>
         <size>0x18</size>
         <input_file_ref idref="fl-13"/>
      </object_component>
      <object_component id="oc-8c">
         <name>.text.DL_UART_isTXFIFOFull</name>
         <load_address>0x2fe8</load_address>
         <run_address>0x2fe8</run_address>
         <size>0x18</size>
         <input_file_ref idref="fl-13"/>
      </object_component>
      <object_component id="oc-119">
         <name>.text.DL_UART_reset</name>
         <load_address>0x3000</load_address>
         <run_address>0x3000</run_address>
         <size>0x18</size>
         <input_file_ref idref="fl-13"/>
      </object_component>
      <object_component id="oc-173">
         <name>.text.IdleFunc</name>
         <load_address>0x3018</load_address>
         <run_address>0x3018</run_address>
         <size>0x18</size>
         <input_file_ref idref="fl-17"/>
      </object_component>
      <object_component id="oc-151">
         <name>.text.SemaphoreP_Params_init</name>
         <load_address>0x3030</load_address>
         <run_address>0x3030</run_address>
         <size>0x18</size>
         <input_file_ref idref="fl-17"/>
      </object_component>
      <object_component id="oc-54">
         <name>.text.prvGetRegistersFromStack</name>
         <load_address>0x3048</load_address>
         <run_address>0x3048</run_address>
         <size>0x18</size>
         <input_file_ref idref="fl-3"/>
      </object_component>
      <object_component id="oc-f2">
         <name>.text.DL_DMA_disableRoundRobinPriority</name>
         <load_address>0x3060</load_address>
         <run_address>0x3060</run_address>
         <size>0x16</size>
         <input_file_ref idref="fl-14"/>
      </object_component>
      <object_component id="oc-f1">
         <name>.text.DL_DMA_enableRoundRobinPriority</name>
         <load_address>0x3076</load_address>
         <run_address>0x3076</run_address>
         <size>0x16</size>
         <input_file_ref idref="fl-14"/>
      </object_component>
      <object_component id="oc-132">
         <name>.text.DL_UART_disable</name>
         <load_address>0x308c</load_address>
         <run_address>0x308c</run_address>
         <size>0x16</size>
         <input_file_ref idref="fl-1a"/>
      </object_component>
      <object_component id="oc-127">
         <name>.text.DL_UART_disable</name>
         <load_address>0x30a2</load_address>
         <run_address>0x30a2</run_address>
         <size>0x16</size>
         <input_file_ref idref="fl-13"/>
      </object_component>
      <object_component id="oc-123">
         <name>.text.DL_UART_enable</name>
         <load_address>0x30b8</load_address>
         <run_address>0x30b8</run_address>
         <size>0x16</size>
         <input_file_ref idref="fl-13"/>
      </object_component>
      <object_component id="oc-8b">
         <name>.text.DL_UART_transmitData</name>
         <load_address>0x30ce</load_address>
         <run_address>0x30ce</run_address>
         <size>0x16</size>
         <input_file_ref idref="fl-13"/>
      </object_component>
      <object_component id="oc-146">
         <name>.text.HwiP_delete</name>
         <load_address>0x30e4</load_address>
         <run_address>0x30e4</run_address>
         <size>0x16</size>
         <input_file_ref idref="fl-16"/>
      </object_component>
      <object_component id="oc-128">
         <name>.text.SemaphoreP_delete</name>
         <load_address>0x30fa</load_address>
         <run_address>0x30fa</run_address>
         <size>0x16</size>
         <input_file_ref idref="fl-17"/>
      </object_component>
      <object_component id="oc-160">
         <name>.text.ClockP_isActive</name>
         <load_address>0x3110</load_address>
         <run_address>0x3110</run_address>
         <size>0x14</size>
         <input_file_ref idref="fl-18"/>
      </object_component>
      <object_component id="oc-f0">
         <name>.text.DL_DMA_isRoundRobinPriorityEnabled</name>
         <load_address>0x3124</load_address>
         <run_address>0x3124</run_address>
         <size>0x14</size>
         <input_file_ref idref="fl-14"/>
      </object_component>
      <object_component id="oc-17b">
         <name>.text.DL_SYSTICK_setPeriod</name>
         <load_address>0x3138</load_address>
         <run_address>0x3138</run_address>
         <size>0x14</size>
         <input_file_ref idref="fl-18"/>
      </object_component>
      <object_component id="oc-c6">
         <name>.text.DL_UART_disableDMATransmitEvent</name>
         <load_address>0x314c</load_address>
         <run_address>0x314c</run_address>
         <size>0x14</size>
         <input_file_ref idref="fl-13"/>
      </object_component>
      <object_component id="oc-7f">
         <name>.text.DL_UART_receiveData</name>
         <load_address>0x3160</load_address>
         <run_address>0x3160</run_address>
         <size>0x14</size>
         <input_file_ref idref="fl-13"/>
      </object_component>
      <object_component id="oc-c7">
         <name>.text.HwiP_disable</name>
         <load_address>0x3174</load_address>
         <run_address>0x3174</run_address>
         <size>0x14</size>
         <input_file_ref idref="fl-16"/>
      </object_component>
      <object_component id="oc-125">
         <name>.text.HwiP_disableInterrupt</name>
         <load_address>0x3188</load_address>
         <run_address>0x3188</run_address>
         <size>0x14</size>
         <input_file_ref idref="fl-16"/>
      </object_component>
      <object_component id="oc-122">
         <name>.text.HwiP_enableInterrupt</name>
         <load_address>0x319c</load_address>
         <run_address>0x319c</run_address>
         <size>0x14</size>
         <input_file_ref idref="fl-16"/>
      </object_component>
      <object_component id="oc-cd">
         <name>.text.HwiP_restore</name>
         <load_address>0x31b0</load_address>
         <run_address>0x31b0</run_address>
         <size>0x14</size>
         <input_file_ref idref="fl-16"/>
      </object_component>
      <object_component id="oc-44">
         <name>.text:decompress:ZI:__TI_zero_init_nomemset</name>
         <load_address>0x31c4</load_address>
         <run_address>0x31c4</run_address>
         <size>0x14</size>
         <input_file_ref idref="fl-28"/>
      </object_component>
      <object_component id="oc-16b">
         <name>.text.DL_DMA_getPendingInterrupt</name>
         <load_address>0x31d8</load_address>
         <run_address>0x31d8</run_address>
         <size>0x12</size>
         <input_file_ref idref="fl-14"/>
      </object_component>
      <object_component id="oc-dd">
         <name>.text.UART_callbackObject</name>
         <load_address>0x31ea</load_address>
         <run_address>0x31ea</run_address>
         <size>0x12</size>
         <input_file_ref idref="fl-12"/>
      </object_component>
      <object_component id="oc-79">
         <name>.text.UART_callbackObject</name>
         <load_address>0x31fc</load_address>
         <run_address>0x31fc</run_address>
         <size>0x12</size>
         <input_file_ref idref="fl-13"/>
      </object_component>
      <object_component id="oc-107">
         <name>.text.UART_eventCallbackObject</name>
         <load_address>0x320e</load_address>
         <run_address>0x320e</run_address>
         <size>0x12</size>
         <input_file_ref idref="fl-12"/>
      </object_component>
      <object_component id="oc-7a">
         <name>.text.UART_eventCallbackObject</name>
         <load_address>0x3220</load_address>
         <run_address>0x3220</run_address>
         <size>0x12</size>
         <input_file_ref idref="fl-13"/>
      </object_component>
      <object_component id="oc-20">
         <name>.text:decompress:none</name>
         <load_address>0x3232</load_address>
         <run_address>0x3232</run_address>
         <size>0x12</size>
         <input_file_ref idref="fl-29"/>
      </object_component>
      <object_component id="oc-17e">
         <name>.text.DL_SYSTICK_enable</name>
         <load_address>0x3244</load_address>
         <run_address>0x3244</run_address>
         <size>0x10</size>
         <input_file_ref idref="fl-18"/>
      </object_component>
      <object_component id="oc-17d">
         <name>.text.DL_SYSTICK_enableInterrupt</name>
         <load_address>0x3254</load_address>
         <run_address>0x3254</run_address>
         <size>0x10</size>
         <input_file_ref idref="fl-18"/>
      </object_component>
      <object_component id="oc-cc">
         <name>.text.RingBuf_space</name>
         <load_address>0x3264</load_address>
         <run_address>0x3264</run_address>
         <size>0x10</size>
         <input_file_ref idref="fl-15"/>
      </object_component>
      <object_component id="oc-7c">
         <name>.text.RingBuf_space</name>
         <load_address>0x3274</load_address>
         <run_address>0x3274</run_address>
         <size>0x10</size>
         <input_file_ref idref="fl-13"/>
      </object_component>
      <object_component id="oc-2d">
         <name>.text.UART1_IRQHandler</name>
         <load_address>0x3284</load_address>
         <run_address>0x3284</run_address>
         <size>0x10</size>
         <input_file_ref idref="fl-1"/>
      </object_component>
      <object_component id="oc-124">
         <name>.text.UARTMSP_eventCallback</name>
         <load_address>0x3294</load_address>
         <run_address>0x3294</run_address>
         <size>0xe</size>
         <input_file_ref idref="fl-13"/>
      </object_component>
      <object_component id="oc-17c">
         <name>.text.DL_SYSTICK_resetValue</name>
         <load_address>0x32a4</load_address>
         <run_address>0x32a4</run_address>
         <size>0xc</size>
         <input_file_ref idref="fl-18"/>
      </object_component>
      <object_component id="oc-161">
         <name>.text.EnablePowerPolicy</name>
         <load_address>0x32b0</load_address>
         <run_address>0x32b0</run_address>
         <size>0xc</size>
         <input_file_ref idref="fl-17"/>
      </object_component>
      <object_component id="oc-76">
         <name>.text.UART_HWAttrs_Ptr</name>
         <load_address>0x32bc</load_address>
         <run_address>0x32bc</run_address>
         <size>0xc</size>
         <input_file_ref idref="fl-13"/>
      </object_component>
      <object_component id="oc-df">
         <name>.text.UART_Obj_Ptr</name>
         <load_address>0x32c8</load_address>
         <run_address>0x32c8</run_address>
         <size>0xc</size>
         <input_file_ref idref="fl-12"/>
      </object_component>
      <object_component id="oc-77">
         <name>.text.UART_Obj_Ptr</name>
         <load_address>0x32d4</load_address>
         <run_address>0x32d4</run_address>
         <size>0xc</size>
         <input_file_ref idref="fl-13"/>
      </object_component>
      <object_component id="oc-12e">
         <name>.text.UART_buffersObject</name>
         <load_address>0x32e0</load_address>
         <run_address>0x32e0</run_address>
         <size>0xc</size>
         <input_file_ref idref="fl-12"/>
      </object_component>
      <object_component id="oc-78">
         <name>.text.UART_buffersObject</name>
         <load_address>0x32ec</load_address>
         <run_address>0x32ec</run_address>
         <size>0xc</size>
         <input_file_ref idref="fl-13"/>
      </object_component>
      <object_component id="oc-168">
         <name>.text.malloc</name>
         <load_address>0x32f8</load_address>
         <run_address>0x32f8</run_address>
         <size>0xc</size>
         <input_file_ref idref="fl-27"/>
      </object_component>
      <object_component id="oc-13e">
         <name>.text.SemaphoreP_destruct</name>
         <load_address>0x3304</load_address>
         <run_address>0x3304</run_address>
         <size>0x8</size>
         <input_file_ref idref="fl-17"/>
      </object_component>
      <object_component id="oc-2c">
         <name>.text.SysTick_Handler</name>
         <load_address>0x330c</load_address>
         <run_address>0x330c</run_address>
         <size>0x8</size>
         <input_file_ref idref="fl-18"/>
      </object_component>
      <object_component id="oc-163">
         <name>.text.clkFxn</name>
         <load_address>0x3314</load_address>
         <run_address>0x3314</run_address>
         <size>0x8</size>
         <input_file_ref idref="fl-17"/>
      </object_component>
      <object_component id="oc-3d">
         <name>.text</name>
         <load_address>0x331c</load_address>
         <run_address>0x331c</run_address>
         <size>0x8</size>
         <input_file_ref idref="fl-6c"/>
      </object_component>
      <object_component id="oc-26">
         <name>.text.Reset_Handler</name>
         <load_address>0x3324</load_address>
         <run_address>0x3324</run_address>
         <size>0x4</size>
         <input_file_ref idref="fl-3"/>
      </object_component>
      <object_component id="oc-62">
         <name>.text._system_pre_init</name>
         <load_address>0x3328</load_address>
         <run_address>0x3328</run_address>
         <size>0x4</size>
         <input_file_ref idref="fl-31"/>
      </object_component>
      <object_component id="oc-a4">
         <name>.text:abort</name>
         <load_address>0x332c</load_address>
         <run_address>0x332c</run_address>
         <size>0x4</size>
         <input_file_ref idref="fl-2d"/>
      </object_component>
      <object_component id="oc-1be">
         <name>.cinit..data.load</name>
         <load_address>0x33c8</load_address>
         <run_address>0x33c8</run_address>
         <size>0x35</size>
      </object_component>
      <object_component id="oc-1bb">
         <name>__TI_handler_table</name>
         <load_address>0x3400</load_address>
         <run_address>0x3400</run_address>
         <size>0xc</size>
      </object_component>
      <object_component id="oc-1bf">
         <name>.cinit..bss.load</name>
         <load_address>0x340c</load_address>
         <run_address>0x340c</run_address>
         <size>0x8</size>
      </object_component>
      <object_component id="oc-1bd">
         <name>.cinit..vtable.load</name>
         <load_address>0x3414</load_address>
         <run_address>0x3414</run_address>
         <size>0x8</size>
      </object_component>
      <object_component id="oc-1bc">
         <name>__TI_cinit_table</name>
         <load_address>0x341c</load_address>
         <run_address>0x341c</run_address>
         <size>0x18</size>
      </object_component>
      <object_component id="oc-153">
         <name>.rodata.DMA_Ch_defaultParams</name>
         <load_address>0x3330</load_address>
         <run_address>0x3330</run_address>
         <size>0x2c</size>
         <input_file_ref idref="fl-14"/>
      </object_component>
      <object_component id="oc-90">
         <name>.rodata.UARTMSPHWAttrs</name>
         <load_address>0x335c</load_address>
         <run_address>0x335c</run_address>
         <size>0x24</size>
         <input_file_ref idref="fl-1"/>
      </object_component>
      <object_component id="oc-dc">
         <name>.rodata.UART_defaultParams</name>
         <load_address>0x3380</load_address>
         <run_address>0x3380</run_address>
         <size>0x24</size>
         <input_file_ref idref="fl-13"/>
      </object_component>
      <object_component id="oc-d3">
         <name>.rodata.UARTMSPSupportFxns</name>
         <load_address>0x33a4</load_address>
         <run_address>0x33a4</run_address>
         <size>0x14</size>
         <input_file_ref idref="fl-13"/>
      </object_component>
      <object_component id="oc-57">
         <name>.rodata.UART_config</name>
         <load_address>0x33b8</load_address>
         <run_address>0x33b8</run_address>
         <size>0x8</size>
         <input_file_ref idref="fl-1"/>
      </object_component>
      <object_component id="oc-9f">
         <name>.rodata.CONFIG_UART_0</name>
         <load_address>0x33c0</load_address>
         <run_address>0x33c0</run_address>
         <size>0x1</size>
         <input_file_ref idref="fl-1"/>
      </object_component>
      <object_component id="oc-de">
         <name>.rodata.UART_count</name>
         <load_address>0x33c1</load_address>
         <run_address>0x33c1</run_address>
         <size>0x1</size>
         <input_file_ref idref="fl-1"/>
      </object_component>
      <object_component id="oc-188">
         <name>.binit</name>
         <load_address>0x0</load_address>
         <run_address>0x0</run_address>
         <size>0x0</size>
      </object_component>
      <object_component id="oc-17f">
         <name>.vtable</name>
         <uninitialized>true</uninitialized>
         <run_address>0x20200d00</run_address>
         <size>0xc0</size>
         <input_file_ref idref="fl-1b"/>
      </object_component>
      <object_component id="oc-8f">
         <name>.data.UARTObject</name>
         <load_address>0x20200b68</load_address>
         <run_address>0x20200b68</run_address>
         <size>0x94</size>
         <input_file_ref idref="fl-1"/>
      </object_component>
      <object_component id="oc-147">
         <name>.data.channelsInUse</name>
         <load_address>0x20200c18</load_address>
         <run_address>0x20200c18</run_address>
         <size>0x4</size>
         <input_file_ref idref="fl-14"/>
      </object_component>
      <object_component id="oc-148">
         <name>.data.interruptSetupLock</name>
         <load_address>0x20200c20</load_address>
         <run_address>0x20200c20</run_address>
         <size>0x4</size>
         <input_file_ref idref="fl-14"/>
      </object_component>
      <object_component id="oc-14b">
         <name>.data.dmaIntRefCount</name>
         <load_address>0x20200c1c</load_address>
         <run_address>0x20200c1c</run_address>
         <size>0x4</size>
         <input_file_ref idref="fl-14"/>
      </object_component>
      <object_component id="oc-ee">
         <name>.data.chTransferSet</name>
         <load_address>0x20200c14</load_address>
         <run_address>0x20200c14</run_address>
         <size>0x4</size>
         <input_file_ref idref="fl-14"/>
      </object_component>
      <object_component id="oc-f9">
         <name>.data.dmaInitialized</name>
         <load_address>0x20200c26</load_address>
         <run_address>0x20200c26</run_address>
         <size>0x1</size>
         <input_file_ref idref="fl-14"/>
      </object_component>
      <object_component id="oc-178">
         <name>.data.HwiP_swiPIntNum</name>
         <load_address>0x20200c08</load_address>
         <run_address>0x20200c08</run_address>
         <size>0x4</size>
         <input_file_ref idref="fl-16"/>
      </object_component>
      <object_component id="oc-179">
         <name>.data.HwiP_dispatchTable</name>
         <load_address>0x20200aa8</load_address>
         <run_address>0x20200aa8</run_address>
         <size>0xc0</size>
         <input_file_ref idref="fl-16"/>
      </object_component>
      <object_component id="oc-167">
         <name>.data.SemaphoreP_defaultParams</name>
         <load_address>0x20200bfc</load_address>
         <run_address>0x20200bfc</run_address>
         <size>0x8</size>
         <input_file_ref idref="fl-17"/>
      </object_component>
      <object_component id="oc-175">
         <name>.data.SemaphoreP_initialized</name>
         <load_address>0x20200c25</load_address>
         <run_address>0x20200c25</run_address>
         <size>0x1</size>
         <input_file_ref idref="fl-17"/>
      </object_component>
      <object_component id="oc-d1">
         <name>.data.pendInProgress</name>
         <load_address>0x20200c29</load_address>
         <run_address>0x20200c29</run_address>
         <size>0x1</size>
         <input_file_ref idref="fl-17"/>
      </object_component>
      <object_component id="oc-d2">
         <name>.data.doEnablePowerPolicy</name>
         <load_address>0x20200c27</load_address>
         <run_address>0x20200c27</run_address>
         <size>0x1</size>
         <input_file_ref idref="fl-17"/>
      </object_component>
      <object_component id="oc-100">
         <name>.data.enablePowerPolicy</name>
         <load_address>0x20200c28</load_address>
         <run_address>0x20200c28</run_address>
         <size>0x1</size>
         <input_file_ref idref="fl-17"/>
      </object_component>
      <object_component id="oc-16f">
         <name>.data.ClockP_tickPeriod</name>
         <load_address>0x20200c04</load_address>
         <run_address>0x20200c04</run_address>
         <size>0x4</size>
         <input_file_ref idref="fl-18"/>
      </object_component>
      <object_component id="oc-16e">
         <name>.data.ClockP_initialized</name>
         <load_address>0x20200c24</load_address>
         <run_address>0x20200c24</run_address>
         <size>0x1</size>
         <input_file_ref idref="fl-18"/>
      </object_component>
      <object_component id="oc-181">
         <name>.data.memory_is_initialized</name>
         <load_address>0x20200c2c</load_address>
         <run_address>0x20200c2c</run_address>
         <size>0x1</size>
         <input_file_ref idref="fl-27"/>
      </object_component>
      <object_component id="oc-e2">
         <name>.data._lock</name>
         <load_address>0x20200c0c</load_address>
         <run_address>0x20200c0c</run_address>
         <size>0x4</size>
         <input_file_ref idref="fl-2e"/>
      </object_component>
      <object_component id="oc-e5">
         <name>.data._unlock</name>
         <load_address>0x20200c10</load_address>
         <run_address>0x20200c10</run_address>
         <size>0x4</size>
         <input_file_ref idref="fl-2e"/>
      </object_component>
      <object_component id="oc-150">
         <name>.bss.UART_writeCallback.dstAddr</name>
         <uninitialized>true</uninitialized>
         <run_address>0x20200a98</run_address>
         <size>0x4</size>
         <input_file_ref idref="fl-12"/>
      </object_component>
      <object_component id="oc-c2">
         <name>.bss.DMATransfer</name>
         <uninitialized>true</uninitialized>
         <run_address>0x20200a00</run_address>
         <size>0x2c</size>
         <input_file_ref idref="fl-13"/>
      </object_component>
      <object_component id="oc-c3">
         <name>.bss.dlDMACfg</name>
         <uninitialized>true</uninitialized>
         <run_address>0x20200a64</run_address>
         <size>0x18</size>
         <input_file_ref idref="fl-13"/>
      </object_component>
      <object_component id="oc-8e">
         <name>.bss.UARTMSP_interruptHandler.dstAddr</name>
         <uninitialized>true</uninitialized>
         <run_address>0x20200a7c</run_address>
         <size>0x4</size>
         <input_file_ref idref="fl-13"/>
      </object_component>
      <object_component id="oc-149">
         <name>.bss.hwiFxnHandlers</name>
         <uninitialized>true</uninitialized>
         <run_address>0x20200a48</run_address>
         <size>0x1c</size>
         <input_file_ref idref="fl-14"/>
      </object_component>
      <object_component id="oc-14a">
         <name>.bss.hwiFxnArgs</name>
         <uninitialized>true</uninitialized>
         <run_address>0x20200a2c</run_address>
         <size>0x1c</size>
         <input_file_ref idref="fl-14"/>
      </object_component>
      <object_component id="oc-14c">
         <name>.bss.hwiHandle</name>
         <uninitialized>true</uninitialized>
         <run_address>0x20200a9c</run_address>
         <size>0x4</size>
         <input_file_ref idref="fl-14"/>
      </object_component>
      <object_component id="oc-13b">
         <name>.bss.DMAMSPM0_Config</name>
         <uninitialized>true</uninitialized>
         <run_address>0x20200a90</run_address>
         <size>0x8</size>
         <input_file_ref idref="fl-14"/>
      </object_component>
      <object_component id="oc-170">
         <name>.bss.sysTickPeriod</name>
         <uninitialized>true</uninitialized>
         <run_address>0x20200aa0</run_address>
         <size>0x4</size>
         <input_file_ref idref="fl-18"/>
      </object_component>
      <object_component id="oc-16c">
         <name>.bss.sys_free</name>
         <uninitialized>true</uninitialized>
         <run_address>0x20200aa4</run_address>
         <size>0x4</size>
         <input_file_ref idref="fl-27"/>
      </object_component>
      <object_component id="oc-a0">
         <name>.common:rxBuffer</name>
         <uninitialized>true</uninitialized>
         <run_address>0x20200800</run_address>
         <size>0x100</size>
      </object_component>
      <object_component id="oc-d4">
         <name>.common:txBuffer</name>
         <uninitialized>true</uninitialized>
         <run_address>0x20200900</run_address>
         <size>0x100</size>
      </object_component>
      <object_component id="oc-75">
         <name>.common:ClockP_ctrl</name>
         <uninitialized>true</uninitialized>
         <run_address>0x20200a80</run_address>
         <size>0x10</size>
      </object_component>
      <object_component id="oc-15a">
         <name>.sysmem</name>
         <uninitialized>true</uninitialized>
         <run_address>0x20200000</run_address>
         <size>0x10</size>
         <input_file_ref idref="fl-27"/>
      </object_component>
      <object_component id="oc-1c2">
         <name>.sysmem</name>
         <uninitialized>true</uninitialized>
         <run_address>0x20200000</run_address>
         <size>0x0</size>
      </object_component>
      <object_component id="oc-1a">
         <name>.stack</name>
         <uninitialized>true</uninitialized>
         <run_address>0x20207e00</run_address>
         <size>0x4</size>
         <input_file_ref idref="fl-2b"/>
      </object_component>
      <object_component id="oc-1c1">
         <name>.stack</name>
         <uninitialized>true</uninitialized>
         <run_address>0x20207e00</run_address>
         <size>0x0</size>
      </object_component>
      <object_component id="oc-58">
         <name>.debug_abbrev</name>
         <load_address>0x0</load_address>
         <run_address>0x0</run_address>
         <size>0x175</size>
         <input_file_ref idref="fl-1"/>
      </object_component>
      <object_component id="oc-a1">
         <name>.debug_abbrev</name>
         <load_address>0x175</load_address>
         <run_address>0x175</run_address>
         <size>0x18a</size>
         <input_file_ref idref="fl-2"/>
      </object_component>
      <object_component id="oc-31">
         <name>.debug_abbrev</name>
         <load_address>0x2ff</load_address>
         <run_address>0x2ff</run_address>
         <size>0xc2</size>
         <input_file_ref idref="fl-3"/>
      </object_component>
      <object_component id="oc-15b">
         <name>.debug_abbrev</name>
         <load_address>0x3c1</load_address>
         <run_address>0x3c1</run_address>
         <size>0x220</size>
         <input_file_ref idref="fl-27"/>
      </object_component>
      <object_component id="oc-5c">
         <name>.debug_abbrev</name>
         <load_address>0x5e1</load_address>
         <run_address>0x5e1</run_address>
         <size>0xcb</size>
         <input_file_ref idref="fl-28"/>
      </object_component>
      <object_component id="oc-41">
         <name>.debug_abbrev</name>
         <load_address>0x6ac</load_address>
         <run_address>0x6ac</run_address>
         <size>0x70</size>
         <input_file_ref idref="fl-29"/>
      </object_component>
      <object_component id="oc-39">
         <name>.debug_abbrev</name>
         <load_address>0x71c</load_address>
         <run_address>0x71c</run_address>
         <size>0x9c</size>
         <input_file_ref idref="fl-2a"/>
      </object_component>
      <object_component id="oc-34">
         <name>.debug_abbrev</name>
         <load_address>0x7b8</load_address>
         <run_address>0x7b8</run_address>
         <size>0xaf</size>
         <input_file_ref idref="fl-2b"/>
      </object_component>
      <object_component id="oc-e0">
         <name>.debug_abbrev</name>
         <load_address>0x867</load_address>
         <run_address>0x867</run_address>
         <size>0xb3</size>
         <input_file_ref idref="fl-2d"/>
      </object_component>
      <object_component id="oc-10c">
         <name>.debug_abbrev</name>
         <load_address>0x91a</load_address>
         <run_address>0x91a</run_address>
         <size>0x73</size>
         <input_file_ref idref="fl-2e"/>
      </object_component>
      <object_component id="oc-e6">
         <name>.debug_abbrev</name>
         <load_address>0x98d</load_address>
         <run_address>0x98d</run_address>
         <size>0x186</size>
         <input_file_ref idref="fl-30"/>
      </object_component>
      <object_component id="oc-99">
         <name>.debug_abbrev</name>
         <load_address>0xb13</load_address>
         <run_address>0xb13</run_address>
         <size>0x39</size>
         <input_file_ref idref="fl-31"/>
      </object_component>
      <object_component id="oc-5b">
         <name>.debug_abbrev</name>
         <load_address>0xb4c</load_address>
         <run_address>0xb4c</run_address>
         <size>0x27</size>
         <input_file_ref idref="fl-6c"/>
      </object_component>
      <object_component id="oc-ff">
         <name>.debug_abbrev</name>
         <load_address>0xb73</load_address>
         <run_address>0xb73</run_address>
         <size>0x27</size>
         <input_file_ref idref="fl-6e"/>
      </object_component>
      <object_component id="oc-113">
         <name>.debug_abbrev</name>
         <load_address>0xb9a</load_address>
         <run_address>0xb9a</run_address>
         <size>0x59</size>
         <input_file_ref idref="fl-73"/>
      </object_component>
      <object_component id="oc-d5">
         <name>.debug_abbrev</name>
         <load_address>0xbf3</load_address>
         <run_address>0xbf3</run_address>
         <size>0x25</size>
         <input_file_ref idref="fl-74"/>
      </object_component>
      <object_component id="oc-1c4">
         <name>.debug_abbrev</name>
         <load_address>0xc18</load_address>
         <run_address>0xc18</run_address>
         <size>0xf</size>
      </object_component>
      <object_component id="oc-2e">
         <name>.debug_info</name>
         <load_address>0x0</load_address>
         <run_address>0x0</run_address>
         <size>0x1213</size>
         <input_file_ref idref="fl-1"/>
      </object_component>
      <object_component id="oc-69">
         <name>.debug_info</name>
         <load_address>0x1213</load_address>
         <run_address>0x1213</run_address>
         <size>0x9d8</size>
         <input_file_ref idref="fl-2"/>
      </object_component>
      <object_component id="oc-19">
         <name>.debug_info</name>
         <load_address>0x1beb</load_address>
         <run_address>0x1beb</run_address>
         <size>0x14f</size>
         <input_file_ref idref="fl-3"/>
      </object_component>
      <object_component id="oc-140">
         <name>.debug_info</name>
         <load_address>0x1d3a</load_address>
         <run_address>0x1d3a</run_address>
         <size>0xa4b</size>
         <input_file_ref idref="fl-27"/>
      </object_component>
      <object_component id="oc-45">
         <name>.debug_info</name>
         <load_address>0x2785</load_address>
         <run_address>0x2785</run_address>
         <size>0x190</size>
         <input_file_ref idref="fl-28"/>
      </object_component>
      <object_component id="oc-23">
         <name>.debug_info</name>
         <load_address>0x2915</load_address>
         <run_address>0x2915</run_address>
         <size>0xc6</size>
         <input_file_ref idref="fl-29"/>
      </object_component>
      <object_component id="oc-1e">
         <name>.debug_info</name>
         <load_address>0x29db</load_address>
         <run_address>0x29db</run_address>
         <size>0x17a</size>
         <input_file_ref idref="fl-2a"/>
      </object_component>
      <object_component id="oc-1b">
         <name>.debug_info</name>
         <load_address>0x2b55</load_address>
         <run_address>0x2b55</run_address>
         <size>0x423</size>
         <input_file_ref idref="fl-2b"/>
      </object_component>
      <object_component id="oc-a7">
         <name>.debug_info</name>
         <load_address>0x2f78</load_address>
         <run_address>0x2f78</run_address>
         <size>0xed</size>
         <input_file_ref idref="fl-2d"/>
      </object_component>
      <object_component id="oc-e3">
         <name>.debug_info</name>
         <load_address>0x3065</load_address>
         <run_address>0x3065</run_address>
         <size>0xaa</size>
         <input_file_ref idref="fl-2e"/>
      </object_component>
      <object_component id="oc-ac">
         <name>.debug_info</name>
         <load_address>0x310f</load_address>
         <run_address>0x310f</run_address>
         <size>0x792</size>
         <input_file_ref idref="fl-30"/>
      </object_component>
      <object_component id="oc-63">
         <name>.debug_info</name>
         <load_address>0x38a1</load_address>
         <run_address>0x38a1</run_address>
         <size>0x46</size>
         <input_file_ref idref="fl-31"/>
      </object_component>
      <object_component id="oc-3e">
         <name>.debug_info</name>
         <load_address>0x38e7</load_address>
         <run_address>0x38e7</run_address>
         <size>0x1a1</size>
         <input_file_ref idref="fl-6c"/>
      </object_component>
      <object_component id="oc-c9">
         <name>.debug_info</name>
         <load_address>0x3a88</load_address>
         <run_address>0x3a88</run_address>
         <size>0x1c4</size>
         <input_file_ref idref="fl-6e"/>
      </object_component>
      <object_component id="oc-fb">
         <name>.debug_info</name>
         <load_address>0x3c4c</load_address>
         <run_address>0x3c4c</run_address>
         <size>0x85</size>
         <input_file_ref idref="fl-73"/>
      </object_component>
      <object_component id="oc-93">
         <name>.debug_info</name>
         <load_address>0x3cd1</load_address>
         <run_address>0x3cd1</run_address>
         <size>0x2f1</size>
         <input_file_ref idref="fl-74"/>
      </object_component>
      <object_component id="oc-1c3">
         <name>.debug_info</name>
         <load_address>0x3fc2</load_address>
         <run_address>0x3fc2</run_address>
         <size>0xa6</size>
      </object_component>
      <object_component id="oc-59">
         <name>.debug_str</name>
         <load_address>0x0</load_address>
         <run_address>0x0</run_address>
         <size>0x13da</size>
         <input_file_ref idref="fl-1"/>
      </object_component>
      <object_component id="oc-a2">
         <name>.debug_str</name>
         <load_address>0x13da</load_address>
         <run_address>0x13da</run_address>
         <size>0x763</size>
         <input_file_ref idref="fl-2"/>
      </object_component>
      <object_component id="oc-32">
         <name>.debug_str</name>
         <load_address>0x1b3d</load_address>
         <run_address>0x1b3d</run_address>
         <size>0x191</size>
         <input_file_ref idref="fl-3"/>
      </object_component>
      <object_component id="oc-15c">
         <name>.debug_str</name>
         <load_address>0x1cce</load_address>
         <run_address>0x1cce</run_address>
         <size>0x3ec</size>
         <input_file_ref idref="fl-27"/>
      </object_component>
      <object_component id="oc-5d">
         <name>.debug_str</name>
         <load_address>0x20ba</load_address>
         <run_address>0x20ba</run_address>
         <size>0x1e6</size>
         <input_file_ref idref="fl-28"/>
      </object_component>
      <object_component id="oc-42">
         <name>.debug_str</name>
         <load_address>0x22a0</load_address>
         <run_address>0x22a0</run_address>
         <size>0x1b3</size>
         <input_file_ref idref="fl-29"/>
      </object_component>
      <object_component id="oc-3a">
         <name>.debug_str</name>
         <load_address>0x2453</load_address>
         <run_address>0x2453</run_address>
         <size>0x220</size>
         <input_file_ref idref="fl-2a"/>
      </object_component>
      <object_component id="oc-35">
         <name>.debug_str</name>
         <load_address>0x2673</load_address>
         <run_address>0x2673</run_address>
         <size>0x270</size>
         <input_file_ref idref="fl-2b"/>
      </object_component>
      <object_component id="oc-e1">
         <name>.debug_str</name>
         <load_address>0x28e3</load_address>
         <run_address>0x28e3</run_address>
         <size>0x18a</size>
         <input_file_ref idref="fl-2d"/>
      </object_component>
      <object_component id="oc-10d">
         <name>.debug_str</name>
         <load_address>0x2a6d</load_address>
         <run_address>0x2a6d</run_address>
         <size>0x167</size>
         <input_file_ref idref="fl-2e"/>
      </object_component>
[...]
      </symbol>
      <symbol id="sm-6b">
         <name>ADC1_IRQHandler</name>
         <value>0x1727</value>
         <object_component_ref idref="oc-2a"/>
      </symbol>
      <symbol id="sm-6c">
         <name>CANFD0_IRQHandler</name>
         <value>0x1727</value>
         <object_component_ref idref="oc-2a"/>
      </symbol>
      <symbol id="sm-6d">
         <name>DAC0_IRQHandler</name>
         <value>0x1727</value>
         <object_component_ref idref="oc-2a"/>
      </symbol>
      <symbol id="sm-6e">
         <name>SPI0_IRQHandler</name>
         <value>0x1727</value>
         <object_component_ref idref="oc-2a"/>
      </symbol>
      <symbol id="sm-6f">
         <name>SPI1_IRQHandler</name>
         <value>0x1727</value>
         <object_component_ref idref="oc-2a"/>
      </symbol>
      <symbol id="sm-70">
         <name>UART2_IRQHandler</name>
         <value>0x1727</value>
         <object_component_ref idref="oc-2a"/>
      </symbol>
      <symbol id="sm-71">
         <name>UART0_IRQHandler</name>
         <value>0x1727</value>
         <object_component_ref idref="oc-2a"/>
      </symbol>
      <symbol id="sm-72">
         <name>TIMG0_IRQHandler</name>
         <value>0x1727</value>
         <object_component_ref idref="oc-2a"/>
      </symbol>
      <symbol id="sm-73">
         <name>TIMG6_IRQHandler</name>
         <value>0x1727</value>
         <object_component_ref idref="oc-2a"/>
      </symbol>
      <symbol id="sm-74">
         <name>TIMA0_IRQHandler</name>
         <value>0x1727</value>
         <object_component_ref idref="oc-2a"/>
      </symbol>
      <symbol id="sm-75">
         <name>TIMA1_IRQHandler</name>
         <value>0x1727</value>
         <object_component_ref idref="oc-2a"/>
      </symbol>
      <symbol id="sm-76">
         <name>TIMG7_IRQHandler</name>
         <value>0x1727</value>
         <object_component_ref idref="oc-2a"/>
      </symbol>
      <symbol id="sm-77">
         <name>TIMG12_IRQHandler</name>
         <value>0x1727</value>
         <object_component_ref idref="oc-2a"/>
      </symbol>
      <symbol id="sm-78">
         <name>I2C0_IRQHandler</name>
         <value>0x1727</value>
         <object_component_ref idref="oc-2a"/>
      </symbol>
      <symbol id="sm-79">
         <name>I2C1_IRQHandler</name>
         <value>0x1727</value>
         <object_component_ref idref="oc-2a"/>
      </symbol>
      <symbol id="sm-7a">
         <name>AES_IRQHandler</name>
         <value>0x1727</value>
         <object_component_ref idref="oc-2a"/>
      </symbol>
      <symbol id="sm-7b">
         <name>RTC_IRQHandler</name>
         <value>0x1727</value>
         <object_component_ref idref="oc-2a"/>
      </symbol>
      <symbol id="sm-7c">
         <name>DMA_IRQHandler</name>
         <value>0x1727</value>
         <object_component_ref idref="oc-2a"/>
      </symbol>
      <symbol id="sm-99">
         <name>UART_readBuffered</name>
         <value>0x2a2b</value>
         <object_component_ref idref="oc-12a"/>
      </symbol>
      <symbol id="sm-9a">
         <name>UART_writeBuffered</name>
         <value>0x2a59</value>
         <object_component_ref idref="oc-12c"/>
      </symbol>
      <symbol id="sm-9b">
         <name>UART_readCallback</name>
         <value>0x17cd</value>
         <object_component_ref idref="oc-12b"/>
      </symbol>
      <symbol id="sm-9c">
         <name>UART_writeCallback</name>
         <value>0xa55</value>
         <object_component_ref idref="oc-12d"/>
      </symbol>
      <symbol id="sm-9d">
         <name>UART_readFullFeatured</name>
         <value>0x1eed</value>
         <object_component_ref idref="oc-104"/>
      </symbol>
      <symbol id="sm-9e">
         <name>UART_writeFullFeatured</name>
         <value>0x1f65</value>
         <object_component_ref idref="oc-105"/>
      </symbol>
      <symbol id="sm-9f">
         <name>UART_Params_init</name>
         <value>0x2dcd</value>
         <object_component_ref idref="oc-9b"/>
      </symbol>
      <symbol id="sm-a0">
         <name>UART_open</name>
         <value>0x7c9</value>
         <object_component_ref idref="oc-9c"/>
      </symbol>
      <symbol id="sm-a1">
         <name>UART_read</name>
         <value>0x2195</value>
         <object_component_ref idref="oc-9d"/>
      </symbol>
      <symbol id="sm-a2">
         <name>UART_write</name>
         <value>0x21fb</value>
         <object_component_ref idref="oc-9e"/>
      </symbol>
      <symbol id="sm-10b">
         <name>UARTMSP_eventCallback</name>
         <value>0x3295</value>
         <object_component_ref idref="oc-124"/>
      </symbol>
      <symbol id="sm-10c">
         <name>UARTMSP_dmaTx</name>
         <value>0x147d</value>
         <object_component_ref idref="oc-86"/>
      </symbol>
      <symbol id="sm-10d">
         <name>UARTMSP_dmaRx</name>
         <value>0x679</value>
         <object_component_ref idref="oc-81"/>
      </symbol>
      <symbol id="sm-10e">
         <name>UARTMSP_interruptHandler</name>
         <value>0xc1</value>
         <object_component_ref idref="oc-56"/>
      </symbol>
      <symbol id="sm-10f">
         <name>UARTMSP_dmaStopRx</name>
         <value>0x2051</value>
         <object_component_ref idref="oc-80"/>
      </symbol>
      <symbol id="sm-110">
         <name>UARTMSP_dmaStopTx</name>
         <value>0x1fdd</value>
         <object_component_ref idref="oc-83"/>
      </symbol>
      <symbol id="sm-111">
         <name>UARTMSP_enableInts</name>
         <value>0x1681</value>
         <object_component_ref idref="oc-14e"/>
      </symbol>
      <symbol id="sm-112">
         <name>UARTMSPSupportFxns</name>
         <value>0x33a4</value>
         <object_component_ref idref="oc-d3"/>
      </symbol>
      <symbol id="sm-113">
         <name>UART_defaultParams</name>
         <value>0x3380</value>
         <object_component_ref idref="oc-dc"/>
      </symbol>
      <symbol id="sm-159">
         <name>DMAMSPM0_close</name>
         <value>0x10a9</value>
         <object_component_ref idref="oc-129"/>
      </symbol>
      <symbol id="sm-15a">
         <name>DMAMSPM0_init</name>
         <value>0xda9</value>
         <object_component_ref idref="oc-138"/>
      </symbol>
      <symbol id="sm-15b">
         <name>DMAMSPM0_Config</name>
         <value>0x20200a90</value>
         <object_component_ref idref="oc-13b"/>
      </symbol>
      <symbol id="sm-15c">
         <name>DMA_Params_init</name>
         <value>0x2d6d</value>
         <object_component_ref idref="oc-137"/>
      </symbol>
      <symbol id="sm-15d">
         <name>DMA_Ch_defaultParams</name>
         <value>0x3330</value>
         <object_component_ref idref="oc-153"/>
      </symbol>
      <symbol id="sm-15e">
         <name>DMAMSPM0_open</name>
         <value>0xc9d</value>
         <object_component_ref idref="oc-139"/>
      </symbol>
      <symbol id="sm-15f">
         <name>DMAMSPM0_setupTransfer</name>
         <value>0xb7d</value>
         <object_component_ref idref="oc-c0"/>
      </symbol>
      <symbol id="sm-160">
         <name>DMAMSPM0_disableChannel</name>
         <value>0x26f1</value>
         <object_component_ref idref="oc-bd"/>
      </symbol>
      <symbol id="sm-161">
         <name>DMAMSPM0_getCurrTransferSize</name>
         <value>0x2ef1</value>
         <object_component_ref idref="oc-bf"/>
      </symbol>
      <symbol id="sm-162">
         <name>DMA_Init</name>
         <value>0x2261</value>
         <object_component_ref idref="oc-121"/>
      </symbol>
      <symbol id="sm-163">
         <name>DMAMSPM0_copyDMAParams</name>
         <value>0x261d</value>
         <object_component_ref idref="oc-13a"/>
      </symbol>
      <symbol id="sm-170">
         <name>RingBuf_construct</name>
         <value>0x29fd</value>
         <object_component_ref idref="oc-130"/>
      </symbol>
      <symbol id="sm-171">
         <name>RingBuf_get</name>
         <value>0x2329</value>
         <object_component_ref idref="oc-8a"/>
      </symbol>
      <symbol id="sm-172">
         <name>RingBuf_getConsume</name>
         <value>0x24e7</value>
         <object_component_ref idref="oc-c5"/>
      </symbol>
      <symbol id="sm-173">
         <name>RingBuf_getn</name>
         <value>0x1d85</value>
         <object_component_ref idref="oc-165"/>
      </symbol>
      <symbol id="sm-174">
         <name>RingBuf_getPointer</name>
         <value>0x2779</value>
         <object_component_ref idref="oc-c4"/>
      </symbol>
      <symbol id="sm-175">
         <name>RingBuf_put</name>
         <value>0x1c79</value>
         <object_component_ref idref="oc-89"/>
      </symbol>
      <symbol id="sm-176">
         <name>RingBuf_putAdvance</name>
         <value>0x1dfd</value>
         <object_component_ref idref="oc-85"/>
      </symbol>
      <symbol id="sm-177">
         <name>RingBuf_putn</name>
         <value>0x1acd</value>
         <object_component_ref idref="oc-166"/>
      </symbol>
      <symbol id="sm-178">
         <name>RingBuf_putPointer</name>
         <value>0x243d</value>
         <object_component_ref idref="oc-84"/>
      </symbol>
      <symbol id="sm-192">
         <name>HwiP_disable</name>
         <value>0x3175</value>
         <object_component_ref idref="oc-c7"/>
      </symbol>
      <symbol id="sm-193">
         <name>HwiP_restore</name>
         <value>0x31b1</value>
         <object_component_ref idref="oc-cd"/>
      </symbol>
      <symbol id="sm-194">
         <name>HwiP_disableInterrupt</name>
         <value>0x3189</value>
         <object_component_ref idref="oc-125"/>
      </symbol>
      <symbol id="sm-195">
         <name>HwiP_enableInterrupt</name>
         <value>0x319d</value>
         <object_component_ref idref="oc-122"/>
      </symbol>
      <symbol id="sm-196">
         <name>HwiP_construct</name>
         <value>0x1309</value>
         <object_component_ref idref="oc-16a"/>
      </symbol>
      <symbol id="sm-197">
         <name>HwiP_Params_init</name>
         <value>0x2d05</value>
         <object_component_ref idref="oc-154"/>
      </symbol>
      <symbol id="sm-198">
         <name>HwiP_swiPIntNum</name>
         <value>0x20200c08</value>
         <object_component_ref idref="oc-178"/>
      </symbol>
      <symbol id="sm-199">
         <name>HwiP_dispatch</name>
         <value>0x2931</value>
         <object_component_ref idref="oc-17a"/>
      </symbol>
      <symbol id="sm-19a">
         <name>HwiP_create</name>
         <value>0x2735</value>
         <object_component_ref idref="oc-155"/>
      </symbol>
      <symbol id="sm-19b">
         <name>HwiP_delete</name>
         <value>0x30e5</value>
         <object_component_ref idref="oc-146"/>
      </symbol>
      <symbol id="sm-19c">
         <name>HwiP_destruct</name>
         <value>0x2e0b</value>
         <object_component_ref idref="oc-164"/>
      </symbol>
      <symbol id="sm-19d">
         <name>HwiP_inISR</name>
         <value>0x2a87</value>
         <object_component_ref idref="oc-cf"/>
      </symbol>
      <symbol id="sm-1bd">
         <name>clkFxn</name>
         <value>0x3315</value>
         <object_component_ref idref="oc-163"/>
      </symbol>
      <symbol id="sm-1be">
         <name>SemaphoreP_construct</name>
         <value>0x199d</value>
         <object_component_ref idref="oc-169"/>
      </symbol>
      <symbol id="sm-1bf">
         <name>SemaphoreP_Params_init</name>
         <value>0x3031</value>
         <object_component_ref idref="oc-151"/>
      </symbol>
      <symbol id="sm-1c0">
         <name>SemaphoreP_defaultParams</name>
         <value>0x20200bfc</value>
         <object_component_ref idref="oc-167"/>
      </symbol>
      <symbol id="sm-1c1">
         <name>SemaphoreP_create</name>
         <value>0x2d29</value>
         <object_component_ref idref="oc-152"/>
      </symbol>
      <symbol id="sm-1c2">
         <name>SemaphoreP_createBinary</name>
         <value>0x2e29</value>
         <object_component_ref idref="oc-131"/>
      </symbol>
      <symbol id="sm-1c3">
         <name>SemaphoreP_destruct</name>
         <value>0x3305</value>
         <object_component_ref idref="oc-13e"/>
      </symbol>
      <symbol id="sm-1c4">
         <name>SemaphoreP_delete</name>
         <value>0x30fb</value>
         <object_component_ref idref="oc-128"/>
      </symbol>
      <symbol id="sm-1c5">
         <name>SemaphoreP_pend</name>
         <value>0xfad</value>
         <object_component_ref idref="oc-145"/>
      </symbol>
      <symbol id="sm-1c6">
         <name>SemaphoreP_post</name>
         <value>0x20c5</value>
         <object_component_ref idref="oc-8d"/>
      </symbol>
      <symbol id="sm-1eb">
         <name>ClockP_sysTickHandler</name>
         <value>0x1bf1</value>
         <object_component_ref idref="oc-55"/>
      </symbol>
      <symbol id="sm-1ec">
         <name>ClockP_ctrl</name>
         <value>0x20200a80</value>
      </symbol>
      <symbol id="sm-1ed">
         <name>ClockP_add</name>
         <value>0x2999</value>
         <object_component_ref idref="oc-15e"/>
      </symbol>
      <symbol id="sm-1ee">
         <name>ClockP_startup</name>
         <value>0x2881</value>
         <object_component_ref idref="oc-15d"/>
      </symbol>
      <symbol id="sm-1ef">
         <name>ClockP_start</name>
         <value>0x26ad</value>
         <object_component_ref idref="oc-15f"/>
      </symbol>
      <symbol id="sm-1f0">
         <name>ClockP_tickPeriod</name>
         <value>0x20200c04</value>
         <object_component_ref idref="oc-16f"/>
      </symbol>
      <symbol id="sm-1f1">
         <name>ClockP_stop</name>
         <value>0x152d</value>
         <object_component_ref idref="oc-171"/>
      </symbol>
      <symbol id="sm-1f2">
         <name>ClockP_destruct</name>
         <value>0x1905</value>
         <object_component_ref idref="oc-162"/>
      </symbol>
      <symbol id="sm-1f3">
         <name>ClockP_isActive</name>
         <value>0x3111</value>
         <object_component_ref idref="oc-160"/>
      </symbol>
      <symbol id="sm-1f4">
         <name>SysTick_Handler</name>
         <value>0x330d</value>
         <object_component_ref idref="oc-2c"/>
      </symbol>
      <symbol id="sm-1fe">
         <name>DL_DMA_initChannel</name>
         <value>0x2667</value>
         <object_component_ref idref="oc-f5"/>
      </symbol>
      <symbol id="sm-20e">
         <name>DL_UART_init</name>
         <value>0x2539</value>
         <object_component_ref idref="oc-11c"/>
      </symbol>
      <symbol id="sm-20f">
         <name>DL_UART_setClockConfig</name>
         <value>0x2ce1</value>
         <object_component_ref idref="oc-11b"/>
      </symbol>
      <symbol id="sm-210">
         <name>DL_UART_configBaudRate</name>
         <value>0x1b63</value>
         <object_component_ref idref="oc-11d"/>
      </symbol>
      <symbol id="sm-218">
         <name>DL_Interrupt_registerInterrupt</name>
         <value>0x2389</value>
         <object_component_ref idref="oc-176"/>
      </symbol>
      <symbol id="sm-219">
         <name>DL_Interrupt_unregisterInterrupt</name>
         <value>0x2e81</value>
         <object_component_ref idref="oc-172"/>
      </symbol>
      <symbol id="sm-239">
         <name>malloc</name>
         <value>0x32f9</value>
         <object_component_ref idref="oc-168"/>
      </symbol>
      <symbol id="sm-23a">
         <name>aligned_alloc</name>
         <value>0x919</value>
         <object_component_ref idref="oc-174"/>
      </symbol>
      <symbol id="sm-23b">
         <name>free</name>
         <value>0xead</value>
         <object_component_ref idref="oc-13f"/>
      </symbol>
      <symbol id="sm-23c">
         <name>_sys_memory</name>
         <value>0x20200000</value>
         <object_component_ref idref="oc-15a"/>
      </symbol>
      <symbol id="sm-23d">
         <name>memalign</name>
         <value>0x919</value>
         <object_component_ref idref="oc-174"/>
      </symbol>
      <symbol id="sm-247">
         <name>__TI_zero_init_nomemset</name>
         <value>0x31c5</value>
         <object_component_ref idref="oc-44"/>
      </symbol>
      <symbol id="sm-250">
         <name>__TI_decompress_none</name>
         <value>0x3233</value>
         <object_component_ref idref="oc-20"/>
      </symbol>
      <symbol id="sm-25b">
         <name>__TI_decompress_lzss</name>
         <value>0x212d</value>
         <object_component_ref idref="oc-1c"/>
      </symbol>
      <symbol id="sm-266">
         <name>_c_int00_noargs</name>
         <value>0x2c21</value>
         <object_component_ref idref="oc-4d"/>
      </symbol>
      <symbol id="sm-267">
         <name>__stack</name>
         <value>0x20207e00</value>
         <object_component_ref idref="oc-1a"/>
      </symbol>
      <symbol id="sm-272">
         <name>abort</name>
         <value>0x332d</value>
         <object_component_ref idref="oc-a4"/>
      </symbol>
      <symbol id="sm-273">
         <name>C$$EXIT</name>
         <value>0x332c</value>
         <object_component_ref idref="oc-a4"/>
      </symbol>
      <symbol id="sm-27c">
         <name>_nop</name>
         <value>0x20c3</value>
         <object_component_ref idref="oc-108"/>
      </symbol>
      <symbol id="sm-27d">
         <name>_lock</name>
         <value>0x20200c0c</value>
         <object_component_ref idref="oc-e2"/>
      </symbol>
      <symbol id="sm-27e">
         <name>_unlock</name>
         <value>0x20200c10</value>
         <object_component_ref idref="oc-e5"/>
      </symbol>
      <symbol id="sm-28a">
         <name>__TI_auto_init_nobinit_nopinit</name>
         <value>0x28bd</value>
         <object_component_ref idref="oc-ab"/>
      </symbol>
      <symbol id="sm-292">
         <name>_system_pre_init</name>
         <value>0x3329</value>
         <object_component_ref idref="oc-62"/>
      </symbol>
      <symbol id="sm-299">
         <name>__aeabi_memcpy</name>
         <value>0x331d</value>
         <object_component_ref idref="oc-3d"/>
      </symbol>
      <symbol id="sm-29a">
         <name>__aeabi_memcpy4</name>
         <value>0x331d</value>
         <object_component_ref idref="oc-3d"/>
      </symbol>
      <symbol id="sm-29b">
         <name>__aeabi_memcpy8</name>
         <value>0x331d</value>
         <object_component_ref idref="oc-3d"/>
      </symbol>
      <symbol id="sm-2a1">
         <name>__aeabi_uidiv</name>
         <value>0x2801</value>
         <object_component_ref idref="oc-c8"/>
      </symbol>
      <symbol id="sm-2a2">
         <name>__aeabi_uidivmod</name>
         <value>0x2801</value>
         <object_component_ref idref="oc-c8"/>
      </symbol>
      <symbol id="sm-2ac">
         <name>__aeabi_idiv0</name>
         <value>0x1903</value>
         <object_component_ref idref="oc-fa"/>
      </symbol>
      <symbol id="sm-2c5">
         <name>memcpy</name>
         <value>0x1869</value>
         <object_component_ref idref="oc-96"/>
      </symbol>
      <symbol id="sm-2c6">
         <name>__TI_static_base__</name>
         <value>0x0</value>
      </symbol>
      <symbol id="sm-2c9">
         <name>__mpu_init</name>
         <value>0x0</value>
      </symbol>
      <symbol id="sm-2ca">
         <name>_system_post_cinit</name>
         <value>0x0</value>
      </symbol>
   </symbol_table>
   <title>Link successful</title>
</link_info>
