<?xml version="1.0" encoding="ISO-8859-1" ?>
<link_info>
   <banner>TI ARM Clang Linker PC v2.1.3.LTS</banner>
   <copyright>Copyright (c) 1996-2018 Texas Instruments Incorporated</copyright>
   <link_time>0x6531d28b</link_time>
   <link_errors>0x0</link_errors>
   <output_file>uart_echo_LP_MSPM0G3507_nortos_ticlang.out</output_file>
   <entry_point>
      <name>_c_int00_noargs</name>
      <address>0x37bd</address>
   </entry_point>
   <input_file_list>
      <input_file id="fl-1">
         <path>.\</path>
         <kind>object</kind>
         <file>ti_drivers_config.o</file>
         <name>ti_drivers_config.o</name>
      </input_file>
      <input_file id="fl-2">
         <path>.\</path>
         <kind>object</kind>
         <file>uart_echo.o</file>
         <name>uart_echo.o</name>
      </input_file>
      <input_file id="fl-3">
         <path>.\ticlang\</path>
         <kind>object</kind>
         <file>startup_mspm0g3507_ticlang.o</file>
         <name>startup_mspm0g3507_ticlang.o</name>
      </input_file>
      <input_file id="fl-11">
         <kind>object</kind>
         <file>&lt;internal&gt;</file>
         <name>&lt;internal&gt;</name>
      </input_file>
      <input_file id="fl-12">
         <path>C:\ti\mspm0_sdk_1_20_00_05\source\ti\drivers\lib\ticlang\m0p\</path>
         <kind>archive</kind>
         <file>drivers_mspm0g1x0x_g3x0x.a</file>
         <name>UART.o</name>
      </input_file>
      <input_file id="fl-13">
         <path>C:\ti\mspm0_sdk_1_20_00_05\source\ti\drivers\lib\ticlang\m0p\</path>
         <kind>archive</kind>
         <file>drivers_mspm0g1x0x_g3x0x.a</file>
         <name>UARTMSPM0G1X0X_G3X0X.o</name>
      </input_file>
      <input_file id="fl-14">
         <path>C:\ti\mspm0_sdk_1_20_00_05\source\ti\drivers\lib\ticlang\m0p\</path>
         <kind>archive</kind>
         <file>drivers_mspm0g1x0x_g3x0x.a</file>
         <name>DMAMSPM0.o</name>
      </input_file>
      <input_file id="fl-15">
         <path>C:\ti\mspm0_sdk_1_20_00_05\source\ti\drivers\lib\ticlang\m0p\</path>
         <kind>archive</kind>
         <file>drivers_mspm0g1x0x_g3x0x.a</file>
         <name>RingBuf.o</name>
      </input_file>
      <input_file id="fl-16">
         <path>C:\ti\mspm0_sdk_1_20_00_05\kernel\nortos\lib\ticlang\m0p\</path>
         <kind>archive</kind>
         <file>nortos_mspm0g1x0x_g3x0x.a</file>
         <name>HwiPMSPM0_nortos.o</name>
      </input_file>
      <input_file id="fl-17">
         <path>C:\ti\mspm0_sdk_1_20_00_05\kernel\nortos\lib\ticlang\m0p\</path>
         <kind>archive</kind>
         <file>nortos_mspm0g1x0x_g3x0x.a</file>
         <name>SemaphoreP_nortos.o</name>
      </input_file>
      <input_file id="fl-18">
         <path>C:\ti\mspm0_sdk_1_20_00_05\kernel\nortos\lib\ticlang\m0p\</path>
         <kind>archive</kind>
         <file>nortos_mspm0g1x0x_g3x0x.a</file>
         <name>ClockPSysTick_nortos.o</name>
      </input_file>
      <input_file id="fl-19">
         <path>C:\ti\mspm0_sdk_1_20_00_05\source\ti\driverlib\lib\ticlang\m0p\mspm0g1x0x_g3x0x\</path>
         <kind>archive</kind>
         <file>driverlib.a</file>
         <name>dl_dma.o</name>
      </input_file>
      <input_file id="fl-1a">
         <path>C:\ti\mspm0_sdk_1_20_00_05\source\ti\driverlib\lib\ticlang\m0p\mspm0g1x0x_g3x0x\</path>
         <kind>archive</kind>
         <file>driverlib.a</file>
         <name>dl_uart.o</name>
      </input_file>
      <input_file id="fl-1b">
         <path>C:\ti\mspm0_sdk_1_20_00_05\source\ti\driverlib\lib\ticlang\m0p\mspm0g1x0x_g3x0x\</path>
         <kind>archive</kind>
         <file>driverlib.a</file>
         <name>dl_interrupt.o</name>
      </input_file>
      <input_file id="fl-27">
         <path>C:\ti\ccstheia110\ccs\tools\compiler\ti-cgt-armllvm_2.1.3.LTS\lib\armv6m-ti-none-eabi\c\</path>
         <kind>archive</kind>
         <file>libc.a</file>
         <name>fprintf.c.obj</name>
      </input_file>
      <input_file id="fl-28">
         <path>C:\ti\ccstheia110\ccs\tools\compiler\ti-cgt-armllvm_2.1.3.LTS\lib\armv6m-ti-none-eabi\c\</path>
         <kind>archive</kind>
         <file>libc.a</file>
         <name>_printfi.c.obj</name>
      </input_file>
      <input_file id="fl-29">
         <path>C:\ti\ccstheia110\ccs\tools\compiler\ti-cgt-armllvm_2.1.3.LTS\lib\armv6m-ti-none-eabi\c\</path>
         <kind>archive</kind>
         <file>libc.a</file>
         <name>fputc.c.obj</name>
      </input_file>
      <input_file id="fl-2a">
         <path>C:\ti\ccstheia110\ccs\tools\compiler\ti-cgt-armllvm_2.1.3.LTS\lib\armv6m-ti-none-eabi\c\</path>
         <kind>archive</kind>
         <file>libc.a</file>
         <name>fputs.c.obj</name>
      </input_file>
      <input_file id="fl-2b">
         <path>C:\ti\ccstheia110\ccs\tools\compiler\ti-cgt-armllvm_2.1.3.LTS\lib\armv6m-ti-none-eabi\c\</path>
         <kind>archive</kind>
         <file>libc.a</file>
         <name>_io_perm.c.obj</name>
      </input_file>
      <input_file id="fl-2c">
         <path>C:\ti\ccstheia110\ccs\tools\compiler\ti-cgt-armllvm_2.1.3.LTS\lib\armv6m-ti-none-eabi\c\</path>
         <kind>archive</kind>
         <file>libc.a</file>
         <name>setvbuf.c.obj</name>
      </input_file>
      <input_file id="fl-2d">
         <path>C:\ti\ccstheia110\ccs\tools\compiler\ti-cgt-armllvm_2.1.3.LTS\lib\armv6m-ti-none-eabi\c\</path>
         <kind>archive</kind>
         <file>libc.a</file>
         <name>s_frexp.c.obj</name>
      </input_file>
      <input_file id="fl-2e">
         <path>C:\ti\ccstheia110\ccs\tools\compiler\ti-cgt-armllvm_2.1.3.LTS\lib\armv6m-ti-none-eabi\c\</path>
         <kind>archive</kind>
         <file>libc.a</file>
         <name>s_scalbn.c.obj</name>
      </input_file>
      <input_file id="fl-2f">
         <path>C:\ti\ccstheia110\ccs\tools\compiler\ti-cgt-armllvm_2.1.3.LTS\lib\armv6m-ti-none-eabi\c\</path>
         <kind>archive</kind>
         <file>libc.a</file>
         <name>aeabi_portable.c.obj</name>
      </input_file>
      <input_file id="fl-30">
         <path>C:\ti\ccstheia110\ccs\tools\compiler\ti-cgt-armllvm_2.1.3.LTS\lib\armv6m-ti-none-eabi\c\</path>
         <kind>archive</kind>
         <file>libc.a</file>
         <name>exit.c.obj</name>
      </input_file>
      <input_file id="fl-31">
         <path>C:\ti\ccstheia110\ccs\tools\compiler\ti-cgt-armllvm_2.1.3.LTS\lib\armv6m-ti-none-eabi\c\</path>
         <kind>archive</kind>
         <file>libc.a</file>
         <name>_lock.c.obj</name>
      </input_file>
      <input_file id="fl-32">
         <path>C:\ti\ccstheia110\ccs\tools\compiler\ti-cgt-armllvm_2.1.3.LTS\lib\armv6m-ti-none-eabi\c\</path>
         <kind>archive</kind>
         <file>libc.a</file>
         <name>_ltoa.c.obj</name>
      </input_file>
      <input_file id="fl-33">
         <path>C:\ti\ccstheia110\ccs\tools\compiler\ti-cgt-armllvm_2.1.3.LTS\lib\armv6m-ti-none-eabi\c\</path>
         <kind>archive</kind>
         <file>libc.a</file>
         <name>assert.c.obj</name>
      </input_file>
      <input_file id="fl-34">
         <path>C:\ti\ccstheia110\ccs\tools\compiler\ti-cgt-armllvm_2.1.3.LTS\lib\armv6m-ti-none-eabi\c\</path>
         <kind>archive</kind>
         <file>libc.a</file>
         <name>atoi.c.obj</name>
      </input_file>
      <input_file id="fl-35">
         <path>C:\ti\ccstheia110\ccs\tools\compiler\ti-cgt-armllvm_2.1.3.LTS\lib\armv6m-ti-none-eabi\c\</path>
         <kind>archive</kind>
         <file>libc.a</file>
         <name>defs.c.obj</name>
      </input_file>
      <input_file id="fl-36">
         <path>C:\ti\ccstheia110\ccs\tools\compiler\ti-cgt-armllvm_2.1.3.LTS\lib\armv6m-ti-none-eabi\c\</path>
         <kind>archive</kind>
         <file>libc.a</file>
         <name>memccpy.c.obj</name>
      </input_file>
      <input_file id="fl-37">
         <path>C:\ti\ccstheia110\ccs\tools\compiler\ti-cgt-armllvm_2.1.3.LTS\lib\armv6m-ti-none-eabi\c\</path>
         <kind>archive</kind>
         <file>libc.a</file>
         <name>memory.c.obj</name>
      </input_file>
      <input_file id="fl-38">
         <path>C:\ti\ccstheia110\ccs\tools\compiler\ti-cgt-armllvm_2.1.3.LTS\lib\armv6m-ti-none-eabi\c\</path>
         <kind>archive</kind>
         <file>libc.a</file>
         <name>copy_zero_init.c.obj</name>
      </input_file>
      <input_file id="fl-39">
         <path>C:\ti\ccstheia110\ccs\tools\compiler\ti-cgt-armllvm_2.1.3.LTS\lib\armv6m-ti-none-eabi\c\</path>
         <kind>archive</kind>
         <file>libc.a</file>
         <name>copy_decompress_none.c.obj</name>
      </input_file>
      <input_file id="fl-3a">
         <path>C:\ti\ccstheia110\ccs\tools\compiler\ti-cgt-armllvm_2.1.3.LTS\lib\armv6m-ti-none-eabi\c\</path>
         <kind>archive</kind>
         <file>libc.a</file>
         <name>copy_decompress_lzss.c.obj</name>
      </input_file>
      <input_file id="fl-3b">
         <path>C:\ti\ccstheia110\ccs\tools\compiler\ti-cgt-armllvm_2.1.3.LTS\lib\armv6m-ti-none-eabi\c\</path>
         <kind>archive</kind>
         <file>libc.a</file>
         <name>boot_cortex_m.c.obj</name>
      </input_file>
      <input_file id="fl-3c">
         <path>C:\ti\ccstheia110\ccs\tools\compiler\ti-cgt-armllvm_2.1.3.LTS\lib\armv6m-ti-none-eabi\c\</path>
         <kind>archive</kind>
         <file>libc.a</file>
         <name>mathacl_init.c.obj</name>
      </input_file>
      <input_file id="fl-3d">
         <path>C:\ti\ccstheia110\ccs\tools\compiler\ti-cgt-armllvm_2.1.3.LTS\lib\armv6m-ti-none-eabi\c\</path>
         <kind>archive</kind>
         <file>libc.a</file>
         <name>wcslen.c.obj</name>
      </input_file>
      <input_file id="fl-3e">
         <path>C:\ti\ccstheia110\ccs\tools\compiler\ti-cgt-armllvm_2.1.3.LTS\lib\armv6m-ti-none-eabi\c\</path>
         <kind>archive</kind>
         <file>libc.a</file>
         <name>sprintf.c.obj</name>
      </input_file>
      <input_file id="fl-3f">
         <path>C:\ti\ccstheia110\ccs\tools\compiler\ti-cgt-armllvm_2.1.3.LTS\lib\armv6m-ti-none-eabi\c\</path>
         <kind>archive</kind>
         <file>libc.a</file>
         <name>fflush.c.obj</name>
      </input_file>
      <input_file id="fl-40">
         <path>C:\ti\ccstheia110\ccs\tools\compiler\ti-cgt-armllvm_2.1.3.LTS\lib\armv6m-ti-none-eabi\c\</path>
         <kind>archive</kind>
         <file>libc.a</file>
         <name>fopen.c.obj</name>
      </input_file>
      <input_file id="fl-41">
         <path>C:\ti\ccstheia110\ccs\tools\compiler\ti-cgt-armllvm_2.1.3.LTS\lib\armv6m-ti-none-eabi\c\</path>
         <kind>archive</kind>
         <file>libc.a</file>
         <name>fseek.c.obj</name>
      </input_file>
      <input_file id="fl-42">
         <path>C:\ti\ccstheia110\ccs\tools\compiler\ti-cgt-armllvm_2.1.3.LTS\lib\armv6m-ti-none-eabi\c\</path>
         <kind>archive</kind>
         <file>libc.a</file>
         <name>aeabi_ctype.S.obj</name>
      </input_file>
      <input_file id="fl-43">
         <path>C:\ti\ccstheia110\ccs\tools\compiler\ti-cgt-armllvm_2.1.3.LTS\lib\armv6m-ti-none-eabi\c\</path>
         <kind>archive</kind>
         <file>libc.a</file>
         <name>args_main.c.obj</name>
      </input_file>
      <input_file id="fl-44">
         <path>C:\ti\ccstheia110\ccs\tools\compiler\ti-cgt-armllvm_2.1.3.LTS\lib\armv6m-ti-none-eabi\c\</path>
         <kind>archive</kind>
         <file>libc.a</file>
         <name>autoinit.c.obj</name>
      </input_file>
      <input_file id="fl-45">
         <path>C:\ti\ccstheia110\ccs\tools\compiler\ti-cgt-armllvm_2.1.3.LTS\lib\armv6m-ti-none-eabi\c\</path>
         <kind>archive</kind>
         <file>libc.a</file>
         <name>pre_init.c.obj</name>
      </input_file>
      <input_file id="fl-46">
         <path>C:\ti\ccstheia110\ccs\tools\compiler\ti-cgt-armllvm_2.1.3.LTS\lib\armv6m-ti-none-eabi\c\</path>
         <kind>archive</kind>
         <file>libc.a</file>
         <name>cpy_tbl.c.obj</name>
      </input_file>
      <input_file id="fl-47">
         <path>C:\ti\ccstheia110\ccs\tools\compiler\ti-cgt-armllvm_2.1.3.LTS\lib\armv6m-ti-none-eabi\c\</path>
         <kind>archive</kind>
         <file>libc.a</file>
         <name>fclose.c.obj</name>
      </input_file>
      <input_file id="fl-80">
         <path>C:\ti\ccstheia110\ccs\tools\compiler\ti-cgt-armllvm_2.1.3.LTS\lib\armv6m-ti-none-eabi\c\</path>
         <kind>archive</kind>
         <file>libsysbm.a</file>
         <name>write.c.obj</name>
      </input_file>
      <input_file id="fl-81">
         <path>C:\ti\ccstheia110\ccs\tools\compiler\ti-cgt-armllvm_2.1.3.LTS\lib\armv6m-ti-none-eabi\c\</path>
         <kind>archive</kind>
         <file>libsysbm.a</file>
         <name>host_device.c.obj</name>
      </input_file>
      <input_file id="fl-82">
         <path>C:\ti\ccstheia110\ccs\tools\compiler\ti-cgt-armllvm_2.1.3.LTS\lib\armv6m-ti-none-eabi\c\</path>
         <kind>archive</kind>
         <file>libsysbm.a</file>
         <name>remove.c.obj</name>
      </input_file>
      <input_file id="fl-83">
         <path>C:\ti\ccstheia110\ccs\tools\compiler\ti-cgt-armllvm_2.1.3.LTS\lib\armv6m-ti-none-eabi\c\</path>
         <kind>archive</kind>
         <file>libsysbm.a</file>
         <name>open.c.obj</name>
      </input_file>
      <input_file id="fl-84">
         <path>C:\ti\ccstheia110\ccs\tools\compiler\ti-cgt-armllvm_2.1.3.LTS\lib\armv6m-ti-none-eabi\c\</path>
         <kind>archive</kind>
         <file>libsysbm.a</file>
         <name>lseek.c.obj</name>
      </input_file>
      <input_file id="fl-85">
         <path>C:\ti\ccstheia110\ccs\tools\compiler\ti-cgt-armllvm_2.1.3.LTS\lib\armv6m-ti-none-eabi\c\</path>
         <kind>archive</kind>
         <file>libsysbm.a</file>
         <name>close.c.obj</name>
      </input_file>
      <input_file id="fl-86">
         <path>C:\ti\ccstheia110\ccs\tools\compiler\ti-cgt-armllvm_2.1.3.LTS\lib\armv6m-ti-none-eabi\c\</path>
         <kind>archive</kind>
         <file>libsysbm.a</file>
         <name>unlink.c.obj</name>
      </input_file>
      <input_file id="fl-87">
         <path>C:\ti\ccstheia110\ccs\tools\compiler\ti-cgt-armllvm_2.1.3.LTS\lib\armv6m-ti-none-eabi\c\</path>
         <kind>archive</kind>
         <file>libsysbm.a</file>
         <name>hostclose.c.obj</name>
      </input_file>
      <input_file id="fl-88">
         <path>C:\ti\ccstheia110\ccs\tools\compiler\ti-cgt-armllvm_2.1.3.LTS\lib\armv6m-ti-none-eabi\c\</path>
         <kind>archive</kind>
         <file>libsysbm.a</file>
         <name>hostlseek.c.obj</name>
      </input_file>
      <input_file id="fl-89">
         <path>C:\ti\ccstheia110\ccs\tools\compiler\ti-cgt-armllvm_2.1.3.LTS\lib\armv6m-ti-none-eabi\c\</path>
         <kind>archive</kind>
         <file>libsysbm.a</file>
         <name>hostopen.c.obj</name>
      </input_file>
      <input_file id="fl-8a">
         <path>C:\ti\ccstheia110\ccs\tools\compiler\ti-cgt-armllvm_2.1.3.LTS\lib\armv6m-ti-none-eabi\c\</path>
         <kind>archive</kind>
         <file>libsysbm.a</file>
         <name>hostread.c.obj</name>
      </input_file>
      <input_file id="fl-8b">
         <path>C:\ti\ccstheia110\ccs\tools\compiler\ti-cgt-armllvm_2.1.3.LTS\lib\armv6m-ti-none-eabi\c\</path>
         <kind>archive</kind>
         <file>libsysbm.a</file>
         <name>hostrename.c.obj</name>
      </input_file>
      <input_file id="fl-8c">
         <path>C:\ti\ccstheia110\ccs\tools\compiler\ti-cgt-armllvm_2.1.3.LTS\lib\armv6m-ti-none-eabi\c\</path>
         <kind>archive</kind>
         <file>libsysbm.a</file>
         <name>hostunlink.c.obj</name>
      </input_file>
      <input_file id="fl-8d">
         <path>C:\ti\ccstheia110\ccs\tools\compiler\ti-cgt-armllvm_2.1.3.LTS\lib\armv6m-ti-none-eabi\c\</path>
         <kind>archive</kind>
         <file>libsysbm.a</file>
         <name>hostwrite.c.obj</name>
      </input_file>
      <input_file id="fl-8e">
         <path>C:\ti\ccstheia110\ccs\tools\compiler\ti-cgt-armllvm_2.1.3.LTS\lib\armv6m-ti-none-eabi\c\</path>
         <kind>archive</kind>
         <file>libsysbm.a</file>
         <name>trgmsg.c.obj</name>
      </input_file>
      <input_file id="fl-8f">
         <path>C:\ti\ccstheia110\ccs\tools\compiler\ti-cgt-armllvm_2.1.3.LTS\lib\clang\14.0.6\lib\armv6m-ti-none-eabi\</path>
         <kind>archive</kind>
         <file>libclang_rt.builtins.a</file>
         <name>adddf3.S.obj</name>
      </input_file>
      <input_file id="fl-90">
         <path>C:\ti\ccstheia110\ccs\tools\compiler\ti-cgt-armllvm_2.1.3.LTS\lib\clang\14.0.6\lib\armv6m-ti-none-eabi\</path>
         <kind>archive</kind>
         <file>libclang_rt.builtins.a</file>
         <name>muldf3.S.obj</name>
      </input_file>
      <input_file id="fl-91">
         <path>C:\ti\ccstheia110\ccs\tools\compiler\ti-cgt-armllvm_2.1.3.LTS\lib\clang\14.0.6\lib\armv6m-ti-none-eabi\</path>
         <kind>archive</kind>
         <file>libclang_rt.builtins.a</file>
         <name>muldsi3.S.obj</name>
      </input_file>
      <input_file id="fl-92">
         <path>C:\ti\ccstheia110\ccs\tools\compiler\ti-cgt-armllvm_2.1.3.LTS\lib\clang\14.0.6\lib\armv6m-ti-none-eabi\</path>
         <kind>archive</kind>
         <file>libclang_rt.builtins.a</file>
         <name>divdf3.S.obj</name>
      </input_file>
      <input_file id="fl-93">
         <path>C:\ti\ccstheia110\ccs\tools\compiler\ti-cgt-armllvm_2.1.3.LTS\lib\clang\14.0.6\lib\armv6m-ti-none-eabi\</path>
         <kind>archive</kind>
         <file>libclang_rt.builtins.a</file>
         <name>fixdfsi.S.obj</name>
      </input_file>
      <input_file id="fl-94">
         <path>C:\ti\ccstheia110\ccs\tools\compiler\ti-cgt-armllvm_2.1.3.LTS\lib\clang\14.0.6\lib\armv6m-ti-none-eabi\</path>
         <kind>archive</kind>
         <file>libclang_rt.builtins.a</file>
         <name>floatsidf.S.obj</name>
      </input_file>
      <input_file id="fl-95">
         <path>C:\ti\ccstheia110\ccs\tools\compiler\ti-cgt-armllvm_2.1.3.LTS\lib\clang\14.0.6\lib\armv6m-ti-none-eabi\</path>
         <kind>archive</kind>
         <file>libclang_rt.builtins.a</file>
         <name>muldi3.S.obj</name>
      </input_file>
      <input_file id="fl-96">
         <path>C:\ti\ccstheia110\ccs\tools\compiler\ti-cgt-armllvm_2.1.3.LTS\lib\clang\14.0.6\lib\armv6m-ti-none-eabi\</path>
         <kind>archive</kind>
         <file>libclang_rt.builtins.a</file>
         <name>aeabi_dcmp.S.obj</name>
      </input_file>
      <input_file id="fl-97">
         <path>C:\ti\ccstheia110\ccs\tools\compiler\ti-cgt-armllvm_2.1.3.LTS\lib\clang\14.0.6\lib\armv6m-ti-none-eabi\</path>
         <kind>archive</kind>
         <file>libclang_rt.builtins.a</file>
         <name>aeabi_idivmod.S.obj</name>
      </input_file>
      <input_file id="fl-98">
         <path>C:\ti\ccstheia110\ccs\tools\compiler\ti-cgt-armllvm_2.1.3.LTS\lib\clang\14.0.6\lib\armv6m-ti-none-eabi\</path>
         <kind>archive</kind>
         <file>libclang_rt.builtins.a</file>
         <name>aeabi_memcpy.S.obj</name>
      </input_file>
      <input_file id="fl-99">
         <path>C:\ti\ccstheia110\ccs\tools\compiler\ti-cgt-armllvm_2.1.3.LTS\lib\clang\14.0.6\lib\armv6m-ti-none-eabi\</path>
         <kind>archive</kind>
         <file>libclang_rt.builtins.a</file>
         <name>aeabi_memset.S.obj</name>
      </input_file>
      <input_file id="fl-9a">
         <path>C:\ti\ccstheia110\ccs\tools\compiler\ti-cgt-armllvm_2.1.3.LTS\lib\clang\14.0.6\lib\armv6m-ti-none-eabi\</path>
         <kind>archive</kind>
         <file>libclang_rt.builtins.a</file>
         <name>aeabi_uidivmod.S.obj</name>
      </input_file>
      <input_file id="fl-9b">
         <path>C:\ti\ccstheia110\ccs\tools\compiler\ti-cgt-armllvm_2.1.3.LTS\lib\clang\14.0.6\lib\armv6m-ti-none-eabi\</path>
         <kind>archive</kind>
         <file>libclang_rt.builtins.a</file>
         <name>aeabi_uldivmod.S.obj</name>
      </input_file>
      <input_file id="fl-9c">
         <path>C:\ti\ccstheia110\ccs\tools\compiler\ti-cgt-armllvm_2.1.3.LTS\lib\clang\14.0.6\lib\armv6m-ti-none-eabi\</path>
         <kind>archive</kind>
         <file>libclang_rt.builtins.a</file>
         <name>udivmoddi4.S.obj</name>
      </input_file>
      <input_file id="fl-9d">
         <path>C:\ti\ccstheia110\ccs\tools\compiler\ti-cgt-armllvm_2.1.3.LTS\lib\clang\14.0.6\lib\armv6m-ti-none-eabi\</path>
         <kind>archive</kind>
         <file>libclang_rt.builtins.a</file>
         <name>ashldi3.S.obj</name>
      </input_file>
      <input_file id="fl-9e">
         <path>C:\ti\ccstheia110\ccs\tools\compiler\ti-cgt-armllvm_2.1.3.LTS\lib\clang\14.0.6\lib\armv6m-ti-none-eabi\</path>
         <kind>archive</kind>
         <file>libclang_rt.builtins.a</file>
         <name>comparedf2.c.obj</name>
      </input_file>
      <input_file id="fl-9f">
         <path>C:\ti\ccstheia110\ccs\tools\compiler\ti-cgt-armllvm_2.1.3.LTS\lib\clang\14.0.6\lib\armv6m-ti-none-eabi\</path>
         <kind>archive</kind>
         <file>libclang_rt.builtins.a</file>
         <name>aeabi_div0.c.obj</name>
      </input_file>
      <input_file id="fl-a0">
         <path>C:\ti\ccstheia110\ccs\tools\compiler\ti-cgt-armllvm_2.1.3.LTS\lib\armv6m-ti-none-eabi\c\</path>
         <kind>archive</kind>
         <file>libc.a</file>
         <name>getdevice.c.obj</name>
      </input_file>
      <input_file id="fl-a1">
         <path>C:\ti\ccstheia110\ccs\tools\compiler\ti-cgt-armllvm_2.1.3.LTS\lib\armv6m-ti-none-eabi\c\</path>
         <kind>archive</kind>
         <file>libc.a</file>
         <name>memcpy16.S.obj</name>
      </input_file>
      <input_file id="fl-a2">
         <path>C:\ti\ccstheia110\ccs\tools\compiler\ti-cgt-armllvm_2.1.3.LTS\lib\armv6m-ti-none-eabi\c\</path>
         <kind>archive</kind>
         <file>libc.a</file>
         <name>memset16.S.obj</name>
      </input_file>
   </input_file_list>
   <object_component_list>
      <object_component id="oc-18">
         <name>.intvecs</name>
         <load_address>0x0</load_address>
         <run_address>0x0</run_address>
         <size>0xc0</size>
         <input_file_ref idref="fl-3"/>
      </object_component>
      <object_component id="oc-56">
         <name>.text.UARTMSP_interruptHandler</name>
         <load_address>0xc0</load_address>
         <run_address>0xc0</run_address>
         <size>0x3cc</size>
         <input_file_ref idref="fl-13"/>
      </object_component>
      <object_component id="oc-118">
         <name>.text:__TI_printfi_minimal</name>
         <load_address>0x48c</load_address>
         <run_address>0x48c</run_address>
         <size>0x280</size>
         <input_file_ref idref="fl-28"/>
      </object_component>
      <object_component id="oc-111">
         <name>.text.UARTMSP_enable</name>
         <load_address>0x70c</load_address>
         <run_address>0x70c</run_address>
         <size>0x1ec</size>
         <input_file_ref idref="fl-13"/>
      </object_component>
      <object_component id="oc-81">
         <name>.text.UARTMSP_dmaRx</name>
         <load_address>0x8f8</load_address>
         <run_address>0x8f8</run_address>
         <size>0x150</size>
         <input_file_ref idref="fl-13"/>
      </object_component>
      <object_component id="oc-9c">
         <name>.text.UART_open</name>
         <load_address>0xa48</load_address>
         <run_address>0xa48</run_address>
         <size>0x150</size>
         <input_file_ref idref="fl-12"/>
      </object_component>
      <object_component id="oc-25b">
         <name>.text.aligned_alloc</name>
         <load_address>0xb98</load_address>
         <run_address>0xb98</run_address>
         <size>0x13c</size>
         <input_file_ref idref="fl-37"/>
      </object_component>
      <object_component id="oc-151">
         <name>.text.UART_writeCallback</name>
         <load_address>0xcd4</load_address>
         <run_address>0xcd4</run_address>
         <size>0x128</size>
         <input_file_ref idref="fl-12"/>
      </object_component>
      <object_component id="oc-c8">
         <name>.text.DMAMSPM0_setupTransfer</name>
         <load_address>0xdfc</load_address>
         <run_address>0xdfc</run_address>
         <size>0x120</size>
         <input_file_ref idref="fl-14"/>
      </object_component>
      <object_component id="oc-196">
         <name>.text.DMAMSPM0_open</name>
         <load_address>0xf1c</load_address>
         <run_address>0xf1c</run_address>
         <size>0x10c</size>
         <input_file_ref idref="fl-14"/>
      </object_component>
      <object_component id="oc-195">
         <name>.text.DMAMSPM0_init</name>
         <load_address>0x1028</load_address>
         <run_address>0x1028</run_address>
         <size>0x104</size>
         <input_file_ref idref="fl-14"/>
      </object_component>
      <object_component id="oc-19c">
         <name>.text.free</name>
         <load_address>0x112c</load_address>
         <run_address>0x112c</run_address>
         <size>0x100</size>
         <input_file_ref idref="fl-37"/>
      </object_component>
      <object_component id="oc-1a2">
         <name>.text.SemaphoreP_pend</name>
         <load_address>0x122c</load_address>
         <run_address>0x122c</run_address>
         <size>0xfc</size>
         <input_file_ref idref="fl-17"/>
      </object_component>
      <object_component id="oc-126">
         <name>.text.fputs</name>
         <load_address>0x1328</load_address>
         <run_address>0x1328</run_address>
         <size>0xf8</size>
         <input_file_ref idref="fl-2a"/>
      </object_component>
      <object_component id="oc-1fb">
         <name>.text.setvbuf</name>
         <load_address>0x1420</load_address>
         <run_address>0x1420</run_address>
         <size>0xe0</size>
         <input_file_ref idref="fl-2c"/>
      </object_component>
      <object_component id="oc-14d">
         <name>.text.DMAMSPM0_close</name>
         <load_address>0x1500</load_address>
         <run_address>0x1500</run_address>
         <size>0xd4</size>
         <input_file_ref idref="fl-14"/>
      </object_component>
      <object_component id="oc-1ac">
         <name>.text.UART_writeBufferedMode</name>
         <load_address>0x15d4</load_address>
         <run_address>0x15d4</run_address>
         <size>0xca</size>
         <input_file_ref idref="fl-12"/>
      </object_component>
      <object_component id="oc-1aa">
         <name>.text.UART_readBufferedMode</name>
         <load_address>0x169e</load_address>
         <run_address>0x169e</run_address>
         <size>0xc2</size>
         <input_file_ref idref="fl-12"/>
      </object_component>
      <object_component id="oc-24c">
         <name>.text.HwiP_construct</name>
         <load_address>0x1760</load_address>
         <run_address>0x1760</run_address>
         <size>0xbc</size>
         <input_file_ref idref="fl-16"/>
      </object_component>
      <object_component id="oc-82">
         <name>.text.UARTMSP_readFromRingBuf</name>
         <load_address>0x181c</load_address>
         <run_address>0x181c</run_address>
         <size>0xb8</size>
         <input_file_ref idref="fl-13"/>
      </object_component>
      <object_component id="oc-86">
         <name>.text.UARTMSP_dmaTx</name>
         <load_address>0x18d4</load_address>
         <run_address>0x18d4</run_address>
         <size>0xb0</size>
         <input_file_ref idref="fl-13"/>
      </object_component>
      <object_component id="oc-253">
         <name>.text.ClockP_stop</name>
         <load_address>0x1984</load_address>
         <run_address>0x1984</run_address>
         <size>0xac</size>
         <input_file_ref idref="fl-18"/>
      </object_component>
      <object_component id="oc-20d">
         <name>.text.DMAMSPM0_hwiFxn</name>
         <load_address>0x1a30</load_address>
         <run_address>0x1a30</run_address>
         <size>0xa8</size>
         <input_file_ref idref="fl-14"/>
      </object_component>
      <object_component id="oc-1ab">
         <name>.text.UARTMSP_enableInts</name>
         <load_address>0x1ad8</load_address>
         <run_address>0x1ad8</run_address>
         <size>0xa6</size>
         <input_file_ref idref="fl-13"/>
      </object_component>
      <object_component id="oc-2a">
         <name>.text.Default_Handler</name>
         <load_address>0x1b7e</load_address>
         <run_address>0x1b7e</run_address>
         <size>0x2</size>
         <input_file_ref idref="fl-3"/>
      </object_component>
      <object_component id="oc-112">
         <name>.text.UARTMSP_disable</name>
         <load_address>0x1b80</load_address>
         <run_address>0x1b80</run_address>
         <size>0xa4</size>
         <input_file_ref idref="fl-13"/>
      </object_component>
      <object_component id="oc-14f">
         <name>.text.UART_readCallback</name>
         <load_address>0x1c24</load_address>
         <run_address>0x1c24</run_address>
         <size>0x9c</size>
         <input_file_ref idref="fl-12"/>
      </object_component>
      <object_component id="oc-96">
         <name>.text:memcpy</name>
         <load_address>0x1cc0</load_address>
         <run_address>0x1cc0</run_address>
         <size>0x9a</size>
         <input_file_ref idref="fl-a1"/>
      </object_component>
      <object_component id="oc-10a">
         <name>.text.__aeabi_idiv0</name>
         <load_address>0x1d5a</load_address>
         <run_address>0x1d5a</run_address>
         <size>0x2</size>
         <input_file_ref idref="fl-9f"/>
      </object_component>
      <object_component id="oc-219">
         <name>.text.ClockP_destruct</name>
         <load_address>0x1d5c</load_address>
         <run_address>0x1d5c</run_address>
         <size>0x98</size>
         <input_file_ref idref="fl-18"/>
      </object_component>
      <object_component id="oc-24b">
         <name>.text.SemaphoreP_construct</name>
         <load_address>0x1df4</load_address>
         <run_address>0x1df4</run_address>
         <size>0x98</size>
         <input_file_ref idref="fl-17"/>
      </object_component>
      <object_component id="oc-74">
         <name>.text.addToList</name>
         <load_address>0x1e8c</load_address>
         <run_address>0x1e8c</run_address>
         <size>0x98</size>
         <input_file_ref idref="fl-18"/>
      </object_component>
      <object_component id="oc-21d">
         <name>.text.RingBuf_putn</name>
         <load_address>0x1f24</load_address>
         <run_address>0x1f24</run_address>
         <size>0x96</size>
         <input_file_ref idref="fl-15"/>
      </object_component>
      <object_component id="oc-120">
         <name>.text._nop</name>
         <load_address>0x1fba</load_address>
         <run_address>0x1fba</run_address>
         <size>0x2</size>
         <input_file_ref idref="fl-31"/>
      </object_component>
      <object_component id="oc-12c">
         <name>.text.fputc</name>
         <load_address>0x1fbc</load_address>
         <run_address>0x1fbc</run_address>
         <size>0x90</size>
         <input_file_ref idref="fl-29"/>
      </object_component>
      <object_component id="oc-141">
         <name>.text.DL_UART_configBaudRate</name>
         <load_address>0x204c</load_address>
         <run_address>0x204c</run_address>
         <size>0x8e</size>
         <input_file_ref idref="fl-1a"/>
      </object_component>
      <object_component id="oc-55">
         <name>.text.ClockP_sysTickHandler</name>
         <load_address>0x20dc</load_address>
         <run_address>0x20dc</run_address>
         <size>0x88</size>
         <input_file_ref idref="fl-18"/>
      </object_component>
      <object_component id="oc-89">
         <name>.text.RingBuf_put</name>
         <load_address>0x2164</load_address>
         <run_address>0x2164</run_address>
         <size>0x88</size>
         <input_file_ref idref="fl-15"/>
      </object_component>
      <object_component id="oc-286">
         <name>.text.__NVIC_SetPriority</name>
         <load_address>0x21ec</load_address>
         <run_address>0x21ec</run_address>
         <size>0x84</size>
         <input_file_ref idref="fl-16"/>
      </object_component>
      <object_component id="oc-25c">
         <name>.text.__TI_closefile</name>
         <load_address>0x2270</load_address>
         <run_address>0x2270</run_address>
         <size>0x7c</size>
         <input_file_ref idref="fl-47"/>
      </object_component>
      <object_component id="oc-21c">
         <name>.text.RingBuf_getn</name>
         <load_address>0x22ec</load_address>
         <run_address>0x22ec</run_address>
         <size>0x78</size>
         <input_file_ref idref="fl-15"/>
      </object_component>
      <object_component id="oc-85">
         <name>.text.RingBuf_putAdvance</name>
         <load_address>0x2364</load_address>
         <run_address>0x2364</run_address>
         <size>0x78</size>
         <input_file_ref idref="fl-15"/>
      </object_component>
      <object_component id="oc-7d">
         <name>.text.UARTMSP_getRxData</name>
         <load_address>0x23dc</load_address>
         <run_address>0x23dc</run_address>
         <size>0x78</size>
         <input_file_ref idref="fl-13"/>
      </object_component>
      <object_component id="oc-114">
         <name>.text.UART_readFullFeatured</name>
         <load_address>0x2454</load_address>
         <run_address>0x2454</run_address>
         <size>0x78</size>
         <input_file_ref idref="fl-12"/>
      </object_component>
      <object_component id="oc-115">
         <name>.text.UART_writeFullFeatured</name>
         <load_address>0x24cc</load_address>
         <run_address>0x24cc</run_address>
         <size>0x78</size>
         <input_file_ref idref="fl-12"/>
      </object_component>
      <object_component id="oc-83">
         <name>.text.UARTMSP_dmaStopTx</name>
         <load_address>0x2544</load_address>
         <run_address>0x2544</run_address>
         <size>0x74</size>
         <input_file_ref idref="fl-13"/>
      </object_component>
      <object_component id="oc-80">
         <name>.text.UARTMSP_dmaStopRx</name>
         <load_address>0x25b8</load_address>
         <run_address>0x25b8</run_address>
         <size>0x72</size>
         <input_file_ref idref="fl-13"/>
      </object_component>
      <object_component id="oc-239">
         <name>.text.fseeko</name>
         <load_address>0x262c</load_address>
         <run_address>0x262c</run_address>
         <size>0x6c</size>
         <input_file_ref idref="fl-41"/>
      </object_component>
      <object_component id="oc-2ca">
         <name>.text.getdevice</name>
         <load_address>0x2698</load_address>
         <run_address>0x2698</run_address>
         <size>0x6c</size>
         <input_file_ref idref="fl-a0"/>
      </object_component>
      <object_component id="oc-275">
         <name>.text.HOSTlseek</name>
         <load_address>0x2704</load_address>
         <run_address>0x2704</run_address>
         <size>0x68</size>
         <input_file_ref idref="fl-88"/>
      </object_component>
      <object_component id="oc-27d">
         <name>.text.HOSTrename</name>
         <load_address>0x276c</load_address>
         <run_address>0x276c</run_address>
         <size>0x68</size>
         <input_file_ref idref="fl-8b"/>
      </object_component>
      <object_component id="oc-8d">
         <name>.text.SemaphoreP_post</name>
         <load_address>0x27d4</load_address>
         <run_address>0x27d4</run_address>
         <size>0x68</size>
         <input_file_ref idref="fl-17"/>
      </object_component>
      <object_component id="oc-1c">
         <name>.text:decompress:lzss</name>
         <load_address>0x283c</load_address>
         <run_address>0x283c</run_address>
         <size>0x68</size>
         <input_file_ref idref="fl-3a"/>
      </object_component>
      <object_component id="oc-9d">
         <name>.text.UART_read</name>
         <load_address>0x28a4</load_address>
         <run_address>0x28a4</run_address>
         <size>0x66</size>
         <input_file_ref idref="fl-12"/>
      </object_component>
      <object_component id="oc-145">
         <name>.text.DMA_Init</name>
         <load_address>0x290c</load_address>
         <run_address>0x290c</run_address>
         <size>0x64</size>
         <input_file_ref idref="fl-14"/>
      </object_component>
      <object_component id="oc-178">
         <name>.text.__TI_wrt_ok</name>
         <load_address>0x2970</load_address>
         <run_address>0x2970</run_address>
         <size>0x64</size>
         <input_file_ref idref="fl-2b"/>
      </object_component>
      <object_component id="oc-292">
         <name>.text.split</name>
         <load_address>0x29d4</load_address>
         <run_address>0x29d4</run_address>
         <size>0x64</size>
         <input_file_ref idref="fl-37"/>
      </object_component>
      <object_component id="oc-e3">
         <name>.text:memset</name>
         <load_address>0x2a38</load_address>
         <run_address>0x2a38</run_address>
         <size>0x62</size>
         <input_file_ref idref="fl-a2"/>
      </object_component>
      <object_component id="oc-8a">
         <name>.text.RingBuf_get</name>
         <load_address>0x2a9a</load_address>
         <run_address>0x2a9a</run_address>
         <size>0x60</size>
         <input_file_ref idref="fl-15"/>
      </object_component>
      <object_component id="oc-66">
         <name>.text.main</name>
         <load_address>0x2afc</load_address>
         <run_address>0x2afc</run_address>
         <size>0x60</size>
         <input_file_ref idref="fl-2"/>
      </object_component>
      <object_component id="oc-285">
         <name>.text.DL_Interrupt_registerInterrupt</name>
         <load_address>0x2b5c</load_address>
         <run_address>0x2b5c</run_address>
         <size>0x5c</size>
         <input_file_ref idref="fl-1b"/>
      </object_component>
      <object_component id="oc-265">
         <name>.text.HOSTopen</name>
         <load_address>0x2bb8</load_address>
         <run_address>0x2bb8</run_address>
         <size>0x5c</size>
         <input_file_ref idref="fl-89"/>
      </object_component>
      <object_component id="oc-9e">
         <name>.text.fprintf</name>
         <load_address>0x2c14</load_address>
         <run_address>0x2c14</run_address>
         <size>0x5c</size>
         <input_file_ref idref="fl-27"/>
      </object_component>
      <object_component id="oc-26d">
         <name>.text.HOSTread</name>
         <load_address>0x2c70</load_address>
         <run_address>0x2c70</run_address>
         <size>0x58</size>
         <input_file_ref idref="fl-8a"/>
      </object_component>
      <object_component id="oc-271">
         <name>.text.HOSTwrite</name>
         <load_address>0x2cc8</load_address>
         <run_address>0x2cc8</run_address>
         <size>0x58</size>
         <input_file_ref idref="fl-8d"/>
      </object_component>
      <object_component id="oc-84">
         <name>.text.RingBuf_putPointer</name>
         <load_address>0x2d20</load_address>
         <run_address>0x2d20</run_address>
         <size>0x56</size>
         <input_file_ref idref="fl-15"/>
      </object_component>
      <object_component id="oc-135">
         <name>.text.DL_DMA_configTransfer</name>
         <load_address>0x2d76</load_address>
         <run_address>0x2d76</run_address>
         <size>0x54</size>
         <input_file_ref idref="fl-19"/>
      </object_component>
      <object_component id="oc-cd">
         <name>.text.RingBuf_getConsume</name>
         <load_address>0x2dca</load_address>
         <run_address>0x2dca</run_address>
         <size>0x52</size>
         <input_file_ref idref="fl-15"/>
      </object_component>
      <object_component id="oc-182">
         <name>.text.__TI_doflush</name>
         <load_address>0x2e1c</load_address>
         <run_address>0x2e1c</run_address>
         <size>0x50</size>
         <input_file_ref idref="fl-3f"/>
      </object_component>
      <object_component id="oc-294">
         <name>.text.close</name>
         <load_address>0x2e6c</load_address>
         <run_address>0x2e6c</run_address>
         <size>0x50</size>
         <input_file_ref idref="fl-85"/>
      </object_component>
      <object_component id="oc-140">
         <name>.text.DL_UART_init</name>
         <load_address>0x2ebc</load_address>
         <run_address>0x2ebc</run_address>
         <size>0x4c</size>
         <input_file_ref idref="fl-1a"/>
      </object_component>
      <object_component id="oc-192">
         <name>.text.DL_UART_setBaudRateDivisor</name>
         <load_address>0x2f08</load_address>
         <run_address>0x2f08</run_address>
         <size>0x4c</size>
         <input_file_ref idref="fl-1a"/>
      </object_component>
      <object_component id="oc-24f">
         <name>.text.sysTickInit</name>
         <load_address>0x2f54</load_address>
         <run_address>0x2f54</run_address>
         <size>0x4c</size>
         <input_file_ref idref="fl-18"/>
      </object_component>
      <object_component id="oc-197">
         <name>.text.DMAMSPM0_copyDMAParams</name>
         <load_address>0x2fa0</load_address>
         <run_address>0x2fa0</run_address>
         <size>0x4a</size>
         <input_file_ref idref="fl-14"/>
      </object_component>
      <object_component id="oc-269">
         <name>.text.HOSTclose</name>
         <load_address>0x2fec</load_address>
         <run_address>0x2fec</run_address>
         <size>0x48</size>
         <input_file_ref idref="fl-87"/>
      </object_component>
      <object_component id="oc-279">
         <name>.text.HOSTunlink</name>
         <load_address>0x3034</load_address>
         <run_address>0x3034</run_address>
         <size>0x48</size>
         <input_file_ref idref="fl-8c"/>
      </object_component>
      <object_component id="oc-105">
         <name>.text.DL_DMA_initChannel</name>
         <load_address>0x307c</load_address>
         <run_address>0x307c</run_address>
         <size>0x46</size>
         <input_file_ref idref="fl-19"/>
      </object_component>
      <object_component id="oc-216">
         <name>.text.ClockP_start</name>
         <load_address>0x30c4</load_address>
         <run_address>0x30c4</run_address>
         <size>0x44</size>
         <input_file_ref idref="fl-18"/>
      </object_component>
      <object_component id="oc-c5">
         <name>.text.DMAMSPM0_disableChannel</name>
         <load_address>0x3108</load_address>
         <run_address>0x3108</run_address>
         <size>0x44</size>
         <input_file_ref idref="fl-14"/>
      </object_component>
      <object_component id="oc-20c">
         <name>.text.HwiP_create</name>
         <load_address>0x314c</load_address>
         <run_address>0x314c</run_address>
         <size>0x44</size>
         <input_file_ref idref="fl-16"/>
      </object_component>
      <object_component id="oc-cc">
         <name>.text.RingBuf_getPointer</name>
         <load_address>0x3190</load_address>
         <run_address>0x3190</run_address>
         <size>0x44</size>
         <input_file_ref idref="fl-15"/>
      </object_component>
      <object_component id="oc-113">
         <name>.text.UARTMSP_txChar</name>
         <load_address>0x31d4</load_address>
         <run_address>0x31d4</run_address>
         <size>0x42</size>
         <input_file_ref idref="fl-13"/>
      </object_component>
      <object_component id="oc-d0">
         <name>.text</name>
         <load_address>0x3218</load_address>
         <run_address>0x3218</run_address>
         <size>0x40</size>
         <input_file_ref idref="fl-9a"/>
      </object_component>
      <object_component id="oc-13a">
         <name>.text.UARTMSP_initBuffers</name>
         <load_address>0x3258</load_address>
         <run_address>0x3258</run_address>
         <size>0x3e</size>
         <input_file_ref idref="fl-13"/>
      </object_component>
      <object_component id="oc-214">
         <name>.text.ClockP_startup</name>
         <load_address>0x3298</load_address>
         <run_address>0x3298</run_address>
         <size>0x3c</size>
         <input_file_ref idref="fl-18"/>
      </object_component>
      <object_component id="oc-b3">
         <name>.text:__TI_auto_init_nobinit_nopinit</name>
         <load_address>0x32d4</load_address>
         <run_address>0x32d4</run_address>
         <size>0x3c</size>
         <input_file_ref idref="fl-44"/>
      </object_component>
      <object_component id="oc-136">
         <name>.text.DL_DMA_setTrigger</name>
         <load_address>0x3310</load_address>
         <run_address>0x3310</run_address>
         <size>0x38</size>
         <input_file_ref idref="fl-19"/>
      </object_component>
      <object_component id="oc-2d3">
         <name>.text.finddevice</name>
         <load_address>0x3348</load_address>
         <run_address>0x3348</run_address>
         <size>0x38</size>
         <input_file_ref idref="fl-a0"/>
      </object_component>
      <object_component id="oc-289">
         <name>.text.HwiP_dispatch</name>
         <load_address>0x3380</load_address>
         <run_address>0x3380</run_address>
         <size>0x34</size>
         <input_file_ref idref="fl-16"/>
      </object_component>
      <object_component id="oc-19a">
         <name>.text.__NVIC_DisableIRQ</name>
         <load_address>0x33b4</load_address>
         <run_address>0x33b4</run_address>
         <size>0x34</size>
         <input_file_ref idref="fl-16"/>
      </object_component>
      <object_component id="oc-23d">
         <name>.text.__TI_cleanup</name>
         <load_address>0x33e8</load_address>
         <run_address>0x33e8</run_address>
         <size>0x34</size>
         <input_file_ref idref="fl-40"/>
      </object_component>
      <object_component id="oc-2a5">
         <name>.text.__TI_readmsg</name>
         <load_address>0x341c</load_address>
         <run_address>0x341c</run_address>
         <size>0x34</size>
         <input_file_ref idref="fl-8e"/>
      </object_component>
      <object_component id="oc-29f">
         <name>.text.__TI_writemsg</name>
         <load_address>0x3450</load_address>
         <run_address>0x3450</run_address>
         <size>0x34</size>
         <input_file_ref idref="fl-8e"/>
      </object_component>
      <object_component id="oc-b1">
         <name>.text.exit</name>
         <load_address>0x3484</load_address>
         <run_address>0x3484</run_address>
         <size>0x34</size>
         <input_file_ref idref="fl-30"/>
      </object_component>
      <object_component id="oc-215">
         <name>.text.ClockP_add</name>
         <load_address>0x34b8</load_address>
         <run_address>0x34b8</run_address>
         <size>0x32</size>
         <input_file_ref idref="fl-18"/>
      </object_component>
      <object_component id="oc-106">
         <name>.text.DL_DMA_setTransferSize</name>
         <load_address>0x34ec</load_address>
         <run_address>0x34ec</run_address>
         <size>0x30</size>
         <input_file_ref idref="fl-14"/>
      </object_component>
      <object_component id="oc-18d">
         <name>.text.RingBuf_construct</name>
         <load_address>0x351c</load_address>
         <run_address>0x351c</run_address>
         <size>0x2e</size>
         <input_file_ref idref="fl-15"/>
      </object_component>
      <object_component id="oc-14e">
         <name>.text.UART_readBuffered</name>
         <load_address>0x354a</load_address>
         <run_address>0x354a</run_address>
         <size>0x2e</size>
         <input_file_ref idref="fl-12"/>
      </object_component>
      <object_component id="oc-150">
         <name>.text.UART_writeBuffered</name>
         <load_address>0x3578</load_address>
         <run_address>0x3578</run_address>
         <size>0x2e</size>
         <input_file_ref idref="fl-12"/>
      </object_component>
      <object_component id="oc-d7">
         <name>.text.HwiP_inISR</name>
         <load_address>0x35a6</load_address>
         <run_address>0x35a6</run_address>
         <size>0x2c</size>
         <input_file_ref idref="fl-16"/>
      </object_component>
      <object_component id="oc-199">
         <name>.text.__NVIC_EnableIRQ</name>
         <load_address>0x35d4</load_address>
         <run_address>0x35d4</run_address>
         <size>0x2c</size>
         <input_file_ref idref="fl-16"/>
      </object_component>
      <object_component id="oc-2c0">
         <name>.text.unlink</name>
         <load_address>0x3600</load_address>
         <run_address>0x3600</run_address>
         <size>0x2c</size>
         <input_file_ref idref="fl-86"/>
      </object_component>
      <object_component id="oc-18c">
         <name>.text.DL_Common_updateReg</name>
         <load_address>0x362c</load_address>
         <run_address>0x362c</run_address>
         <size>0x28</size>
         <input_file_ref idref="fl-19"/>
      </object_component>
      <object_component id="oc-190">
         <name>.text.DL_Common_updateReg</name>
         <load_address>0x3654</load_address>
         <run_address>0x3654</run_address>
         <size>0x28</size>
         <input_file_ref idref="fl-1a"/>
      </object_component>
      <object_component id="oc-193">
         <name>.text.DL_Common_updateReg</name>
         <load_address>0x367c</load_address>
         <run_address>0x367c</run_address>
         <size>0x28</size>
         <input_file_ref idref="fl-13"/>
      </object_component>
      <object_component id="oc-104">
         <name>.text.DL_DMA_setDestAddr</name>
         <load_address>0x36a4</load_address>
         <run_address>0x36a4</run_address>
         <size>0x28</size>
         <input_file_ref idref="fl-14"/>
      </object_component>
      <object_component id="oc-103">
         <name>.text.DL_DMA_setSrcAddr</name>
         <load_address>0x36cc</load_address>
         <run_address>0x36cc</run_address>
         <size>0x28</size>
         <input_file_ref idref="fl-14"/>
      </object_component>
      <object_component id="oc-143">
         <name>.text.DL_UART_setRXFIFOThreshold</name>
         <load_address>0x36f4</load_address>
         <run_address>0x36f4</run_address>
         <size>0x28</size>
         <input_file_ref idref="fl-13"/>
      </object_component>
      <object_component id="oc-144">
         <name>.text.DL_UART_setTXFIFOThreshold</name>
         <load_address>0x371c</load_address>
         <run_address>0x371c</run_address>
         <size>0x28</size>
         <input_file_ref idref="fl-13"/>
      </object_component>
      <object_component id="oc-210">
         <name>.text.free_list_insert</name>
         <load_address>0x3744</load_address>
         <run_address>0x3744</run_address>
         <size>0x28</size>
         <input_file_ref idref="fl-37"/>
      </object_component>
      <object_component id="oc-257">
         <name>.text.lseek</name>
         <load_address>0x376c</load_address>
         <run_address>0x376c</run_address>
         <size>0x28</size>
         <input_file_ref idref="fl-84"/>
      </object_component>
      <object_component id="oc-17e">
         <name>.text.write</name>
         <load_address>0x3794</load_address>
         <run_address>0x3794</run_address>
         <size>0x28</size>
         <input_file_ref idref="fl-80"/>
      </object_component>
      <object_component id="oc-4d">
         <name>.text:_c_int00_noargs</name>
         <load_address>0x37bc</load_address>
         <run_address>0x37bc</run_address>
         <size>0x28</size>
         <input_file_ref idref="fl-3b"/>
      </object_component>
      <object_component id="oc-fd">
         <name>.text.DL_DMA_disableChannel</name>
         <load_address>0x37e4</load_address>
         <run_address>0x37e4</run_address>
         <size>0x26</size>
         <input_file_ref idref="fl-14"/>
      </object_component>
      <object_component id="oc-107">
         <name>.text.DL_DMA_enableChannel</name>
         <load_address>0x380a</load_address>
         <run_address>0x380a</run_address>
         <size>0x26</size>
         <input_file_ref idref="fl-14"/>
      </object_component>
      <object_component id="oc-108">
         <name>.text.DL_DMA_startTransfer</name>
         <load_address>0x3830</load_address>
         <run_address>0x3830</run_address>
         <size>0x26</size>
         <input_file_ref idref="fl-14"/>
      </object_component>
      <object_component id="oc-ff">
         <name>.text.DL_DMA_getTransferSize</name>
         <load_address>0x3858</load_address>
         <run_address>0x3858</run_address>
         <size>0x24</size>
         <input_file_ref idref="fl-14"/>
      </object_component>
      <object_component id="oc-13f">
         <name>.text.DL_UART_setClockConfig</name>
         <load_address>0x387c</load_address>
         <run_address>0x387c</run_address>
         <size>0x24</size>
         <input_file_ref idref="fl-1a"/>
      </object_component>
      <object_component id="oc-20b">
         <name>.text.HwiP_Params_init</name>
         <load_address>0x38a0</load_address>
         <run_address>0x38a0</run_address>
         <size>0x24</size>
         <input_file_ref idref="fl-16"/>
      </object_component>
      <object_component id="oc-154">
         <name>.text.memccpy</name>
         <load_address>0x38c4</load_address>
         <run_address>0x38c4</run_address>
         <size>0x24</size>
         <input_file_ref idref="fl-36"/>
      </object_component>
      <object_component id="oc-209">
         <name>.text.SemaphoreP_create</name>
         <load_address>0x38e8</load_address>
         <run_address>0x38e8</run_address>
         <size>0x22</size>
         <input_file_ref idref="fl-17"/>
      </object_component>
      <object_component id="oc-13c">
         <name>.text.DL_GPIO_initPeripheralInputFunction</name>
         <load_address>0x390c</load_address>
         <run_address>0x390c</run_address>
         <size>0x20</size>
         <input_file_ref idref="fl-13"/>
      </object_component>
      <object_component id="oc-194">
         <name>.text.DMA_Params_init</name>
         <load_address>0x392c</load_address>
         <run_address>0x392c</run_address>
         <size>0x20</size>
         <input_file_ref idref="fl-14"/>
      </object_component>
      <object_component id="oc-d8">
         <name>.text.DisablePowerPolicy</name>
         <load_address>0x394c</load_address>
         <run_address>0x394c</run_address>
         <size>0x20</size>
         <input_file_ref idref="fl-17"/>
      </object_component>
      <object_component id="oc-2b">
         <name>.text.HardFault_Handler</name>
         <load_address>0x396c</load_address>
         <run_address>0x396c</run_address>
         <size>0x20</size>
         <input_file_ref idref="fl-3"/>
      </object_component>
      <object_component id="oc-9b">
         <name>.text.UART_Params_init</name>
         <load_address>0x398c</load_address>
         <run_address>0x398c</run_address>
         <size>0x20</size>
         <input_file_ref idref="fl-12"/>
      </object_component>
      <object_component id="oc-191">
         <name>.text.DL_UART_setOversampling</name>
         <load_address>0x39ac</load_address>
         <run_address>0x39ac</run_address>
         <size>0x1e</size>
         <input_file_ref idref="fl-1a"/>
      </object_component>
      <object_component id="oc-21b">
         <name>.text.HwiP_destruct</name>
         <load_address>0x39ca</load_address>
         <run_address>0x39ca</run_address>
         <size>0x1e</size>
         <input_file_ref idref="fl-16"/>
      </object_component>
      <object_component id="oc-18e">
         <name>.text.SemaphoreP_createBinary</name>
         <load_address>0x39e8</load_address>
         <run_address>0x39e8</run_address>
         <size>0x1e</size>
         <input_file_ref idref="fl-17"/>
      </object_component>
      <object_component id="oc-20e">
         <name>.text.DL_DMA_enableInterrupt</name>
         <load_address>0x3a08</load_address>
         <run_address>0x3a08</run_address>
         <size>0x1c</size>
         <input_file_ref idref="fl-14"/>
      </object_component>
      <object_component id="oc-13b">
         <name>.text.DL_GPIO_initPeripheralOutputFunction</name>
         <load_address>0x3a24</load_address>
         <run_address>0x3a24</run_address>
         <size>0x1c</size>
         <input_file_ref idref="fl-13"/>
      </object_component>
      <object_component id="oc-254">
         <name>.text.DL_Interrupt_unregisterInterrupt</name>
         <load_address>0x3a40</load_address>
         <run_address>0x3a40</run_address>
         <size>0x1c</size>
         <input_file_ref idref="fl-1b"/>
      </object_component>
      <object_component id="oc-c6">
         <name>.text.DL_UART_disableDMAReceiveEvent</name>
         <load_address>0x3a5c</load_address>
         <run_address>0x3a5c</run_address>
         <size>0x1c</size>
         <input_file_ref idref="fl-13"/>
      </object_component>
      <object_component id="oc-88">
         <name>.text.DL_UART_disableInterrupt</name>
         <load_address>0x3a78</load_address>
         <run_address>0x3a78</run_address>
         <size>0x1c</size>
         <input_file_ref idref="fl-13"/>
      </object_component>
      <object_component id="oc-87">
         <name>.text.DL_UART_enableInterrupt</name>
         <load_address>0x3a94</load_address>
         <run_address>0x3a94</run_address>
         <size>0x1c</size>
         <input_file_ref idref="fl-13"/>
      </object_component>
      <object_component id="oc-c7">
         <name>.text.DMAMSPM0_getCurrTransferSize</name>
         <load_address>0x3ab0</load_address>
         <run_address>0x3ab0</run_address>
         <size>0x1c</size>
         <input_file_ref idref="fl-14"/>
      </object_component>
      <object_component id="oc-20f">
         <name>.text.free_list_remove</name>
         <load_address>0x3acc</load_address>
         <run_address>0x3acc</run_address>
         <size>0x1c</size>
         <input_file_ref idref="fl-37"/>
      </object_component>
      <object_component id="oc-5e">
         <name>.text</name>
         <load_address>0x3ae8</load_address>
         <run_address>0x3ae8</run_address>
         <size>0x1c</size>
         <input_file_ref idref="fl-99"/>
      </object_component>
      <object_component id="oc-fc">
         <name>.text.DL_DMA_clearInterruptStatus</name>
         <load_address>0x3b04</load_address>
         <run_address>0x3b04</run_address>
         <size>0x18</size>
         <input_file_ref idref="fl-14"/>
      </object_component>
      <object_component id="oc-14a">
         <name>.text.DL_UART_clearInterruptStatus</name>
         <load_address>0x3b1c</load_address>
         <run_address>0x3b1c</run_address>
         <size>0x18</size>
         <input_file_ref idref="fl-13"/>
      </object_component>
      <object_component id="oc-c9">
         <name>.text.DL_UART_enableDMAReceiveEvent</name>
         <load_address>0x3b34</load_address>
         <run_address>0x3b34</run_address>
         <size>0x18</size>
         <input_file_ref idref="fl-13"/>
      </object_component>
      <object_component id="oc-d6">
         <name>.text.DL_UART_enableDMATransmitEvent</name>
         <load_address>0x3b4c</load_address>
         <run_address>0x3b4c</run_address>
         <size>0x18</size>
         <input_file_ref idref="fl-13"/>
      </object_component>
      <object_component id="oc-142">
         <name>.text.DL_UART_enableFIFOs</name>
         <load_address>0x3b64</load_address>
         <run_address>0x3b64</run_address>
         <size>0x18</size>
         <input_file_ref idref="fl-13"/>
      </object_component>
      <object_component id="oc-13e">
         <name>.text.DL_UART_enablePower</name>
         <load_address>0x3b7c</load_address>
         <run_address>0x3b7c</run_address>
         <size>0x18</size>
         <input_file_ref idref="fl-13"/>
      </object_component>
      <object_component id="oc-7b">
         <name>.text.DL_UART_getEnabledInterruptStatus</name>
         <load_address>0x3b94</load_address>
         <run_address>0x3b94</run_address>
         <size>0x18</size>
         <input_file_ref idref="fl-13"/>
      </object_component>
      <object_component id="oc-7e">
         <name>.text.DL_UART_isRXFIFOEmpty</name>
         <load_address>0x3bac</load_address>
         <run_address>0x3bac</run_address>
         <size>0x18</size>
         <input_file_ref idref="fl-13"/>
      </object_component>
      <object_component id="oc-8c">
         <name>.text.DL_UART_isTXFIFOFull</name>
         <load_address>0x3bc4</load_address>
         <run_address>0x3bc4</run_address>
         <size>0x18</size>
         <input_file_ref idref="fl-13"/>
      </object_component>
      <object_component id="oc-13d">
         <name>.text.DL_UART_reset</name>
         <load_address>0x3bdc</load_address>
         <run_address>0x3bdc</run_address>
         <size>0x18</size>
         <input_file_ref idref="fl-13"/>
      </object_component>
      <object_component id="oc-283">
         <name>.text.IdleFunc</name>
         <load_address>0x3bf4</load_address>
         <run_address>0x3bf4</run_address>
         <size>0x18</size>
         <input_file_ref idref="fl-17"/>
      </object_component>
      <object_component id="oc-208">
         <name>.text.SemaphoreP_Params_init</name>
         <load_address>0x3c0c</load_address>
         <run_address>0x3c0c</run_address>
         <size>0x18</size>
         <input_file_ref idref="fl-17"/>
      </object_component>
      <object_component id="oc-54">
         <name>.text.prvGetRegistersFromStack</name>
         <load_address>0x3c24</load_address>
         <run_address>0x3c24</run_address>
         <size>0x18</size>
         <input_file_ref idref="fl-3"/>
      </object_component>
      <object_component id="oc-102">
         <name>.text.DL_DMA_disableRoundRobinPriority</name>
         <load_address>0x3c3c</load_address>
         <run_address>0x3c3c</run_address>
         <size>0x16</size>
         <input_file_ref idref="fl-14"/>
      </object_component>
      <object_component id="oc-101">
         <name>.text.DL_DMA_enableRoundRobinPriority</name>
         <load_address>0x3c52</load_address>
         <run_address>0x3c52</run_address>
         <size>0x16</size>
         <input_file_ref idref="fl-14"/>
      </object_component>
      <object_component id="oc-18f">
         <name>.text.DL_UART_disable</name>
         <load_address>0x3c68</load_address>
         <run_address>0x3c68</run_address>
         <size>0x16</size>
         <input_file_ref idref="fl-1a"/>
      </object_component>
      <object_component id="oc-14b">
         <name>.text.DL_UART_disable</name>
         <load_address>0x3c7e</load_address>
         <run_address>0x3c7e</run_address>
         <size>0x16</size>
         <input_file_ref idref="fl-13"/>
      </object_component>
      <object_component id="oc-147">
         <name>.text.DL_UART_enable</name>
         <load_address>0x3c94</load_address>
         <run_address>0x3c94</run_address>
         <size>0x16</size>
         <input_file_ref idref="fl-13"/>
      </object_component>
      <object_component id="oc-8b">
         <name>.text.DL_UART_transmitData</name>
         <load_address>0x3caa</load_address>
         <run_address>0x3caa</run_address>
         <size>0x16</size>
         <input_file_ref idref="fl-13"/>
      </object_component>
      <object_component id="oc-1a3">
         <name>.text.HwiP_delete</name>
         <load_address>0x3cc0</load_address>
         <run_address>0x3cc0</run_address>
         <size>0x16</size>
         <input_file_ref idref="fl-16"/>
      </object_component>
      <object_component id="oc-14c">
         <name>.text.SemaphoreP_delete</name>
         <load_address>0x3cd6</load_address>
         <run_address>0x3cd6</run_address>
         <size>0x16</size>
         <input_file_ref idref="fl-17"/>
      </object_component>
      <object_component id="oc-217">
         <name>.text.ClockP_isActive</name>
         <load_address>0x3cec</load_address>
         <run_address>0x3cec</run_address>
         <size>0x14</size>
         <input_file_ref idref="fl-18"/>
      </object_component>
      <object_component id="oc-100">
         <name>.text.DL_DMA_isRoundRobinPriorityEnabled</name>
         <load_address>0x3d00</load_address>
         <run_address>0x3d00</run_address>
         <size>0x14</size>
         <input_file_ref idref="fl-14"/>
      </object_component>
      <object_component id="oc-28a">
         <name>.text.DL_SYSTICK_setPeriod</name>
         <load_address>0x3d14</load_address>
         <run_address>0x3d14</run_address>
         <size>0x14</size>
         <input_file_ref idref="fl-18"/>
      </object_component>
      <object_component id="oc-ce">
         <name>.text.DL_UART_disableDMATransmitEvent</name>
         <load_address>0x3d28</load_address>
         <run_address>0x3d28</run_address>
         <size>0x14</size>
         <input_file_ref idref="fl-13"/>
      </object_component>
      <object_component id="oc-7f">
         <name>.text.DL_UART_receiveData</name>
         <load_address>0x3d3c</load_address>
         <run_address>0x3d3c</run_address>
         <size>0x14</size>
         <input_file_ref idref="fl-13"/>
      </object_component>
      <object_component id="oc-cf">
         <name>.text.HwiP_disable</name>
         <load_address>0x3d50</load_address>
         <run_address>0x3d50</run_address>
         <size>0x14</size>
         <input_file_ref idref="fl-16"/>
      </object_component>
      <object_component id="oc-149">
         <name>.text.HwiP_disableInterrupt</name>
         <load_address>0x3d64</load_address>
         <run_address>0x3d64</run_address>
         <size>0x14</size>
         <input_file_ref idref="fl-16"/>
      </object_component>
      <object_component id="oc-146">
         <name>.text.HwiP_enableInterrupt</name>
         <load_address>0x3d78</load_address>
         <run_address>0x3d78</run_address>
         <size>0x14</size>
         <input_file_ref idref="fl-16"/>
      </object_component>
      <object_component id="oc-d5">
         <name>.text.HwiP_restore</name>
         <load_address>0x3d8c</load_address>
         <run_address>0x3d8c</run_address>
         <size>0x14</size>
         <input_file_ref idref="fl-16"/>
      </object_component>
      <object_component id="oc-44">
         <name>.text:decompress:ZI:__TI_zero_init_nomemset</name>
         <load_address>0x3da0</load_address>
         <run_address>0x3da0</run_address>
         <size>0x14</size>
         <input_file_ref idref="fl-38"/>
      </object_component>
      <object_component id="oc-24d">
         <name>.text.DL_DMA_getPendingInterrupt</name>
         <load_address>0x3db4</load_address>
         <run_address>0x3db4</run_address>
         <size>0x12</size>
         <input_file_ref idref="fl-14"/>
      </object_component>
      <object_component id="oc-e5">
         <name>.text.UART_callbackObject</name>
         <load_address>0x3dc6</load_address>
         <run_address>0x3dc6</run_address>
         <size>0x12</size>
         <input_file_ref idref="fl-12"/>
      </object_component>
      <object_component id="oc-79">
         <name>.text.UART_callbackObject</name>
         <load_address>0x3dd8</load_address>
         <run_address>0x3dd8</run_address>
         <size>0x12</size>
         <input_file_ref idref="fl-13"/>
      </object_component>
      <object_component id="oc-117">
         <name>.text.UART_eventCallbackObject</name>
         <load_address>0x3dea</load_address>
         <run_address>0x3dea</run_address>
         <size>0x12</size>
         <input_file_ref idref="fl-12"/>
      </object_component>
      <object_component id="oc-7a">
         <name>.text.UART_eventCallbackObject</name>
         <load_address>0x3dfc</load_address>
         <run_address>0x3dfc</run_address>
         <size>0x12</size>
         <input_file_ref idref="fl-13"/>
      </object_component>
      <object_component id="oc-20">
         <name>.text:decompress:none</name>
         <load_address>0x3e0e</load_address>
         <run_address>0x3e0e</run_address>
         <size>0x12</size>
         <input_file_ref idref="fl-39"/>
      </object_component>
      <object_component id="oc-28d">
         <name>.text.DL_SYSTICK_enable</name>
         <load_address>0x3e20</load_address>
         <run_address>0x3e20</run_address>
         <size>0x10</size>
         <input_file_ref idref="fl-18"/>
      </object_component>
      <object_component id="oc-28c">
         <name>.text.DL_SYSTICK_enableInterrupt</name>
         <load_address>0x3e30</load_address>
         <run_address>0x3e30</run_address>
         <size>0x10</size>
         <input_file_ref idref="fl-18"/>
      </object_component>
      <object_component id="oc-d4">
         <name>.text.RingBuf_space</name>
         <load_address>0x3e40</load_address>
         <run_address>0x3e40</run_address>
         <size>0x10</size>
         <input_file_ref idref="fl-15"/>
      </object_component>
      <object_component id="oc-7c">
         <name>.text.RingBuf_space</name>
         <load_address>0x3e50</load_address>
         <run_address>0x3e50</run_address>
         <size>0x10</size>
         <input_file_ref idref="fl-13"/>
      </object_component>
      <object_component id="oc-2d">
         <name>.text.UART1_IRQHandler</name>
         <load_address>0x3e60</load_address>
         <run_address>0x3e60</run_address>
         <size>0x10</size>
         <input_file_ref idref="fl-1"/>
      </object_component>
      <object_component id="oc-148">
         <name>.text.UARTMSP_eventCallback</name>
         <load_address>0x3e70</load_address>
         <run_address>0x3e70</run_address>
         <size>0xe</size>
         <input_file_ref idref="fl-13"/>
      </object_component>
      <object_component id="oc-2b9">
         <name>.text.strcpy</name>
         <load_address>0x3e7e</load_address>
         <run_address>0x3e7e</run_address>
         <size>0xe</size>
         <input_file_ref idref="fl-8b"/>
      </object_component>
      <object_component id="oc-153">
         <name>.text.strlen</name>
         <load_address>0x3e8c</load_address>
         <run_address>0x3e8c</run_address>
         <size>0xe</size>
         <input_file_ref idref="fl-28"/>
      </object_component>
      <object_component id="oc-2ba">
         <name>.text.strlen</name>
         <load_address>0x3e9a</load_address>
         <run_address>0x3e9a</run_address>
         <size>0xe</size>
         <input_file_ref idref="fl-8b"/>
      </object_component>
      <object_component id="oc-28b">
         <name>.text.DL_SYSTICK_resetValue</name>
         <load_address>0x3ea8</load_address>
         <run_address>0x3ea8</run_address>
         <size>0xc</size>
         <input_file_ref idref="fl-18"/>
      </object_component>
      <object_component id="oc-218">
         <name>.text.EnablePowerPolicy</name>
         <load_address>0x3eb4</load_address>
         <run_address>0x3eb4</run_address>
         <size>0xc</size>
         <input_file_ref idref="fl-17"/>
      </object_component>
      <object_component id="oc-76">
         <name>.text.UART_HWAttrs_Ptr</name>
         <load_address>0x3ec0</load_address>
         <run_address>0x3ec0</run_address>
         <size>0xc</size>
         <input_file_ref idref="fl-13"/>
      </object_component>
      <object_component id="oc-e7">
         <name>.text.UART_Obj_Ptr</name>
         <load_address>0x3ecc</load_address>
         <run_address>0x3ecc</run_address>
         <size>0xc</size>
         <input_file_ref idref="fl-12"/>
      </object_component>
      <object_component id="oc-77">
         <name>.text.UART_Obj_Ptr</name>
         <load_address>0x3ed8</load_address>
         <run_address>0x3ed8</run_address>
         <size>0xc</size>
         <input_file_ref idref="fl-13"/>
      </object_component>
      <object_component id="oc-152">
         <name>.text.UART_buffersObject</name>
         <load_address>0x3ee4</load_address>
         <run_address>0x3ee4</run_address>
         <size>0xc</size>
         <input_file_ref idref="fl-12"/>
      </object_component>
      <object_component id="oc-78">
         <name>.text.UART_buffersObject</name>
         <load_address>0x3ef0</load_address>
         <run_address>0x3ef0</run_address>
         <size>0xc</size>
         <input_file_ref idref="fl-13"/>
      </object_component>
      <object_component id="oc-23c">
         <name>.text.malloc</name>
         <load_address>0x3efc</load_address>
         <run_address>0x3efc</run_address>
         <size>0xc</size>
         <input_file_ref idref="fl-37"/>
      </object_component>
      <object_component id="oc-19b">
         <name>.text.SemaphoreP_destruct</name>
         <load_address>0x3f08</load_address>
         <run_address>0x3f08</run_address>
         <size>0x8</size>
         <input_file_ref idref="fl-17"/>
      </object_component>
      <object_component id="oc-2c">
         <name>.text.SysTick_Handler</name>
         <load_address>0x3f10</load_address>
         <run_address>0x3f10</run_address>
         <size>0x8</size>
         <input_file_ref idref="fl-18"/>
      </object_component>
      <object_component id="oc-ec">
         <name>.text._outc</name>
         <load_address>0x3f18</load_address>
         <run_address>0x3f18</run_address>
         <size>0x8</size>
         <input_file_ref idref="fl-27"/>
      </object_component>
      <object_component id="oc-eb">
         <name>.text._outs</name>
         <load_address>0x3f20</load_address>
         <run_address>0x3f20</run_address>
         <size>0x8</size>
         <input_file_ref idref="fl-27"/>
      </object_component>
      <object_component id="oc-21a">
         <name>.text.clkFxn</name>
         <load_address>0x3f28</load_address>
         <run_address>0x3f28</run_address>
         <size>0x8</size>
         <input_file_ref idref="fl-17"/>
      </object_component>
      <object_component id="oc-1f5">
         <name>.text.fseek</name>
         <load_address>0x3f30</load_address>
         <run_address>0x3f30</run_address>
         <size>0x8</size>
         <input_file_ref idref="fl-41"/>
      </object_component>
      <object_component id="oc-298">
         <name>.text.remove</name>
         <load_address>0x3f38</load_address>
         <run_address>0x3f38</run_address>
         <size>0x8</size>
         <input_file_ref idref="fl-82"/>
      </object_component>
      <object_component id="oc-3d">
         <name>.text</name>
         <load_address>0x3f40</load_address>
         <run_address>0x3f40</run_address>
         <size>0x8</size>
         <input_file_ref idref="fl-98"/>
      </object_component>
      <object_component id="oc-26">
         <name>.text.Reset_Handler</name>
         <load_address>0x3f48</load_address>
         <run_address>0x3f48</run_address>
         <size>0x4</size>
         <input_file_ref idref="fl-3"/>
      </object_component>
      <object_component id="oc-62">
         <name>.text._system_pre_init</name>
         <load_address>0x3f4c</load_address>
         <run_address>0x3f4c</run_address>
         <size>0x4</size>
         <input_file_ref idref="fl-45"/>
      </object_component>
      <object_component id="oc-ac">
         <name>.text:abort</name>
         <load_address>0x3f50</load_address>
         <run_address>0x3f50</run_address>
         <size>0x4</size>
         <input_file_ref idref="fl-30"/>
      </object_component>
      <object_component id="oc-314">
         <name>.cinit..data.load</name>
         <load_address>0x4010</load_address>
         <run_address>0x4010</run_address>
         <size>0x81</size>
      </object_component>
      <object_component id="oc-311">
         <name>__TI_handler_table</name>
         <load_address>0x4094</load_address>
         <run_address>0x4094</run_address>
         <size>0xc</size>
      </object_component>
      <object_component id="oc-315">
         <name>.cinit..bss.load</name>
         <load_address>0x40a0</load_address>
         <run_address>0x40a0</run_address>
         <size>0x8</size>
      </object_component>
      <object_component id="oc-313">
         <name>.cinit..vtable.load</name>
         <load_address>0x40a8</load_address>
         <run_address>0x40a8</run_address>
         <size>0x8</size>
      </object_component>
      <object_component id="oc-312">
         <name>__TI_cinit_table</name>
         <load_address>0x40b0</load_address>
         <run_address>0x40b0</run_address>
         <size>0x18</size>
      </object_component>
      <object_component id="oc-20a">
         <name>.rodata.DMA_Ch_defaultParams</name>
         <load_address>0x3f58</load_address>
         <run_address>0x3f58</run_address>
         <size>0x2c</size>
         <input_file_ref idref="fl-14"/>
      </object_component>
      <object_component id="oc-90">
         <name>.rodata.UARTMSPHWAttrs</name>
         <load_address>0x3f84</load_address>
         <run_address>0x3f84</run_address>
         <size>0x24</size>
         <input_file_ref idref="fl-1"/>
      </object_component>
      <object_component id="oc-e4">
         <name>.rodata.UART_defaultParams</name>
         <load_address>0x3fa8</load_address>
         <run_address>0x3fa8</run_address>
         <size>0x24</size>
         <input_file_ref idref="fl-13"/>
      </object_component>
      <object_component id="oc-158">
         <name>.rodata.str1.1</name>
         <load_address>0x3fcc</load_address>
         <run_address>0x3fcc</run_address>
         <size>0x22</size>
         <input_file_ref idref="fl-28"/>
      </object_component>
      <object_component id="oc-a4">
         <name>.rodata.CONFIG_UART_0</name>
         <load_address>0x3fee</load_address>
         <run_address>0x3fee</run_address>
         <size>0x1</size>
         <input_file_ref idref="fl-1"/>
      </object_component>
      <object_component id="oc-e6">
         <name>.rodata.UART_count</name>
         <load_address>0x3fef</load_address>
         <run_address>0x3fef</run_address>
         <size>0x1</size>
         <input_file_ref idref="fl-1"/>
      </object_component>
      <object_component id="oc-db">
[...]
      <symbol id="sm-160">
         <name>DMAMSPM0_getCurrTransferSize</name>
         <value>0x3ab1</value>
         <object_component_ref idref="oc-c7"/>
      </symbol>
      <symbol id="sm-161">
         <name>DMA_Init</name>
         <value>0x290d</value>
         <object_component_ref idref="oc-145"/>
      </symbol>
      <symbol id="sm-162">
         <name>DMAMSPM0_copyDMAParams</name>
         <value>0x2fa1</value>
         <object_component_ref idref="oc-197"/>
      </symbol>
      <symbol id="sm-16f">
         <name>RingBuf_construct</name>
         <value>0x351d</value>
         <object_component_ref idref="oc-18d"/>
      </symbol>
      <symbol id="sm-170">
         <name>RingBuf_get</name>
         <value>0x2a9b</value>
         <object_component_ref idref="oc-8a"/>
      </symbol>
      <symbol id="sm-171">
         <name>RingBuf_getConsume</name>
         <value>0x2dcb</value>
         <object_component_ref idref="oc-cd"/>
      </symbol>
      <symbol id="sm-172">
         <name>RingBuf_getn</name>
         <value>0x22ed</value>
         <object_component_ref idref="oc-21c"/>
      </symbol>
      <symbol id="sm-173">
         <name>RingBuf_getPointer</name>
         <value>0x3191</value>
         <object_component_ref idref="oc-cc"/>
      </symbol>
      <symbol id="sm-174">
         <name>RingBuf_put</name>
         <value>0x2165</value>
         <object_component_ref idref="oc-89"/>
      </symbol>
      <symbol id="sm-175">
         <name>RingBuf_putAdvance</name>
         <value>0x2365</value>
         <object_component_ref idref="oc-85"/>
      </symbol>
      <symbol id="sm-176">
         <name>RingBuf_putn</name>
         <value>0x1f25</value>
         <object_component_ref idref="oc-21d"/>
      </symbol>
      <symbol id="sm-177">
         <name>RingBuf_putPointer</name>
         <value>0x2d21</value>
         <object_component_ref idref="oc-84"/>
      </symbol>
      <symbol id="sm-191">
         <name>HwiP_disable</name>
         <value>0x3d51</value>
         <object_component_ref idref="oc-cf"/>
      </symbol>
      <symbol id="sm-192">
         <name>HwiP_restore</name>
         <value>0x3d8d</value>
         <object_component_ref idref="oc-d5"/>
      </symbol>
      <symbol id="sm-193">
         <name>HwiP_disableInterrupt</name>
         <value>0x3d65</value>
         <object_component_ref idref="oc-149"/>
      </symbol>
      <symbol id="sm-194">
         <name>HwiP_enableInterrupt</name>
         <value>0x3d79</value>
         <object_component_ref idref="oc-146"/>
      </symbol>
      <symbol id="sm-195">
         <name>HwiP_construct</name>
         <value>0x1761</value>
         <object_component_ref idref="oc-24c"/>
      </symbol>
      <symbol id="sm-196">
         <name>HwiP_Params_init</name>
         <value>0x38a1</value>
         <object_component_ref idref="oc-20b"/>
      </symbol>
      <symbol id="sm-197">
         <name>HwiP_swiPIntNum</name>
         <value>0x20200b20</value>
         <object_component_ref idref="oc-287"/>
      </symbol>
      <symbol id="sm-198">
         <name>HwiP_dispatch</name>
         <value>0x3381</value>
         <object_component_ref idref="oc-289"/>
      </symbol>
      <symbol id="sm-199">
         <name>HwiP_create</name>
         <value>0x314d</value>
         <object_component_ref idref="oc-20c"/>
      </symbol>
      <symbol id="sm-19a">
         <name>HwiP_delete</name>
         <value>0x3cc1</value>
         <object_component_ref idref="oc-1a3"/>
      </symbol>
      <symbol id="sm-19b">
         <name>HwiP_destruct</name>
         <value>0x39cb</value>
         <object_component_ref idref="oc-21b"/>
      </symbol>
      <symbol id="sm-19c">
         <name>HwiP_inISR</name>
         <value>0x35a7</value>
         <object_component_ref idref="oc-d7"/>
      </symbol>
      <symbol id="sm-1bc">
         <name>clkFxn</name>
         <value>0x3f29</value>
         <object_component_ref idref="oc-21a"/>
      </symbol>
      <symbol id="sm-1bd">
         <name>SemaphoreP_construct</name>
         <value>0x1df5</value>
         <object_component_ref idref="oc-24b"/>
      </symbol>
      <symbol id="sm-1be">
         <name>SemaphoreP_Params_init</name>
         <value>0x3c0d</value>
         <object_component_ref idref="oc-208"/>
      </symbol>
      <symbol id="sm-1bf">
         <name>SemaphoreP_defaultParams</name>
         <value>0x20200b14</value>
         <object_component_ref idref="oc-24a"/>
      </symbol>
      <symbol id="sm-1c0">
         <name>SemaphoreP_create</name>
         <value>0x38e9</value>
         <object_component_ref idref="oc-209"/>
      </symbol>
      <symbol id="sm-1c1">
         <name>SemaphoreP_createBinary</name>
         <value>0x39e9</value>
         <object_component_ref idref="oc-18e"/>
      </symbol>
      <symbol id="sm-1c2">
         <name>SemaphoreP_destruct</name>
         <value>0x3f09</value>
         <object_component_ref idref="oc-19b"/>
      </symbol>
      <symbol id="sm-1c3">
         <name>SemaphoreP_delete</name>
         <value>0x3cd7</value>
         <object_component_ref idref="oc-14c"/>
      </symbol>
      <symbol id="sm-1c4">
         <name>SemaphoreP_pend</name>
         <value>0x122d</value>
         <object_component_ref idref="oc-1a2"/>
      </symbol>
      <symbol id="sm-1c5">
         <name>SemaphoreP_post</name>
         <value>0x27d5</value>
         <object_component_ref idref="oc-8d"/>
      </symbol>
      <symbol id="sm-1ea">
         <name>ClockP_sysTickHandler</name>
         <value>0x20dd</value>
         <object_component_ref idref="oc-55"/>
      </symbol>
      <symbol id="sm-1eb">
         <name>ClockP_ctrl</name>
         <value>0x20200d90</value>
      </symbol>
      <symbol id="sm-1ec">
         <name>ClockP_add</name>
         <value>0x34b9</value>
         <object_component_ref idref="oc-215"/>
      </symbol>
      <symbol id="sm-1ed">
         <name>ClockP_startup</name>
         <value>0x3299</value>
         <object_component_ref idref="oc-214"/>
      </symbol>
      <symbol id="sm-1ee">
         <name>ClockP_start</name>
         <value>0x30c5</value>
         <object_component_ref idref="oc-216"/>
      </symbol>
      <symbol id="sm-1ef">
         <name>ClockP_tickPeriod</name>
         <value>0x20200b1c</value>
         <object_component_ref idref="oc-251"/>
      </symbol>
      <symbol id="sm-1f0">
         <name>ClockP_stop</name>
         <value>0x1985</value>
         <object_component_ref idref="oc-253"/>
      </symbol>
      <symbol id="sm-1f1">
         <name>ClockP_destruct</name>
         <value>0x1d5d</value>
         <object_component_ref idref="oc-219"/>
      </symbol>
      <symbol id="sm-1f2">
         <name>ClockP_isActive</name>
         <value>0x3ced</value>
         <object_component_ref idref="oc-217"/>
      </symbol>
      <symbol id="sm-1f3">
         <name>SysTick_Handler</name>
         <value>0x3f11</value>
         <object_component_ref idref="oc-2c"/>
      </symbol>
      <symbol id="sm-1fd">
         <name>DL_DMA_initChannel</name>
         <value>0x307d</value>
         <object_component_ref idref="oc-105"/>
      </symbol>
      <symbol id="sm-20d">
         <name>DL_UART_init</name>
         <value>0x2ebd</value>
         <object_component_ref idref="oc-140"/>
      </symbol>
      <symbol id="sm-20e">
         <name>DL_UART_setClockConfig</name>
         <value>0x387d</value>
         <object_component_ref idref="oc-13f"/>
      </symbol>
      <symbol id="sm-20f">
         <name>DL_UART_configBaudRate</name>
         <value>0x204d</value>
         <object_component_ref idref="oc-141"/>
      </symbol>
      <symbol id="sm-217">
         <name>DL_Interrupt_registerInterrupt</name>
         <value>0x2b5d</value>
         <object_component_ref idref="oc-285"/>
      </symbol>
      <symbol id="sm-218">
         <name>DL_Interrupt_unregisterInterrupt</name>
         <value>0x3a41</value>
         <object_component_ref idref="oc-254"/>
      </symbol>
      <symbol id="sm-229">
         <name>fprintf</name>
         <value>0x2c15</value>
         <object_component_ref idref="oc-9e"/>
      </symbol>
      <symbol id="sm-23f">
         <name>__TI_printfi_minimal</name>
         <value>0x48d</value>
         <object_component_ref idref="oc-118"/>
      </symbol>
      <symbol id="sm-24a">
         <name>fputc</name>
         <value>0x1fbd</value>
         <object_component_ref idref="oc-12c"/>
      </symbol>
      <symbol id="sm-255">
         <name>fputs</name>
         <value>0x1329</value>
         <object_component_ref idref="oc-126"/>
      </symbol>
      <symbol id="sm-25f">
         <name>__TI_wrt_ok</name>
         <value>0x2971</value>
         <object_component_ref idref="oc-178"/>
      </symbol>
      <symbol id="sm-269">
         <name>setvbuf</name>
         <value>0x1421</value>
         <object_component_ref idref="oc-1fb"/>
      </symbol>
      <symbol id="sm-27a">
         <name>abort</name>
         <value>0x3f51</value>
         <object_component_ref idref="oc-ac"/>
      </symbol>
      <symbol id="sm-27b">
         <name>C$$EXIT</name>
         <value>0x3f50</value>
         <object_component_ref idref="oc-ac"/>
      </symbol>
      <symbol id="sm-27c">
         <name>__TI_cleanup_ptr</name>
         <value>0x20200b0c</value>
         <object_component_ref idref="oc-f5"/>
      </symbol>
      <symbol id="sm-27d">
         <name>__TI_dtors_ptr</name>
         <value>0x20200b10</value>
         <object_component_ref idref="oc-f5"/>
      </symbol>
      <symbol id="sm-27e">
         <name>exit</name>
         <value>0x3485</value>
         <object_component_ref idref="oc-b1"/>
      </symbol>
      <symbol id="sm-287">
         <name>_nop</name>
         <value>0x1fbb</value>
         <object_component_ref idref="oc-120"/>
      </symbol>
      <symbol id="sm-288">
         <name>_lock</name>
         <value>0x20200b28</value>
         <object_component_ref idref="oc-e9"/>
      </symbol>
      <symbol id="sm-289">
         <name>_unlock</name>
         <value>0x20200b2c</value>
         <object_component_ref idref="oc-ed"/>
      </symbol>
      <symbol id="sm-291">
         <name>_ftable</name>
         <value>0x20200800</value>
         <object_component_ref idref="oc-a6"/>
      </symbol>
      <symbol id="sm-292">
         <name>__TI_ft_end</name>
         <value>0x20200b24</value>
         <object_component_ref idref="oc-262"/>
      </symbol>
      <symbol id="sm-293">
         <name>__TI_tmpnams</name>
         <value>0x20200c70</value>
      </symbol>
      <symbol id="sm-29c">
         <name>memccpy</name>
         <value>0x38c5</value>
         <object_component_ref idref="oc-154"/>
      </symbol>
      <symbol id="sm-2bc">
         <name>malloc</name>
         <value>0x3efd</value>
         <object_component_ref idref="oc-23c"/>
      </symbol>
      <symbol id="sm-2bd">
         <name>aligned_alloc</name>
         <value>0xb99</value>
         <object_component_ref idref="oc-25b"/>
      </symbol>
      <symbol id="sm-2be">
         <name>free</name>
         <value>0x112d</value>
         <object_component_ref idref="oc-19c"/>
      </symbol>
      <symbol id="sm-2bf">
         <name>_sys_memory</name>
         <value>0x20200000</value>
         <object_component_ref idref="oc-211"/>
      </symbol>
      <symbol id="sm-2c0">
         <name>memalign</name>
         <value>0xb99</value>
         <object_component_ref idref="oc-25b"/>
      </symbol>
      <symbol id="sm-2ca">
         <name>__TI_zero_init_nomemset</name>
         <value>0x3da1</value>
         <object_component_ref idref="oc-44"/>
      </symbol>
      <symbol id="sm-2d3">
         <name>__TI_decompress_none</name>
         <value>0x3e0f</value>
         <object_component_ref idref="oc-20"/>
      </symbol>
      <symbol id="sm-2de">
         <name>__TI_decompress_lzss</name>
         <value>0x283d</value>
         <object_component_ref idref="oc-1c"/>
      </symbol>
      <symbol id="sm-2e9">
         <name>_c_int00_noargs</name>
         <value>0x37bd</value>
         <object_component_ref idref="oc-4d"/>
      </symbol>
      <symbol id="sm-2ea">
         <name>__stack</name>
         <value>0x20207e00</value>
         <object_component_ref idref="oc-1a"/>
      </symbol>
      <symbol id="sm-2f7">
         <name>__TI_doflush</name>
         <value>0x2e1d</value>
         <object_component_ref idref="oc-182"/>
      </symbol>
      <symbol id="sm-302">
         <name>__TI_cleanup</name>
         <value>0x33e9</value>
         <object_component_ref idref="oc-23d"/>
      </symbol>
      <symbol id="sm-30f">
         <name>fseek</name>
         <value>0x3f31</value>
         <object_component_ref idref="oc-1f5"/>
      </symbol>
      <symbol id="sm-310">
         <name>fseeko</name>
         <value>0x262d</value>
         <object_component_ref idref="oc-239"/>
      </symbol>
      <symbol id="sm-31c">
         <name>__TI_auto_init_nobinit_nopinit</name>
         <value>0x32d5</value>
         <object_component_ref idref="oc-b3"/>
      </symbol>
      <symbol id="sm-324">
         <name>_system_pre_init</name>
         <value>0x3f4d</value>
         <object_component_ref idref="oc-62"/>
      </symbol>
      <symbol id="sm-330">
         <name>__TI_closefile</name>
         <value>0x2271</value>
         <object_component_ref idref="oc-25c"/>
      </symbol>
      <symbol id="sm-33a">
         <name>write</name>
         <value>0x3795</value>
         <object_component_ref idref="oc-17e"/>
      </symbol>
      <symbol id="sm-33f">
         <name>_device</name>
         <value>0x20200a44</value>
         <object_component_ref idref="oc-246"/>
      </symbol>
      <symbol id="sm-340">
         <name>_stream</name>
         <value>0x20200abc</value>
         <object_component_ref idref="oc-201"/>
      </symbol>
      <symbol id="sm-349">
         <name>remove</name>
         <value>0x3f39</value>
         <object_component_ref idref="oc-298"/>
      </symbol>
      <symbol id="sm-354">
         <name>lseek</name>
         <value>0x376d</value>
         <object_component_ref idref="oc-257"/>
      </symbol>
      <symbol id="sm-35e">
         <name>close</name>
         <value>0x2e6d</value>
         <object_component_ref idref="oc-294"/>
      </symbol>
      <symbol id="sm-368">
         <name>unlink</name>
         <value>0x3601</value>
         <object_component_ref idref="oc-2c0"/>
      </symbol>
      <symbol id="sm-372">
         <name>HOSTclose</name>
         <value>0x2fed</value>
         <object_component_ref idref="oc-269"/>
      </symbol>
      <symbol id="sm-37c">
         <name>HOSTlseek</name>
         <value>0x2705</value>
         <object_component_ref idref="oc-275"/>
      </symbol>
      <symbol id="sm-386">
         <name>HOSTopen</name>
         <value>0x2bb9</value>
         <object_component_ref idref="oc-265"/>
      </symbol>
      <symbol id="sm-387">
         <name>parmbuf</name>
         <value>0x20200da8</value>
      </symbol>
      <symbol id="sm-391">
         <name>HOSTread</name>
         <value>0x2c71</value>
         <object_component_ref idref="oc-26d"/>
      </symbol>
      <symbol id="sm-3a2">
         <name>HOSTrename</name>
         <value>0x276d</value>
         <object_component_ref idref="oc-27d"/>
      </symbol>
      <symbol id="sm-3ac">
         <name>HOSTunlink</name>
         <value>0x3035</value>
         <object_component_ref idref="oc-279"/>
      </symbol>
      <symbol id="sm-3b6">
         <name>HOSTwrite</name>
         <value>0x2cc9</value>
         <object_component_ref idref="oc-271"/>
      </symbol>
      <symbol id="sm-3c4">
         <name>C$$IO$$</name>
         <value>0x347b</value>
         <object_component_ref idref="oc-29f"/>
      </symbol>
      <symbol id="sm-3c5">
         <name>__TI_writemsg</name>
         <value>0x3451</value>
         <object_component_ref idref="oc-29f"/>
      </symbol>
      <symbol id="sm-3c6">
         <name>__CIOBUF_</name>
         <value>0x20200b50</value>
         <object_component_ref idref="oc-2c7"/>
      </symbol>
      <symbol id="sm-3c7">
         <name>__TI_readmsg</name>
         <value>0x341d</value>
         <object_component_ref idref="oc-2a5"/>
      </symbol>
      <symbol id="sm-3c8">
         <name>_CIOBUF_</name>
         <value>0x20200b50</value>
         <object_component_ref idref="oc-2c7"/>
      </symbol>
      <symbol id="sm-3ce">
         <name>__aeabi_memcpy</name>
         <value>0x3f41</value>
         <object_component_ref idref="oc-3d"/>
      </symbol>
      <symbol id="sm-3cf">
         <name>__aeabi_memcpy4</name>
         <value>0x3f41</value>
         <object_component_ref idref="oc-3d"/>
      </symbol>
      <symbol id="sm-3d0">
         <name>__aeabi_memcpy8</name>
         <value>0x3f41</value>
         <object_component_ref idref="oc-3d"/>
      </symbol>
      <symbol id="sm-3d6">
         <name>__aeabi_memset</name>
         <value>0x3ae9</value>
         <object_component_ref idref="oc-5e"/>
      </symbol>
      <symbol id="sm-3d7">
         <name>__aeabi_memset4</name>
         <value>0x3ae9</value>
         <object_component_ref idref="oc-5e"/>
      </symbol>
      <symbol id="sm-3d8">
         <name>__aeabi_memset8</name>
         <value>0x3ae9</value>
         <object_component_ref idref="oc-5e"/>
      </symbol>
      <symbol id="sm-3d9">
         <name>__aeabi_memclr</name>
         <value>0x3af9</value>
         <object_component_ref idref="oc-5e"/>
      </symbol>
      <symbol id="sm-3da">
         <name>__aeabi_memclr4</name>
         <value>0x3af9</value>
         <object_component_ref idref="oc-5e"/>
      </symbol>
      <symbol id="sm-3db">
         <name>__aeabi_memclr8</name>
         <value>0x3af9</value>
         <object_component_ref idref="oc-5e"/>
      </symbol>
      <symbol id="sm-3e1">
         <name>__aeabi_uidiv</name>
         <value>0x3219</value>
         <object_component_ref idref="oc-d0"/>
      </symbol>
      <symbol id="sm-3e2">
         <name>__aeabi_uidivmod</name>
         <value>0x3219</value>
         <object_component_ref idref="oc-d0"/>
      </symbol>
      <symbol id="sm-3ed">
         <name>__aeabi_idiv0</name>
         <value>0x1d5b</value>
         <object_component_ref idref="oc-10a"/>
      </symbol>
      <symbol id="sm-3fb">
         <name>finddevice</name>
         <value>0x3349</value>
         <object_component_ref idref="oc-2d3"/>
      </symbol>
      <symbol id="sm-3fc">
         <name>getdevice</name>
         <value>0x2699</value>
         <object_component_ref idref="oc-2ca"/>
      </symbol>
      <symbol id="sm-415">
         <name>memcpy</name>
         <value>0x1cc1</value>
         <object_component_ref idref="oc-96"/>
      </symbol>
      <symbol id="sm-424">
         <name>memset</name>
         <value>0x2a39</value>
         <object_component_ref idref="oc-e3"/>
      </symbol>
      <symbol id="sm-425">
         <name>__TI_static_base__</name>
         <value>0x0</value>
      </symbol>
      <symbol id="sm-428">
         <name>__mpu_init</name>
         <value>0x0</value>
      </symbol>
      <symbol id="sm-429">
         <name>_system_post_cinit</name>
         <value>0x0</value>
      </symbol>
   </symbol_table>
   <title>Link successful</title>
</link_info>
