******************************************************************************
            TI ARM Clang Linker PC v2.1.3                      
******************************************************************************
>> Linked Mon Oct 30 22:29:57 2023

OUTPUT FILE NAME:   <uart_rx.out>
ENTRY POINT SYMBOL: "_c_int00_noargs"  address: 00002c21


MEMORY CONFIGURATION

         name            origin    length      used     unused   attr    fill
----------------------  --------  ---------  --------  --------  ----  --------
  FLASH                 00000000   00020000  00003438  0001cbc8  R  X
  SRAM                  20200000   00008000  00000eed  00007113  RW X
  BCR_CONFIG            41c00000   00000080  00000000  00000080  R   
  BSL_CONFIG            41c00100   00000080  00000000  00000080  R   


SEGMENT ALLOCATION MAP

run origin  load origin   length   init length attrs members
----------  ----------- ---------- ----------- ----- -------
00000000    00000000    00003438   00003438    r-x
  00000000    00000000    000000c0   000000c0    r-- .intvecs
  000000c0    000000c0    00003270   00003270    r-x .text
  00003330    00003330    00000098   00000098    r-- .rodata
  000033c8    000033c8    00000070   00000070    r-- .cinit
20200000    20200000    00000c2d   00000000    rw-
  20200000    20200000    00000800   00000000    rw- .sysmem
  20200800    20200800    000002a8   00000000    rw- .bss
  20200aa8    20200aa8    00000185   00000000    rw- .data
20200d00    20200d00    000000c0   00000000    rw-
  20200d00    20200d00    000000c0   00000000    rw- .vtable
20207e00    20207e00    00000200   00000000    rw-
  20207e00    20207e00    00000200   00000000    rw- .stack


SECTION ALLOCATION MAP

 output                                  attributes/
section   page    origin      length       input sections
--------  ----  ----------  ----------   ----------------
.intvecs   0    00000000    000000c0     
                  00000000    000000c0     startup_mspm0g3507_ticlang.o (.intvecs)

.text      0    000000c0    00003270     
                  000000c0    000003cc     drivers_mspm0g1x0x_g3x0x.a : UARTMSPM0G1X0X_G3X0X.o (.text.UARTMSP_interruptHandler)
                  0000048c    000001ec                                : UARTMSPM0G1X0X_G3X0X.o (.text.UARTMSP_enable)
                  00000678    00000150                                : UARTMSPM0G1X0X_G3X0X.o (.text.UARTMSP_dmaRx)
                  000007c8    00000150                                : UART.o (.text.UART_open)
                  00000918    0000013c     libc.a : memory.c.obj (.text.aligned_alloc)
                  00000a54    00000128     drivers_mspm0g1x0x_g3x0x.a : UART.o (.text.UART_writeCallback)
                  00000b7c    00000120                                : DMAMSPM0.o (.text.DMAMSPM0_setupTransfer)
                  00000c9c    0000010c                                : DMAMSPM0.o (.text.DMAMSPM0_open)
                  00000da8    00000104                                : DMAMSPM0.o (.text.DMAMSPM0_init)
                  00000eac    00000100     libc.a : memory.c.obj (.text.free)
                  00000fac    000000fc     nortos_mspm0g1x0x_g3x0x.a : SemaphoreP_nortos.o (.text.SemaphoreP_pend)
                  000010a8    000000d4     drivers_mspm0g1x0x_g3x0x.a : DMAMSPM0.o (.text.DMAMSPM0_close)
                  0000117c    000000ca                                : UART.o (.text.UART_writeBufferedMode)
                  00001246    000000c2                                : UART.o (.text.UART_readBufferedMode)
                  00001308    000000bc     nortos_mspm0g1x0x_g3x0x.a : HwiPMSPM0_nortos.o (.text.HwiP_construct)
                  000013c4    000000b8     drivers_mspm0g1x0x_g3x0x.a : UARTMSPM0G1X0X_G3X0X.o (.text.UARTMSP_readFromRingBuf)
                  0000147c    000000b0                                : UARTMSPM0G1X0X_G3X0X.o (.text.UARTMSP_dmaTx)
                  0000152c    000000ac     nortos_mspm0g1x0x_g3x0x.a : ClockPSysTick_nortos.o (.text.ClockP_stop)
                  000015d8    000000a8     drivers_mspm0g1x0x_g3x0x.a : DMAMSPM0.o (.text.DMAMSPM0_hwiFxn)
                  00001680    000000a6                                : UARTMSPM0G1X0X_G3X0X.o (.text.UARTMSP_enableInts)
                  00001726    00000002     startup_mspm0g3507_ticlang.o (.text.Default_Handler)
                  00001728    000000a4     drivers_mspm0g1x0x_g3x0x.a : UARTMSPM0G1X0X_G3X0X.o (.text.UARTMSP_disable)
                  000017cc    0000009c                                : UART.o (.text.UART_readCallback)
                  00001868    0000009a     libc.a : memcpy16.S.obj (.text:memcpy)
                  00001902    00000002     libclang_rt.builtins.a : aeabi_div0.c.obj (.text.__aeabi_idiv0)
                  00001904    00000098     nortos_mspm0g1x0x_g3x0x.a : ClockPSysTick_nortos.o (.text.ClockP_destruct)
                  0000199c    00000098                               : SemaphoreP_nortos.o (.text.SemaphoreP_construct)
                  00001a34    00000098                               : ClockPSysTick_nortos.o (.text.addToList)
                  00001acc    00000096     drivers_mspm0g1x0x_g3x0x.a : RingBuf.o (.text.RingBuf_putn)
                  00001b62    0000008e     driverlib.a : dl_uart.o (.text.DL_UART_configBaudRate)
                  00001bf0    00000088     nortos_mspm0g1x0x_g3x0x.a : ClockPSysTick_nortos.o (.text.ClockP_sysTickHandler)
                  00001c78    00000088     drivers_mspm0g1x0x_g3x0x.a : RingBuf.o (.text.RingBuf_put)
                  00001d00    00000084     nortos_mspm0g1x0x_g3x0x.a : HwiPMSPM0_nortos.o (.text.__NVIC_SetPriority)
                  00001d84    00000078     drivers_mspm0g1x0x_g3x0x.a : RingBuf.o (.text.RingBuf_getn)
                  00001dfc    00000078                                : RingBuf.o (.text.RingBuf_putAdvance)
                  00001e74    00000078                                : UARTMSPM0G1X0X_G3X0X.o (.text.UARTMSP_getRxData)
                  00001eec    00000078                                : UART.o (.text.UART_readFullFeatured)
                  00001f64    00000078                                : UART.o (.text.UART_writeFullFeatured)
                  00001fdc    00000074                                : UARTMSPM0G1X0X_G3X0X.o (.text.UARTMSP_dmaStopTx)
                  00002050    00000072                                : UARTMSPM0G1X0X_G3X0X.o (.text.UARTMSP_dmaStopRx)
                  000020c2    00000002     libc.a : _lock.c.obj (.text._nop)
                  000020c4    00000068     nortos_mspm0g1x0x_g3x0x.a : SemaphoreP_nortos.o (.text.SemaphoreP_post)
                  0000212c    00000068     libc.a : copy_decompress_lzss.c.obj (.text:decompress:lzss)
                  00002194    00000066     drivers_mspm0g1x0x_g3x0x.a : UART.o (.text.UART_read)
                  000021fa    00000066                                : UART.o (.text.UART_write)
                  00002260    00000064                                : DMAMSPM0.o (.text.DMA_Init)
                  000022c4    00000064     libc.a : memory.c.obj (.text.split)
                  00002328    00000060     drivers_mspm0g1x0x_g3x0x.a : RingBuf.o (.text.RingBuf_get)
                  00002388    0000005c     driverlib.a : dl_interrupt.o (.text.DL_Interrupt_registerInterrupt)
                  000023e4    00000058     uart_echo.o (.text.main)
                  0000243c    00000056     drivers_mspm0g1x0x_g3x0x.a : RingBuf.o (.text.RingBuf_putPointer)
                  00002492    00000054     driverlib.a : dl_dma.o (.text.DL_DMA_configTransfer)
                  000024e6    00000052     drivers_mspm0g1x0x_g3x0x.a : RingBuf.o (.text.RingBuf_getConsume)
                  00002538    0000004c     driverlib.a : dl_uart.o (.text.DL_UART_init)
                  00002584    0000004c                 : dl_uart.o (.text.DL_UART_setBaudRateDivisor)
                  000025d0    0000004c     nortos_mspm0g1x0x_g3x0x.a : ClockPSysTick_nortos.o (.text.sysTickInit)
                  0000261c    0000004a     drivers_mspm0g1x0x_g3x0x.a : DMAMSPM0.o (.text.DMAMSPM0_copyDMAParams)
                  00002666    00000046     driverlib.a : dl_dma.o (.text.DL_DMA_initChannel)
                  000026ac    00000044     nortos_mspm0g1x0x_g3x0x.a : ClockPSysTick_nortos.o (.text.ClockP_start)
                  000026f0    00000044     drivers_mspm0g1x0x_g3x0x.a : DMAMSPM0.o (.text.DMAMSPM0_disableChannel)
                  00002734    00000044     nortos_mspm0g1x0x_g3x0x.a : HwiPMSPM0_nortos.o (.text.HwiP_create)
                  00002778    00000044     drivers_mspm0g1x0x_g3x0x.a : RingBuf.o (.text.RingBuf_getPointer)
                  000027bc    00000042                                : UARTMSPM0G1X0X_G3X0X.o (.text.UARTMSP_txChar)
                  000027fe    00000002     --HOLE-- [fill = 0]
                  00002800    00000040     libclang_rt.builtins.a : aeabi_uidivmod.S.obj (.text)
                  00002840    0000003e     drivers_mspm0g1x0x_g3x0x.a : UARTMSPM0G1X0X_G3X0X.o (.text.UARTMSP_initBuffers)
                  0000287e    00000002     --HOLE-- [fill = 0]
                  00002880    0000003c     nortos_mspm0g1x0x_g3x0x.a : ClockPSysTick_nortos.o (.text.ClockP_startup)
                  000028bc    0000003c     libc.a : autoinit.c.obj (.text:__TI_auto_init_nobinit_nopinit)
                  000028f8    00000038     driverlib.a : dl_dma.o (.text.DL_DMA_setTrigger)
                  00002930    00000034     nortos_mspm0g1x0x_g3x0x.a : HwiPMSPM0_nortos.o (.text.HwiP_dispatch)
                  00002964    00000034                               : HwiPMSPM0_nortos.o (.text.__NVIC_DisableIRQ)
                  00002998    00000032                               : ClockPSysTick_nortos.o (.text.ClockP_add)
                  000029ca    00000002     --HOLE-- [fill = 0]
                  000029cc    00000030     drivers_mspm0g1x0x_g3x0x.a : DMAMSPM0.o (.text.DL_DMA_setTransferSize)
                  000029fc    0000002e                                : RingBuf.o (.text.RingBuf_construct)
                  00002a2a    0000002e                                : UART.o (.text.UART_readBuffered)
                  00002a58    0000002e                                : UART.o (.text.UART_writeBuffered)
                  00002a86    0000002c     nortos_mspm0g1x0x_g3x0x.a : HwiPMSPM0_nortos.o (.text.HwiP_inISR)
                  00002ab2    00000002     --HOLE-- [fill = 0]
                  00002ab4    0000002c                               : HwiPMSPM0_nortos.o (.text.__NVIC_EnableIRQ)
                  00002ae0    00000028     driverlib.a : dl_dma.o (.text.DL_Common_updateReg)
                  00002b08    00000028                 : dl_uart.o (.text.DL_Common_updateReg)
                  00002b30    00000028     drivers_mspm0g1x0x_g3x0x.a : UARTMSPM0G1X0X_G3X0X.o (.text.DL_Common_updateReg)
                  00002b58    00000028                                : DMAMSPM0.o (.text.DL_DMA_setDestAddr)
                  00002b80    00000028                                : DMAMSPM0.o (.text.DL_DMA_setSrcAddr)
                  00002ba8    00000028                                : UARTMSPM0G1X0X_G3X0X.o (.text.DL_UART_setRXFIFOThreshold)
                  00002bd0    00000028                                : UARTMSPM0G1X0X_G3X0X.o (.text.DL_UART_setTXFIFOThreshold)
                  00002bf8    00000028     libc.a : memory.c.obj (.text.free_list_insert)
                  00002c20    00000028            : boot_cortex_m.c.obj (.text:_c_int00_noargs)
                  00002c48    00000026     drivers_mspm0g1x0x_g3x0x.a : DMAMSPM0.o (.text.DL_DMA_disableChannel)
                  00002c6e    00000026                                : DMAMSPM0.o (.text.DL_DMA_enableChannel)
                  00002c94    00000026                                : DMAMSPM0.o (.text.DL_DMA_startTransfer)
                  00002cba    00000002     --HOLE-- [fill = 0]
                  00002cbc    00000024                                : DMAMSPM0.o (.text.DL_DMA_getTransferSize)
                  00002ce0    00000024     driverlib.a : dl_uart.o (.text.DL_UART_setClockConfig)
                  00002d04    00000024     nortos_mspm0g1x0x_g3x0x.a : HwiPMSPM0_nortos.o (.text.HwiP_Params_init)
                  00002d28    00000022                               : SemaphoreP_nortos.o (.text.SemaphoreP_create)
                  00002d4a    00000002     --HOLE-- [fill = 0]
                  00002d4c    00000020     drivers_mspm0g1x0x_g3x0x.a : UARTMSPM0G1X0X_G3X0X.o (.text.DL_GPIO_initPeripheralInputFunction)
                  00002d6c    00000020                                : DMAMSPM0.o (.text.DMA_Params_init)
                  00002d8c    00000020     nortos_mspm0g1x0x_g3x0x.a : SemaphoreP_nortos.o (.text.DisablePowerPolicy)
                  00002dac    00000020     startup_mspm0g3507_ticlang.o (.text.HardFault_Handler)
                  00002dcc    00000020     drivers_mspm0g1x0x_g3x0x.a : UART.o (.text.UART_Params_init)
                  00002dec    0000001e     driverlib.a : dl_uart.o (.text.DL_UART_setOversampling)
                  00002e0a    0000001e     nortos_mspm0g1x0x_g3x0x.a : HwiPMSPM0_nortos.o (.text.HwiP_destruct)
                  00002e28    0000001e                               : SemaphoreP_nortos.o (.text.SemaphoreP_createBinary)
                  00002e46    00000002     --HOLE-- [fill = 0]
                  00002e48    0000001c     drivers_mspm0g1x0x_g3x0x.a : DMAMSPM0.o (.text.DL_DMA_enableInterrupt)
                  00002e64    0000001c                                : UARTMSPM0G1X0X_G3X0X.o (.text.DL_GPIO_initPeripheralOutputFunction)
                  00002e80    0000001c     driverlib.a : dl_interrupt.o (.text.DL_Interrupt_unregisterInterrupt)
                  00002e9c    0000001c     drivers_mspm0g1x0x_g3x0x.a : UARTMSPM0G1X0X_G3X0X.o (.text.DL_UART_disableDMAReceiveEvent)
                  00002eb8    0000001c                                : UARTMSPM0G1X0X_G3X0X.o (.text.DL_UART_disableInterrupt)
                  00002ed4    0000001c                                : UARTMSPM0G1X0X_G3X0X.o (.text.DL_UART_enableInterrupt)
                  00002ef0    0000001c                                : DMAMSPM0.o (.text.DMAMSPM0_getCurrTransferSize)
                  00002f0c    0000001c     libc.a : memory.c.obj (.text.free_list_remove)
                  00002f28    00000018     drivers_mspm0g1x0x_g3x0x.a : DMAMSPM0.o (.text.DL_DMA_clearInterruptStatus)
                  00002f40    00000018                                : UARTMSPM0G1X0X_G3X0X.o (.text.DL_UART_clearInterruptStatus)
                  00002f58    00000018                                : UARTMSPM0G1X0X_G3X0X.o (.text.DL_UART_enableDMAReceiveEvent)
                  00002f70    00000018                                : UARTMSPM0G1X0X_G3X0X.o (.text.DL_UART_enableDMATransmitEvent)
                  00002f88    00000018                                : UARTMSPM0G1X0X_G3X0X.o (.text.DL_UART_enableFIFOs)
                  00002fa0    00000018                                : UARTMSPM0G1X0X_G3X0X.o (.text.DL_UART_enablePower)
                  00002fb8    00000018                                : UARTMSPM0G1X0X_G3X0X.o (.text.DL_UART_getEnabledInterruptStatus)
                  00002fd0    00000018                                : UARTMSPM0G1X0X_G3X0X.o (.text.DL_UART_isRXFIFOEmpty)
                  00002fe8    00000018                                : UARTMSPM0G1X0X_G3X0X.o (.text.DL_UART_isTXFIFOFull)
                  00003000    00000018                                : UARTMSPM0G1X0X_G3X0X.o (.text.DL_UART_reset)
                  00003018    00000018     nortos_mspm0g1x0x_g3x0x.a : SemaphoreP_nortos.o (.text.IdleFunc)
                  00003030    00000018                               : SemaphoreP_nortos.o (.text.SemaphoreP_Params_init)
                  00003048    00000018     startup_mspm0g3507_ticlang.o (.text.prvGetRegistersFromStack)
                  00003060    00000016     drivers_mspm0g1x0x_g3x0x.a : DMAMSPM0.o (.text.DL_DMA_disableRoundRobinPriority)
                  00003076    00000016                                : DMAMSPM0.o (.text.DL_DMA_enableRoundRobinPriority)
                  0000308c    00000016     driverlib.a : dl_uart.o (.text.DL_UART_disable)
                  000030a2    00000016     drivers_mspm0g1x0x_g3x0x.a : UARTMSPM0G1X0X_G3X0X.o (.text.DL_UART_disable)
                  000030b8    00000016                                : UARTMSPM0G1X0X_G3X0X.o (.text.DL_UART_enable)
                  000030ce    00000016                                : UARTMSPM0G1X0X_G3X0X.o (.text.DL_UART_transmitData)
                  000030e4    00000016     nortos_mspm0g1x0x_g3x0x.a : HwiPMSPM0_nortos.o (.text.HwiP_delete)
                  000030fa    00000016                               : SemaphoreP_nortos.o (.text.SemaphoreP_delete)
                  00003110    00000014                               : ClockPSysTick_nortos.o (.text.ClockP_isActive)
                  00003124    00000014     drivers_mspm0g1x0x_g3x0x.a : DMAMSPM0.o (.text.DL_DMA_isRoundRobinPriorityEnabled)
                  00003138    00000014     nortos_mspm0g1x0x_g3x0x.a : ClockPSysTick_nortos.o (.text.DL_SYSTICK_setPeriod)
                  0000314c    00000014     drivers_mspm0g1x0x_g3x0x.a : UARTMSPM0G1X0X_G3X0X.o (.text.DL_UART_disableDMATransmitEvent)
                  00003160    00000014                                : UARTMSPM0G1X0X_G3X0X.o (.text.DL_UART_receiveData)
                  00003174    00000014     nortos_mspm0g1x0x_g3x0x.a : HwiPMSPM0_nortos.o (.text.HwiP_disable)
                  00003188    00000014                               : HwiPMSPM0_nortos.o (.text.HwiP_disableInterrupt)
                  0000319c    00000014                               : HwiPMSPM0_nortos.o (.text.HwiP_enableInterrupt)
                  000031b0    00000014                               : HwiPMSPM0_nortos.o (.text.HwiP_restore)
                  000031c4    00000014     libc.a : copy_zero_init.c.obj (.text:decompress:ZI:__TI_zero_init_nomemset)
                  000031d8    00000012     drivers_mspm0g1x0x_g3x0x.a : DMAMSPM0.o (.text.DL_DMA_getPendingInterrupt)
                  000031ea    00000012                                : UART.o (.text.UART_callbackObject)
                  000031fc    00000012                                : UARTMSPM0G1X0X_G3X0X.o (.text.UART_callbackObject)
                  0000320e    00000012                                : UART.o (.text.UART_eventCallbackObject)
                  00003220    00000012                                : UARTMSPM0G1X0X_G3X0X.o (.text.UART_eventCallbackObject)
                  00003232    00000012     libc.a : copy_decompress_none.c.obj (.text:decompress:none)
                  00003244    00000010     nortos_mspm0g1x0x_g3x0x.a : ClockPSysTick_nortos.o (.text.DL_SYSTICK_enable)
                  00003254    00000010                               : ClockPSysTick_nortos.o (.text.DL_SYSTICK_enableInterrupt)
                  00003264    00000010     drivers_mspm0g1x0x_g3x0x.a : RingBuf.o (.text.RingBuf_space)
                  00003274    00000010                                : UARTMSPM0G1X0X_G3X0X.o (.text.RingBuf_space)
                  00003284    00000010     ti_drivers_config.o (.text.UART1_IRQHandler)
                  00003294    0000000e     drivers_mspm0g1x0x_g3x0x.a : UARTMSPM0G1X0X_G3X0X.o (.text.UARTMSP_eventCallback)
                  000032a2    00000002     --HOLE-- [fill = 0]
                  000032a4    0000000c     nortos_mspm0g1x0x_g3x0x.a : ClockPSysTick_nortos.o (.text.DL_SYSTICK_resetValue)
                  000032b0    0000000c                               : SemaphoreP_nortos.o (.text.EnablePowerPolicy)
                  000032bc    0000000c     drivers_mspm0g1x0x_g3x0x.a : UARTMSPM0G1X0X_G3X0X.o (.text.UART_HWAttrs_Ptr)
                  000032c8    0000000c                                : UART.o (.text.UART_Obj_Ptr)
                  000032d4    0000000c                                : UARTMSPM0G1X0X_G3X0X.o (.text.UART_Obj_Ptr)
                  000032e0    0000000c                                : UART.o (.text.UART_buffersObject)
                  000032ec    0000000c                                : UARTMSPM0G1X0X_G3X0X.o (.text.UART_buffersObject)
                  000032f8    0000000c     libc.a : memory.c.obj (.text.malloc)
                  00003304    00000008     nortos_mspm0g1x0x_g3x0x.a : SemaphoreP_nortos.o (.text.SemaphoreP_destruct)
                  0000330c    00000008                               : ClockPSysTick_nortos.o (.text.SysTick_Handler)
                  00003314    00000008                               : SemaphoreP_nortos.o (.text.clkFxn)
                  0000331c    00000008     libclang_rt.builtins.a : aeabi_memcpy.S.obj (.text)
                  00003324    00000004     startup_mspm0g3507_ticlang.o (.text.Reset_Handler)
                  00003328    00000004     libc.a : pre_init.c.obj (.text._system_pre_init)
                  0000332c    00000004            : exit.c.obj (.text:abort)

.cinit     0    000033c8    00000070     
                  000033c8    00000035     (.cinit..data.load) [load image, compression = lzss]
                  000033fd    00000003     --HOLE-- [fill = 0]
                  00003400    0000000c     (__TI_handler_table)
                  0000340c    00000008     (.cinit..bss.load) [load image, compression = zero_init]
                  00003414    00000008     (.cinit..vtable.load) [load image, compression = zero_init]
                  0000341c    00000018     (__TI_cinit_table)
                  00003434    00000004     --HOLE-- [fill = 0]

.rodata    0    00003330    00000098     
                  00003330    0000002c     drivers_mspm0g1x0x_g3x0x.a : DMAMSPM0.o (.rodata.DMA_Ch_defaultParams)
                  0000335c    00000024     ti_drivers_config.o (.rodata.UARTMSPHWAttrs)
                  00003380    00000024     drivers_mspm0g1x0x_g3x0x.a : UARTMSPM0G1X0X_G3X0X.o (.rodata.UART_defaultParams)
                  000033a4    00000014                                : UARTMSPM0G1X0X_G3X0X.o (.rodata.UARTMSPSupportFxns)
                  000033b8    00000008     ti_drivers_config.o (.rodata.UART_config)
                  000033c0    00000001     ti_drivers_config.o (.rodata.CONFIG_UART_0)
                  000033c1    00000001     ti_drivers_config.o (.rodata.UART_count)
                  000033c2    00000006     --HOLE-- [fill = 0]

.init_array 
*          0    00000000    00000000     UNINITIALIZED

.binit     0    00000000    00000000     

.vtable    0    20200d00    000000c0     UNINITIALIZED
                  20200d00    000000c0     driverlib.a : dl_interrupt.o (.vtable)

.sysmem    0    20200000    00000800     UNINITIALIZED
                  20200000    00000010     libc.a : memory.c.obj (.sysmem)
                  20200010    000007f0     --HOLE--

.bss       0    20200800    000002a8     UNINITIALIZED
                  20200800    00000100     (.common:rxBuffer)
                  20200900    00000100     (.common:txBuffer)
                  20200a00    0000002c     drivers_mspm0g1x0x_g3x0x.a : UARTMSPM0G1X0X_G3X0X.o (.bss.DMATransfer)
                  20200a2c    0000001c                                : DMAMSPM0.o (.bss.hwiFxnArgs)
                  20200a48    0000001c                                : DMAMSPM0.o (.bss.hwiFxnHandlers)
                  20200a64    00000018                                : UARTMSPM0G1X0X_G3X0X.o (.bss.dlDMACfg)
                  20200a7c    00000004                                : UARTMSPM0G1X0X_G3X0X.o (.bss.UARTMSP_interruptHandler.dstAddr)
                  20200a80    00000010     (.common:ClockP_ctrl)
                  20200a90    00000008                                : DMAMSPM0.o (.bss.DMAMSPM0_Config)
                  20200a98    00000004                                : UART.o (.bss.UART_writeCallback.dstAddr)
                  20200a9c    00000004                                : DMAMSPM0.o (.bss.hwiHandle)
                  20200aa0    00000004     nortos_mspm0g1x0x_g3x0x.a : ClockPSysTick_nortos.o (.bss.sysTickPeriod)
                  20200aa4    00000004     libc.a : memory.c.obj (.bss.sys_free)

.data      0    20200aa8    00000185     UNINITIALIZED
                  20200aa8    000000c0     nortos_mspm0g1x0x_g3x0x.a : HwiPMSPM0_nortos.o (.data.HwiP_dispatchTable)
                  20200b68    00000094     ti_drivers_config.o (.data.UARTObject)
                  20200bfc    00000008     nortos_mspm0g1x0x_g3x0x.a : SemaphoreP_nortos.o (.data.SemaphoreP_defaultParams)
                  20200c04    00000004                               : ClockPSysTick_nortos.o (.data.ClockP_tickPeriod)
                  20200c08    00000004                               : HwiPMSPM0_nortos.o (.data.HwiP_swiPIntNum)
                  20200c0c    00000004     libc.a : _lock.c.obj (.data._lock)
                  20200c10    00000004            : _lock.c.obj (.data._unlock)
                  20200c14    00000004     drivers_mspm0g1x0x_g3x0x.a : DMAMSPM0.o (.data.chTransferSet)
                  20200c18    00000004                                : DMAMSPM0.o (.data.channelsInUse)
                  20200c1c    00000004                                : DMAMSPM0.o (.data.dmaIntRefCount)
                  20200c20    00000004                                : DMAMSPM0.o (.data.interruptSetupLock)
                  20200c24    00000001     nortos_mspm0g1x0x_g3x0x.a : ClockPSysTick_nortos.o (.data.ClockP_initialized)
                  20200c25    00000001                               : SemaphoreP_nortos.o (.data.SemaphoreP_initialized)
                  20200c26    00000001     drivers_mspm0g1x0x_g3x0x.a : DMAMSPM0.o (.data.dmaInitialized)
                  20200c27    00000001     nortos_mspm0g1x0x_g3x0x.a : SemaphoreP_nortos.o (.data.doEnablePowerPolicy)
                  20200c28    00000001                               : SemaphoreP_nortos.o (.data.enablePowerPolicy)
                  20200c29    00000001                               : SemaphoreP_nortos.o (.data.pendInProgress)
                  20200c2a    00000002     --HOLE--
                  20200c2c    00000001     libc.a : memory.c.obj (.data.memory_is_initialized)

.stack     0    20207e00    00000200     UNINITIALIZED
                  20207e00    00000004     libc.a : boot_cortex_m.c.obj (.stack)
                  20207e04    000001fc     --HOLE--

__llvm_prf_cnts 
*          0    20200000    00000000     UNINITIALIZED

__llvm_prf_bits 
*          0    20200000    00000000     UNINITIALIZED

MODULE SUMMARY

       Module                         code    ro data   rw data
       ------                         ----    -------   -------
    .\
       ti_drivers_config.o            16      46        660    
       uart_echo.o                    88      0         0      
    +--+------------------------------+-------+---------+---------+
       Total:                         104     46        660    
                                                               
    .\ticlang\
       startup_mspm0g3507_ticlang.o   62      192       0      
    +--+------------------------------+-------+---------+---------+
       Total:                         62      192       0      
                                                               
    C:/ti/mspm0_sdk_1_20_00_05/kernel/nortos/lib/ticlang/m0p/nortos_mspm0g1x0x_g3x0x.a
       ClockPSysTick_nortos.o         958     0         25     
       HwiPMSPM0_nortos.o             748     0         196    
       SemaphoreP_nortos.o            702     0         12     
    +--+------------------------------+-------+---------+---------+
       Total:                         2408    0         233    
                                                               
    C:/ti/mspm0_sdk_1_20_00_05/source/ti/driverlib/lib/ticlang/m0p/mspm0g1x0x_g3x0x/driverlib.a
       dl_uart.o                      422     0         0      
       dl_interrupt.o                 120     0         192    
       dl_dma.o                       250     0         0      
    +--+------------------------------+-------+---------+---------+
       Total:                         792     0         192    
                                                               
    C:/ti/mspm0_sdk_1_20_00_05/source/ti/drivers/lib/ticlang/m0p/drivers_mspm0g1x0x_g3x0x.a
       UARTMSPM0G1X0X_G3X0X.o         3656    56        72     
       DMAMSPM0.o                     1910    44        85     
       UART.o                         1812    0         4      
       RingBuf.o                      920     0         0      
    +--+------------------------------+-------+---------+---------+
       Total:                         8298    100       161    
                                                               
    C:\ti\ccstheia110\ccs\tools\compiler\ti-cgt-armllvm_2.1.3.LTS\lib\armv6m-ti-none-eabi/c/libc.a
       memory.c.obj                   752     0         5      
       memcpy16.S.obj                 154     0         0      
       copy_decompress_lzss.c.obj     104     0         0      
       autoinit.c.obj                 60      0         0      
       boot_cortex_m.c.obj            40      0         0      
       copy_zero_init.c.obj           20      0         0      
       copy_decompress_none.c.obj     18      0         0      
       _lock.c.obj                    2       0         8      
       exit.c.obj                     4       0         0      
       pre_init.c.obj                 4       0         0      
    +--+------------------------------+-------+---------+---------+
       Total:                         1158    0         13     
                                                               
    C:\ti\ccstheia110\ccs\tools\compiler\ti-cgt-armllvm_2.1.3.LTS\lib\clang/14.0.6/lib/armv6m-ti-none-eabi/libclang_rt.builtins.a
       aeabi_uidivmod.S.obj           64      0         0      
       aeabi_memcpy.S.obj             8       0         0      
       aeabi_div0.c.obj               2       0         0      
    +--+------------------------------+-------+---------+---------+
       Total:                         74      0         0      
                                                               
       Heap:                          0       0         2048   
       Stack:                         0       0         512    
       Linker Generated:              0       105       0      
    +--+------------------------------+-------+---------+---------+
       Grand Total:                   12896   443       3819   


LINKER GENERATED COPY TABLES

__TI_cinit_table @ 0000341c records: 3, size/record: 8, table size: 24
	.data: load addr=000033c8, load size=00000035 bytes, run addr=20200aa8, run size=00000185 bytes, compression=lzss
	.bss: load addr=0000340c, load size=00000008 bytes, run addr=20200800, run size=000002a8 bytes, compression=zero_init
	.vtable: load addr=00003414, load size=00000008 bytes, run addr=20200d00, run size=000000c0 bytes, compression=zero_init


LINKER GENERATED HANDLER TABLE

__TI_handler_table @ 00003400 records: 3, size/record: 4, table size: 12
	index: 0, handler: __TI_zero_init
	index: 1, handler: __TI_decompress_lzss
	index: 2, handler: __TI_decompress_none


GLOBAL SYMBOLS: SORTED ALPHABETICALLY BY Name 

address   name                            
-------   ----                            
00001727  ADC0_IRQHandler                 
00001727  ADC1_IRQHandler                 
00001727  AES_IRQHandler                  
0000332c  C$$EXIT                         
00001727  CANFD0_IRQHandler               
000033c0  CONFIG_UART_0                   
00002999  ClockP_add                      
20200a80  ClockP_ctrl                     
00001905  ClockP_destruct                 
00003111  ClockP_isActive                 
000026ad  ClockP_start                    
00002881  ClockP_startup                  
0000152d  ClockP_stop                     
00001bf1  ClockP_sysTickHandler           
20200c04  ClockP_tickPeriod               
00001727  DAC0_IRQHandler                 
00002667  DL_DMA_initChannel              
00002389  DL_Interrupt_registerInterrupt  
00002e81  DL_Interrupt_unregisterInterrupt
00001b63  DL_UART_configBaudRate          
00002539  DL_UART_init                    
00002ce1  DL_UART_setClockConfig          
20200a90  DMAMSPM0_Config                 
000010a9  DMAMSPM0_close                  
0000261d  DMAMSPM0_copyDMAParams          
000026f1  DMAMSPM0_disableChannel         
00002ef1  DMAMSPM0_getCurrTransferSize    
00000da9  DMAMSPM0_init                   
00000c9d  DMAMSPM0_open                   
00000b7d  DMAMSPM0_setupTransfer          
00003330  DMA_Ch_defaultParams            
00001727  DMA_IRQHandler                  
00002261  DMA_Init                        
00002d6d  DMA_Params_init                 
00001727  Default_Handler                 
00001727  GROUP0_IRQHandler               
00001727  GROUP1_IRQHandler               
00002dad  HardFault_Handler               
00002d05  HwiP_Params_init                
00001309  HwiP_construct                  
00002735  HwiP_create                     
000030e5  HwiP_delete                     
00002e0b  HwiP_destruct                   
00003175  HwiP_disable                    
00003189  HwiP_disableInterrupt           
00002931  HwiP_dispatch                   
0000319d  HwiP_enableInterrupt            
00002a87  HwiP_inISR                      
000031b1  HwiP_restore                    
20200c08  HwiP_swiPIntNum                 
00001727  I2C0_IRQHandler                 
00001727  I2C1_IRQHandler                 
00001727  NMI_Handler                     
00001727  PendSV_Handler                  
00001727  RTC_IRQHandler                  
00003325  Reset_Handler                   
000029fd  RingBuf_construct               
00002329  RingBuf_get                     
000024e7  RingBuf_getConsume              
00002779  RingBuf_getPointer              
00001d85  RingBuf_getn                    
00001c79  RingBuf_put                     
00001dfd  RingBuf_putAdvance              
0000243d  RingBuf_putPointer              
00001acd  RingBuf_putn                    
00001727  SPI0_IRQHandler                 
00001727  SPI1_IRQHandler                 
00001727  SVC_Handler                     
00003031  SemaphoreP_Params_init          
0000199d  SemaphoreP_construct            
00002d29  SemaphoreP_create               
00002e29  SemaphoreP_createBinary         
20200bfc  SemaphoreP_defaultParams        
000030fb  SemaphoreP_delete               
00003305  SemaphoreP_destruct             
00000fad  SemaphoreP_pend                 
000020c5  SemaphoreP_post                 
0000330d  SysTick_Handler                 
00001727  TIMA0_IRQHandler                
00001727  TIMA1_IRQHandler                
00001727  TIMG0_IRQHandler                
00001727  TIMG12_IRQHandler               
00001727  TIMG6_IRQHandler                
00001727  TIMG7_IRQHandler                
00001727  TIMG8_IRQHandler                
00001727  UART0_IRQHandler                
00003285  UART1_IRQHandler                
00001727  UART2_IRQHandler                
00001727  UART3_IRQHandler                
000033a4  UARTMSPSupportFxns              
00000679  UARTMSP_dmaRx                   
00002051  UARTMSP_dmaStopRx               
00001fdd  UARTMSP_dmaStopTx               
0000147d  UARTMSP_dmaTx                   
00001681  UARTMSP_enableInts              
00003295  UARTMSP_eventCallback           
000000c1  UARTMSP_interruptHandler        
20200b68  UARTObject                      
00002dcd  UART_Params_init                
000033b8  UART_config                     
000033c1  UART_count                      
00003380  UART_defaultParams              
000007c9  UART_open                       
00002195  UART_read                       
00002a2b  UART_readBuffered               
000017cd  UART_readCallback               
00001eed  UART_readFullFeatured           
000021fb  UART_write                      
00002a59  UART_writeBuffered              
00000a55  UART_writeCallback              
00001f65  UART_writeFullFeatured          
20208000  __STACK_END                     
00000200  __STACK_SIZE                    
00000800  __SYSMEM_SIZE                   
0000341c  __TI_CINIT_Base                 
00003434  __TI_CINIT_Limit                
00003434  __TI_CINIT_Warm                 
00003400  __TI_Handler_Table_Base         
0000340c  __TI_Handler_Table_Limit        
000028bd  __TI_auto_init_nobinit_nopinit  
0000212d  __TI_decompress_lzss            
00003233  __TI_decompress_none            
ffffffff  __TI_pprof_out_hndl             
ffffffff  __TI_prof_data_size             
ffffffff  __TI_prof_data_start            
00000000  __TI_static_base__              
000031c5  __TI_zero_init_nomemset         
00001903  __aeabi_idiv0                   
0000331d  __aeabi_memcpy                  
0000331d  __aeabi_memcpy4                 
0000331d  __aeabi_memcpy8                 
00002801  __aeabi_uidiv                   
00002801  __aeabi_uidivmod                
ffffffff  __binit__                       
UNDEFED   __mpu_init                      
20207e00  __stack                         
20200000  __start___llvm_prf_bits         
20200000  __start___llvm_prf_cnts         
20200000  __stop___llvm_prf_bits          
20200000  __stop___llvm_prf_cnts          
00002c21  _c_int00_noargs                 
20200c0c  _lock                           
000020c3  _nop                            
20200000  _sys_memory                     
UNDEFED   _system_post_cinit              
00003329  _system_pre_init                
20200c10  _unlock                         
0000332d  abort                           
00000919  aligned_alloc                   
ffffffff  binit                           
00003315  clkFxn                          
00000ead  free                            
00000000  interruptVectors                
000023e5  main                            
000032f9  malloc                          
00000919  memalign                        
00001869  memcpy                          
00003049  prvGetRegistersFromStack        
20200800  rxBuffer                        
20200900  txBuffer                        


GLOBAL SYMBOLS: SORTED BY Symbol Address 

address   name                            
-------   ----                            
00000000  __TI_static_base__              
00000000  interruptVectors                
000000c1  UARTMSP_interruptHandler        
00000200  __STACK_SIZE                    
00000679  UARTMSP_dmaRx                   
000007c9  UART_open                       
00000800  __SYSMEM_SIZE                   
00000919  aligned_alloc                   
00000919  memalign                        
00000a55  UART_writeCallback              
00000b7d  DMAMSPM0_setupTransfer          
00000c9d  DMAMSPM0_open                   
00000da9  DMAMSPM0_init                   
00000ead  free                            
00000fad  SemaphoreP_pend                 
000010a9  DMAMSPM0_close                  
00001309  HwiP_construct                  
0000147d  UARTMSP_dmaTx                   
0000152d  ClockP_stop                     
00001681  UARTMSP_enableInts              
00001727  ADC0_IRQHandler                 
00001727  ADC1_IRQHandler                 
00001727  AES_IRQHandler                  
00001727  CANFD0_IRQHandler               
00001727  DAC0_IRQHandler                 
00001727  DMA_IRQHandler                  
00001727  Default_Handler                 
00001727  GROUP0_IRQHandler               
00001727  GROUP1_IRQHandler               
00001727  I2C0_IRQHandler                 
00001727  I2C1_IRQHandler                 
00001727  NMI_Handler                     
00001727  PendSV_Handler                  
00001727  RTC_IRQHandler                  
00001727  SPI0_IRQHandler                 
00001727  SPI1_IRQHandler                 
00001727  SVC_Handler                     
00001727  TIMA0_IRQHandler                
00001727  TIMA1_IRQHandler                
00001727  TIMG0_IRQHandler                
00001727  TIMG12_IRQHandler               
00001727  TIMG6_IRQHandler                
00001727  TIMG7_IRQHandler                
00001727  TIMG8_IRQHandler                
00001727  UART0_IRQHandler                
00001727  UART2_IRQHandler                
00001727  UART3_IRQHandler                
000017cd  UART_readCallback               
00001869  memcpy                          
00001903  __aeabi_idiv0                   
00001905  ClockP_destruct                 
0000199d  SemaphoreP_construct            
00001acd  RingBuf_putn                    
00001b63  DL_UART_configBaudRate          
00001bf1  ClockP_sysTickHandler           
00001c79  RingBuf_put                     
00001d85  RingBuf_getn                    
00001dfd  RingBuf_putAdvance              
00001eed  UART_readFullFeatured           
00001f65  UART_writeFullFeatured          
00001fdd  UARTMSP_dmaStopTx               
00002051  UARTMSP_dmaStopRx               
000020c3  _nop                            
000020c5  SemaphoreP_post                 
0000212d  __TI_decompress_lzss            
00002195  UART_read                       
000021fb  UART_write                      
00002261  DMA_Init                        
00002329  RingBuf_get                     
00002389  DL_Interrupt_registerInterrupt  
000023e5  main                            
0000243d  RingBuf_putPointer              
000024e7  RingBuf_getConsume              
00002539  DL_UART_init                    
0000261d  DMAMSPM0_copyDMAParams          
00002667  DL_DMA_initChannel              
000026ad  ClockP_start                    
000026f1  DMAMSPM0_disableChannel         
00002735  HwiP_create                     
00002779  RingBuf_getPointer              
00002801  __aeabi_uidiv                   
00002801  __aeabi_uidivmod                
00002881  ClockP_startup                  
000028bd  __TI_auto_init_nobinit_nopinit  
00002931  HwiP_dispatch                   
00002999  ClockP_add                      
000029fd  RingBuf_construct               
00002a2b  UART_readBuffered               
00002a59  UART_writeBuffered              
00002a87  HwiP_inISR                      
00002c21  _c_int00_noargs                 
00002ce1  DL_UART_setClockConfig          
00002d05  HwiP_Params_init                
00002d29  SemaphoreP_create               
00002d6d  DMA_Params_init                 
00002dad  HardFault_Handler               
00002dcd  UART_Params_init                
00002e0b  HwiP_destruct                   
00002e29  SemaphoreP_createBinary         
00002e81  DL_Interrupt_unregisterInterrupt
00002ef1  DMAMSPM0_getCurrTransferSize    
00003031  SemaphoreP_Params_init          
00003049  prvGetRegistersFromStack        
000030e5  HwiP_delete                     
000030fb  SemaphoreP_delete               
00003111  ClockP_isActive                 
00003175  HwiP_disable                    
00003189  HwiP_disableInterrupt           
0000319d  HwiP_enableInterrupt            
000031b1  HwiP_restore                    
000031c5  __TI_zero_init_nomemset         
00003233  __TI_decompress_none            
00003285  UART1_IRQHandler                
00003295  UARTMSP_eventCallback           
000032f9  malloc                          
00003305  SemaphoreP_destruct             
0000330d  SysTick_Handler                 
00003315  clkFxn                          
0000331d  __aeabi_memcpy                  
0000331d  __aeabi_memcpy4                 
0000331d  __aeabi_memcpy8                 
00003325  Reset_Handler                   
00003329  _system_pre_init                
0000332c  C$$EXIT                         
0000332d  abort                           
00003330  DMA_Ch_defaultParams            
00003380  UART_defaultParams              
000033a4  UARTMSPSupportFxns              
000033b8  UART_config                     
000033c0  CONFIG_UART_0                   
000033c1  UART_count                      
00003400  __TI_Handler_Table_Base         
0000340c  __TI_Handler_Table_Limit        
0000341c  __TI_CINIT_Base                 
00003434  __TI_CINIT_Limit                
00003434  __TI_CINIT_Warm                 
20200000  __start___llvm_prf_bits         
20200000  __start___llvm_prf_cnts         
20200000  __stop___llvm_prf_bits          
20200000  __stop___llvm_prf_cnts          
20200000  _sys_memory                     
20200800  rxBuffer                        
20200900  txBuffer                        
20200a80  ClockP_ctrl                     
20200a90  DMAMSPM0_Config                 
20200b68  UARTObject                      
20200bfc  SemaphoreP_defaultParams        
20200c04  ClockP_tickPeriod               
20200c08  HwiP_swiPIntNum                 
20200c0c  _lock                           
20200c10  _unlock                         
20207e00  __stack                         
20208000  __STACK_END                     
ffffffff  __TI_pprof_out_hndl             
ffffffff  __TI_prof_data_size             
ffffffff  __TI_prof_data_start            
ffffffff  __binit__                       
ffffffff  binit                           
UNDEFED   __mpu_init                      
UNDEFED   _system_post_cinit              

[160 symbols]
