******************************************************************************
            TI ARM Clang Linker PC v2.1.3                      
******************************************************************************
>> Linked Tue Mar 19 11:23:41 2024

OUTPUT FILE NAME:   <dac12_dma_sampletimegen_LP_MSPM0G3507_nortos_ticlang.out>
ENTRY POINT SYMBOL: "_c_int00_noargs"  address: 00000529


MEMORY CONFIGURATION

         name            origin    length      used     unused   attr    fill
----------------------  --------  ---------  --------  --------  ----  --------
  FLASH                 00000000   00020000  000006c8  0001f938  R  X
  SRAM                  20200000   00008000  00000202  00007dfe  RW X
  BCR_CONFIG            41c00000   00000080  00000000  00000080  R   
  BSL_CONFIG            41c00100   00000080  00000000  00000080  R   


SEGMENT ALLOCATION MAP

run origin  load origin   length   init length attrs members
----------  ----------- ---------- ----------- ----- -------
00000000    00000000    000006c8   000006c8    r-x
  00000000    00000000    000000c0   000000c0    r-- .intvecs
  000000c0    000000c0    00000540   00000540    r-x .text
  00000600    00000600    000000b0   000000b0    r-- .rodata
  000006b0    000006b0    00000018   00000018    r-- .cinit
20200000    20200000    00000002   00000000    rw-
  20200000    20200000    00000002   00000000    rw- .bss
20207e00    20207e00    00000200   00000000    rw-
  20207e00    20207e00    00000200   00000000    rw- .stack


SECTION ALLOCATION MAP

 output                                  attributes/
section   page    origin      length       input sections
--------  ----  ----------  ----------   ----------------
.intvecs   0    00000000    000000c0     
                  00000000    000000c0     startup_mspm0g350x_ticlang.o (.intvecs)

.text      0    000000c0    00000540     
                  000000c0    00000080     ti_msp_dl_config.o (.text.SYSCFG_DL_UART_0_init)
                  00000140    00000078     driverlib.a : dl_dac12.o (.text.DL_DAC12_init)
                  000001b8    00000060     dac12_dma_sampletimegen.o (.text.main)
                  00000218    00000054     driverlib.a : dl_dma.o (.text.DL_DMA_configTransfer)
                  0000026c    0000004c                 : dl_uart.o (.text.DL_UART_init)
                  000002b8    00000046                 : dl_dma.o (.text.DL_DMA_initChannel)
                  000002fe    00000002     startup_mspm0g350x_ticlang.o (.text.Default_Handler)
                  00000300    00000040     ti_msp_dl_config.o (.text.SYSCFG_DL_SYSCTL_init)
                  00000340    00000040     ti_msp_dl_config.o (.text.SYSCFG_DL_initPower)
                  00000380    0000003c     libc.a : autoinit.c.obj (.text:__TI_auto_init_nobinit_nopinit)
                  000003bc    00000038     driverlib.a : dl_dma.o (.text.DL_DMA_setTrigger)
                  000003f4    00000034     ti_msp_dl_config.o (.text.SYSCFG_DL_DAC12_init)
                  00000428    00000030     driverlib.a : dl_dac12.o (.text.DL_DAC12_configDataFormat)
                  00000458    00000030     ti_msp_dl_config.o (.text.SYSCFG_DL_DMA_CH0_init)
                  00000488    00000028     dac12_dma_sampletimegen.o (.text.DAC0_IRQHandler)
                  000004b0    00000028     driverlib.a : dl_dac12.o (.text.DL_Common_updateReg)
                  000004d8    00000028                 : dl_dma.o (.text.DL_Common_updateReg)
                  00000500    00000028                 : dl_uart.o (.text.DL_Common_updateReg)
                  00000528    00000028     libc.a : boot_cortex_m.c.obj (.text:_c_int00_noargs)
                  00000550    00000024     driverlib.a : dl_uart.o (.text.DL_UART_setClockConfig)
                  00000574    0000001c     ti_msp_dl_config.o (.text.SYSCFG_DL_GPIO_init)
                  00000590    0000001c     ti_msp_dl_config.o (.text.SYSCFG_DL_init)
                  000005ac    00000016     driverlib.a : dl_uart.o (.text.DL_UART_disable)
                  000005c2    00000014     libc.a : copy_zero_init.c.obj (.text:decompress:ZI:__TI_zero_init_nomemset)
                  000005d6    00000010     driverlib.a : dl_common.o (.text.DL_Common_delayCycles)
                  000005e6    00000008     ti_msp_dl_config.o (.text.SYSCFG_DL_DMA_init)
                  000005ee    00000004     startup_mspm0g350x_ticlang.o (.text.Reset_Handler)
                  000005f2    00000004     libc.a : pre_init.c.obj (.text._system_pre_init)
                  000005f6    00000004            : exit.c.obj (.text:abort)
                  000005fa    00000006     --HOLE-- [fill = 0]

.cinit     0    000006b0    00000018     
                  000006b0    00000008     (.cinit..bss.load) [load image, compression = zero_init]
                  000006b8    00000004     (__TI_handler_table)
                  000006bc    00000008     (__TI_cinit_table)
                  000006c4    00000004     --HOLE-- [fill = 0]

.rodata    0    00000600    000000b0     
                  00000600    00000066     dac12_dma_sampletimegen.o (.rodata.gOutputSignalSine8k)
                  00000666    00000002     ti_msp_dl_config.o (.rodata.gUART_0ClockConfig)
                  00000668    00000020     ti_msp_dl_config.o (.rodata.gDAC12Config)
                  00000688    00000018     ti_msp_dl_config.o (.rodata.gDMA_CH0Config)
                  000006a0    0000000a     ti_msp_dl_config.o (.rodata.gUART_0Config)
                  000006aa    00000006     --HOLE-- [fill = 0]

.init_array 
*          0    00000000    00000000     UNINITIALIZED

.binit     0    00000000    00000000     

.bss       0    20200000    00000002     UNINITIALIZED
                  20200000    00000001     (.common:gCheckCTS)
                  20200001    00000001     (.common:gCheckDAC)

.stack     0    20207e00    00000200     UNINITIALIZED
                  20207e00    00000004     libc.a : boot_cortex_m.c.obj (.stack)
                  20207e04    000001fc     --HOLE--

__llvm_prf_cnts 
*          0    20200000    00000000     UNINITIALIZED

__llvm_prf_bits 
*          0    20200000    00000000     UNINITIALIZED

MODULE SUMMARY

       Module                         code   ro data   rw data
       ------                         ----   -------   -------
    .\
       dac12_dma_sampletimegen.o      136    102       2      
       startup_mspm0g350x_ticlang.o   6      192       0      
    +--+------------------------------+------+---------+---------+
       Total:                         142    294       2      
                                                              
    .\syscfg\
       ti_msp_dl_config.o             420    68        0      
    +--+------------------------------+------+---------+---------+
       Total:                         420    68        0      
                                                              
    C:/ti/mspm0_sdk_1_20_01_06/source/ti/driverlib/lib/ticlang/m0p/mspm0g1x0x_g3x0x/driverlib.a
       dl_dma.o                       250    0         0      
       dl_dac12.o                     208    0         0      
       dl_uart.o                      174    0         0      
       dl_common.o                    16     0         0      
    +--+------------------------------+------+---------+---------+
       Total:                         648    0         0      
                                                              
    C:\ti\ccstheia110\ccs\tools\compiler\ti-cgt-armllvm_2.1.3.LTS\lib\armv6m-ti-none-eabi/c/libc.a
       autoinit.c.obj                 60     0         0      
       boot_cortex_m.c.obj            40     0         0      
       copy_zero_init.c.obj           20     0         0      
       exit.c.obj                     4      0         0      
       pre_init.c.obj                 4      0         0      
    +--+------------------------------+------+---------+---------+
       Total:                         128    0         0      
                                                              
       Stack:                         0      0         512    
       Linker Generated:              0      20        0      
    +--+------------------------------+------+---------+---------+
       Grand Total:                   1338   382       514    


LINKER GENERATED COPY TABLES

__TI_cinit_table @ 000006bc records: 1, size/record: 8, table size: 8
	.bss: load addr=000006b0, load size=00000008 bytes, run addr=20200000, run size=00000002 bytes, compression=zero_init


LINKER GENERATED HANDLER TABLE

__TI_handler_table @ 000006b8 records: 1, size/record: 4, table size: 4
	index: 0, handler: __TI_zero_init


GLOBAL SYMBOLS: SORTED ALPHABETICALLY BY Name 

address   name                          
-------   ----                          
000002ff  ADC0_IRQHandler               
000002ff  ADC1_IRQHandler               
000002ff  AES_IRQHandler                
000005f6  C$$EXIT                       
000002ff  CANFD0_IRQHandler             
00000489  DAC0_IRQHandler               
000005d7  DL_Common_delayCycles         
00000141  DL_DAC12_init                 
000002b9  DL_DMA_initChannel            
0000026d  DL_UART_init                  
00000551  DL_UART_setClockConfig        
000002ff  DMA_IRQHandler                
000002ff  Default_Handler               
000002ff  GROUP0_IRQHandler             
000002ff  GROUP1_IRQHandler             
000002ff  HardFault_Handler             
000002ff  I2C0_IRQHandler               
000002ff  I2C1_IRQHandler               
000002ff  NMI_Handler                   
000002ff  PendSV_Handler                
000002ff  RTC_IRQHandler                
000005ef  Reset_Handler                 
000002ff  SPI0_IRQHandler               
000002ff  SPI1_IRQHandler               
000002ff  SVC_Handler                   
000003f5  SYSCFG_DL_DAC12_init          
00000459  SYSCFG_DL_DMA_CH0_init        
000005e7  SYSCFG_DL_DMA_init            
00000575  SYSCFG_DL_GPIO_init           
00000301  SYSCFG_DL_SYSCTL_init         
000000c1  SYSCFG_DL_UART_0_init         
00000591  SYSCFG_DL_init                
00000341  SYSCFG_DL_initPower           
000002ff  SysTick_Handler               
000002ff  TIMA0_IRQHandler              
000002ff  TIMA1_IRQHandler              
000002ff  TIMG0_IRQHandler              
000002ff  TIMG12_IRQHandler             
000002ff  TIMG6_IRQHandler              
000002ff  TIMG7_IRQHandler              
000002ff  TIMG8_IRQHandler              
000002ff  UART0_IRQHandler              
000002ff  UART1_IRQHandler              
000002ff  UART2_IRQHandler              
000002ff  UART3_IRQHandler              
20208000  __STACK_END                   
00000200  __STACK_SIZE                  
000006bc  __TI_CINIT_Base               
000006c4  __TI_CINIT_Limit              
000006c4  __TI_CINIT_Warm               
000006b8  __TI_Handler_Table_Base       
000006bc  __TI_Handler_Table_Limit      
00000381  __TI_auto_init_nobinit_nopinit
ffffffff  __TI_pprof_out_hndl           
ffffffff  __TI_prof_data_size           
ffffffff  __TI_prof_data_start          
00000000  __TI_static_base__            
000005c3  __TI_zero_init_nomemset       
ffffffff  __binit__                     
UNDEFED   __mpu_init                    
20207e00  __stack                       
20200000  __start___llvm_prf_bits       
20200000  __start___llvm_prf_cnts       
20200000  __stop___llvm_prf_bits        
20200000  __stop___llvm_prf_cnts        
00000529  _c_int00_noargs               
UNDEFED   _system_post_cinit            
000005f3  _system_pre_init              
000005f7  abort                         
ffffffff  binit                         
20200000  gCheckCTS                     
20200001  gCheckDAC                     
00000600  gOutputSignalSine8k           
00000000  interruptVectors              
000001b9  main                          


GLOBAL SYMBOLS: SORTED BY Symbol Address 

address   name                          
-------   ----                          
00000000  __TI_static_base__            
00000000  interruptVectors              
000000c1  SYSCFG_DL_UART_0_init         
00000141  DL_DAC12_init                 
000001b9  main                          
00000200  __STACK_SIZE                  
0000026d  DL_UART_init                  
000002b9  DL_DMA_initChannel            
000002ff  ADC0_IRQHandler               
000002ff  ADC1_IRQHandler               
000002ff  AES_IRQHandler                
000002ff  CANFD0_IRQHandler             
000002ff  DMA_IRQHandler                
000002ff  Default_Handler               
000002ff  GROUP0_IRQHandler             
000002ff  GROUP1_IRQHandler             
000002ff  HardFault_Handler             
000002ff  I2C0_IRQHandler               
000002ff  I2C1_IRQHandler               
000002ff  NMI_Handler                   
000002ff  PendSV_Handler                
000002ff  RTC_IRQHandler                
000002ff  SPI0_IRQHandler               
000002ff  SPI1_IRQHandler               
000002ff  SVC_Handler                   
000002ff  SysTick_Handler               
000002ff  TIMA0_IRQHandler              
000002ff  TIMA1_IRQHandler              
000002ff  TIMG0_IRQHandler              
000002ff  TIMG12_IRQHandler             
000002ff  TIMG6_IRQHandler              
000002ff  TIMG7_IRQHandler              
000002ff  TIMG8_IRQHandler              
000002ff  UART0_IRQHandler              
000002ff  UART1_IRQHandler              
000002ff  UART2_IRQHandler              
000002ff  UART3_IRQHandler              
00000301  SYSCFG_DL_SYSCTL_init         
00000341  SYSCFG_DL_initPower           
00000381  __TI_auto_init_nobinit_nopinit
000003f5  SYSCFG_DL_DAC12_init          
00000459  SYSCFG_DL_DMA_CH0_init        
00000489  DAC0_IRQHandler               
00000529  _c_int00_noargs               
00000551  DL_UART_setClockConfig        
00000575  SYSCFG_DL_GPIO_init           
00000591  SYSCFG_DL_init                
000005c3  __TI_zero_init_nomemset       
000005d7  DL_Common_delayCycles         
000005e7  SYSCFG_DL_DMA_init            
000005ef  Reset_Handler                 
000005f3  _system_pre_init              
000005f6  C$$EXIT                       
000005f7  abort                         
00000600  gOutputSignalSine8k           
000006b8  __TI_Handler_Table_Base       
000006bc  __TI_CINIT_Base               
000006bc  __TI_Handler_Table_Limit      
000006c4  __TI_CINIT_Limit              
000006c4  __TI_CINIT_Warm               
20200000  __start___llvm_prf_bits       
20200000  __start___llvm_prf_cnts       
20200000  __stop___llvm_prf_bits        
20200000  __stop___llvm_prf_cnts        
20200000  gCheckCTS                     
20200001  gCheckDAC                     
20207e00  __stack                       
20208000  __STACK_END                   
ffffffff  __TI_pprof_out_hndl           
ffffffff  __TI_prof_data_size           
ffffffff  __TI_prof_data_start          
ffffffff  __binit__                     
ffffffff  binit                         
UNDEFED   __mpu_init                    
UNDEFED   _system_post_cinit            

[75 symbols]
